Component: ARM Compiler 5.06 update 6 (build 750) Tool: armlink [4d35ed]

==============================================================================

Section Cross References

    blinky.o(.text) refers to rt_cmsis.o(i.osThreadCreate) for osThreadCreate
    blinky.o(.text) refers to led_frdm-kl25z.o(.text) for LED_GetCount
    blinky.o(.text) refers to rt_cmsis.o(i.osSignalWait) for osSignalWait
    blinky.o(.text) refers to rt_cmsis.o(i.osThreadYield) for osThreadYield
    blinky.o(.text) refers to rt_cmsis.o(i.osKernelInitialize) for osKernelInitialize
    blinky.o(.text) refers to system_mkl25z4.o(.text) for SystemCoreClockUpdate
    blinky.o(.text) refers to rt_cmsis.o(i.osKernelStart) for osKernelStart
    blinky.o(.text) refers to rt_cmsis.o(i.osDelay) for osDelay
    blinky.o(.text) refers to rt_cmsis.o(i.osSignalSet) for osSignalSet
    blinky.o(.text) refers to blinky.o(.constdata) for os_thread_def_Thread_LED
    blinky.o(.text) refers to blinky.o(.data) for tid_Thread_LED
    blinky.o(.constdata) refers to blinky.o(.text) for Thread_LED
    led_frdm-kl25z.o(.text) refers to led_frdm-kl25z.o(.constdata) for led_port
    rtx_conf_cm.o(.ARM.Collect$$$$000000FF) refers to rt_cmsis.o(i.osKernelInitialize) for osKernelInitialize
    rtx_conf_cm.o(.ARM.Collect$$$$000000FF) refers to rt_cmsis.o(i.osThreadCreate) for osThreadCreate
    rtx_conf_cm.o(.ARM.Collect$$$$000000FF) refers to rt_cmsis.o(i.osKernelStart) for osKernelStart
    rtx_conf_cm.o(.ARM.Collect$$$$000000FF) refers to rtx_conf_cm.o(.constdata) for .constdata
    rtx_conf_cm.o(.constdata) refers to rt_cmsis.o(i.osTimerThread) for osTimerThread
    rtx_conf_cm.o(.constdata) refers to rtx_conf_cm.o(.bss) for os_messageQ_q_osTimerMessageQ
    rtx_conf_cm.o(.constdata) refers to blinky.o(.text) for main
    startup_mkl25z4.o(RESET) refers to startup_mkl25z4.o(STACK) for __initial_sp
    startup_mkl25z4.o(RESET) refers to startup_mkl25z4.o(.text) for Reset_Handler
    startup_mkl25z4.o(RESET) refers to hal_cm0.o(.emb_text) for SVC_Handler
    startup_mkl25z4.o(.text) refers to system_mkl25z4.o(.text) for SystemInit
    startup_mkl25z4.o(.text) refers to entry.o(.ARM.Collect$$$$00000000) for __main
    system_mkl25z4.o(.text) refers to uidiv.o(.text) for __aeabi_uidivmod
    system_mkl25z4.o(.text) refers to system_mkl25z4.o(i.__ARM_common_switch8) for __ARM_common_switch8
    system_mkl25z4.o(.text) refers to system_mkl25z4.o(.data) for SystemCoreClock
    rt_cmsis.o(i.isrMessageGet) refers to rt_mailbox.o(i.isr_mbx_receive) for isr_mbx_receive
    rt_cmsis.o(i.isrMessagePut) refers to rt_mailbox.o(i.rt_mbx_check) for rt_mbx_check
    rt_cmsis.o(i.isrMessagePut) refers to rt_mailbox.o(i.isr_mbx_send) for isr_mbx_send
    rt_cmsis.o(i.isrSemaphoreRelease) refers to rt_cmsis.o(i.rt_id2obj) for rt_id2obj
    rt_cmsis.o(i.isrSemaphoreRelease) refers to rt_semaphore.o(i.isr_sem_send) for isr_sem_send
    rt_cmsis.o(i.isrSignalSet) refers to rt_cmsis.o(i.rt_tid2ptcb) for rt_tid2ptcb
    rt_cmsis.o(i.isrSignalSet) refers to rt_event.o(i.isr_evt_set) for isr_evt_set
    rt_cmsis.o(i.osDelay) refers to rt_cmsis.o(i.svcDelay) for svcDelay
    rt_cmsis.o(i.osKernelInitialize) refers to rt_cmsis.o(i.svcKernelInitialize) for svcKernelInitialize
    rt_cmsis.o(i.osKernelRunning) refers to rt_cmsis.o(i.svcKernelRunning) for svcKernelRunning
    rt_cmsis.o(i.osKernelRunning) refers to rt_cmsis.o(.data) for .data
    rt_cmsis.o(i.osKernelStart) refers to rtx_conf_cm.o(.constdata) for os_flags
    rt_cmsis.o(i.osKernelStart) refers to rt_cmsis.o(i.svcKernelStart) for svcKernelStart
    rt_cmsis.o(i.osKernelSysTick) refers to rt_cmsis.o(i.svcKernelSysTick) for svcKernelSysTick
    rt_cmsis.o(i.osMailAlloc) refers to rt_cmsis.o(i.sysMailAlloc) for sysMailAlloc
    rt_cmsis.o(i.osMailCAlloc) refers to rt_cmsis.o(i.sysMailAlloc) for sysMailAlloc
    rt_cmsis.o(i.osMailCAlloc) refers to rt_cmsis.o(i.rt_clr_box) for rt_clr_box
    rt_cmsis.o(i.osMailCreate) refers to rt_cmsis.o(i.svcMailCreate) for svcMailCreate
    rt_cmsis.o(i.osMailCreate) refers to rt_cmsis.o(.data) for .data
    rt_cmsis.o(i.osMailFree) refers to rt_cmsis.o(i.sysMailFree) for sysMailFree
    rt_cmsis.o(i.osMailGet) refers to rt_cmsis.o(i.osMessageGet) for osMessageGet
    rt_cmsis.o(i.osMailPut) refers to rt_cmsis.o(i.osMessagePut) for osMessagePut
    rt_cmsis.o(i.osMessageCreate) refers to rt_cmsis.o(i.svcMessageCreate) for svcMessageCreate
    rt_cmsis.o(i.osMessageCreate) refers to rt_cmsis.o(.data) for .data
    rt_cmsis.o(i.osMessageGet) refers to rt_cmsis.o(i.isrMessageGet) for isrMessageGet
    rt_cmsis.o(i.osMessageGet) refers to rt_cmsis.o(i.svcMessageGet) for svcMessageGet
    rt_cmsis.o(i.osMessagePut) refers to rt_cmsis.o(i.isrMessagePut) for isrMessagePut
    rt_cmsis.o(i.osMessagePut) refers to rt_cmsis.o(i.svcMessagePut) for svcMessagePut
    rt_cmsis.o(i.osMutexCreate) refers to rt_cmsis.o(i.svcMutexCreate) for svcMutexCreate
    rt_cmsis.o(i.osMutexCreate) refers to rt_cmsis.o(.data) for .data
    rt_cmsis.o(i.osMutexDelete) refers to rt_cmsis.o(i.svcMutexDelete) for svcMutexDelete
    rt_cmsis.o(i.osMutexRelease) refers to rt_cmsis.o(i.svcMutexRelease) for svcMutexRelease
    rt_cmsis.o(i.osMutexWait) refers to rt_cmsis.o(i.svcMutexWait) for svcMutexWait
    rt_cmsis.o(i.osPoolAlloc) refers to rt_cmsis.o(i.sysPoolAlloc) for sysPoolAlloc
    rt_cmsis.o(i.osPoolCAlloc) refers to rt_cmsis.o(i.rt_clr_box) for rt_clr_box
    rt_cmsis.o(i.osPoolCAlloc) refers to rt_cmsis.o(i.sysPoolAlloc) for sysPoolAlloc
    rt_cmsis.o(i.osPoolCreate) refers to rt_cmsis.o(i.svcPoolCreate) for svcPoolCreate
    rt_cmsis.o(i.osPoolCreate) refers to rt_cmsis.o(.data) for .data
    rt_cmsis.o(i.osPoolFree) refers to rt_cmsis.o(i.sysPoolFree) for sysPoolFree
    rt_cmsis.o(i.osSemaphoreCreate) refers to rt_cmsis.o(i.svcSemaphoreCreate) for svcSemaphoreCreate
    rt_cmsis.o(i.osSemaphoreCreate) refers to rt_cmsis.o(.data) for .data
    rt_cmsis.o(i.osSemaphoreDelete) refers to rt_cmsis.o(i.svcSemaphoreDelete) for svcSemaphoreDelete
    rt_cmsis.o(i.osSemaphoreRelease) refers to rt_cmsis.o(i.isrSemaphoreRelease) for isrSemaphoreRelease
    rt_cmsis.o(i.osSemaphoreRelease) refers to rt_cmsis.o(i.svcSemaphoreRelease) for svcSemaphoreRelease
    rt_cmsis.o(i.osSemaphoreWait) refers to rt_cmsis.o(i.svcSemaphoreWait) for svcSemaphoreWait
    rt_cmsis.o(i.osSignalClear) refers to rt_cmsis.o(i.svcSignalClear) for svcSignalClear
    rt_cmsis.o(i.osSignalSet) refers to rt_cmsis.o(i.isrSignalSet) for isrSignalSet
    rt_cmsis.o(i.osSignalSet) refers to rt_cmsis.o(i.svcSignalSet) for svcSignalSet
    rt_cmsis.o(i.osSignalWait) refers to rt_cmsis.o(i.svcSignalWait) for svcSignalWait
    rt_cmsis.o(i.osThreadCreate) refers to rt_cmsis.o(i.svcThreadCreate) for svcThreadCreate
    rt_cmsis.o(i.osThreadCreate) refers to rt_cmsis.o(.data) for .data
    rt_cmsis.o(i.osThreadExit) refers to rt_cmsis.o(i.svcThreadGetId) for svcThreadGetId
    rt_cmsis.o(i.osThreadExit) refers to rt_cmsis.o(i.svcThreadTerminate) for svcThreadTerminate
    rt_cmsis.o(i.osThreadGetId) refers to rt_cmsis.o(i.svcThreadGetId) for svcThreadGetId
    rt_cmsis.o(i.osThreadGetPriority) refers to rt_cmsis.o(i.svcThreadGetPriority) for svcThreadGetPriority
    rt_cmsis.o(i.osThreadSetPriority) refers to rt_cmsis.o(i.svcThreadSetPriority) for svcThreadSetPriority
    rt_cmsis.o(i.osThreadTerminate) refers to rt_cmsis.o(i.svcThreadTerminate) for svcThreadTerminate
    rt_cmsis.o(i.osThreadYield) refers to rt_cmsis.o(i.svcThreadYield) for svcThreadYield
    rt_cmsis.o(i.osTimerCall) refers to rt_cmsis.o(i.svcTimerCall) for svcTimerCall
    rt_cmsis.o(i.osTimerCreate) refers to rt_cmsis.o(i.svcTimerCreate) for svcTimerCreate
    rt_cmsis.o(i.osTimerCreate) refers to rt_cmsis.o(.data) for .data
    rt_cmsis.o(i.osTimerDelete) refers to rt_cmsis.o(i.svcTimerDelete) for svcTimerDelete
    rt_cmsis.o(i.osTimerStart) refers to rt_cmsis.o(i.svcTimerStart) for svcTimerStart
    rt_cmsis.o(i.osTimerStop) refers to rt_cmsis.o(i.svcTimerStop) for svcTimerStop
    rt_cmsis.o(i.osTimerThread) refers to rt_cmsis.o(i.osMessageGet) for osMessageGet
    rt_cmsis.o(i.osTimerThread) refers to rt_cmsis.o(i.osTimerCall) for osTimerCall
    rt_cmsis.o(i.osTimerThread) refers to rtx_conf_cm.o(.data) for osMessageQId_osTimerMessageQ
    rt_cmsis.o(i.os_resume) refers to rt_system.o(i.rt_resume) for rt_resume
    rt_cmsis.o(i.os_suspend) refers to rt_system.o(i.rt_suspend) for rt_suspend
    rt_cmsis.o(i.rt_ms2tick) refers to uidiv.o(.text) for __aeabi_uidivmod
    rt_cmsis.o(i.rt_ms2tick) refers to rtx_conf_cm.o(.constdata) for os_clockrate
    rt_cmsis.o(i.rt_timer_insert) refers to rt_cmsis.o(.data) for .data
    rt_cmsis.o(i.rt_timer_remove) refers to rt_cmsis.o(.data) for .data
    rt_cmsis.o(i.svcDelay) refers to rt_cmsis.o(i.rt_ms2tick) for rt_ms2tick
    rt_cmsis.o(i.svcDelay) refers to rt_time.o(i.rt_dly_wait) for rt_dly_wait
    rt_cmsis.o(i.svcKernelInitialize) refers to rt_memory.o(i.rt_init_mem) for rt_init_mem
    rt_cmsis.o(i.svcKernelInitialize) refers to rt_task.o(i.rt_sys_init) for rt_sys_init
    rt_cmsis.o(i.svcKernelInitialize) refers to rt_cmsis.o(i.svcMessageCreate) for svcMessageCreate
    rt_cmsis.o(i.svcKernelInitialize) refers to rt_cmsis.o(i.svcThreadCreate) for svcThreadCreate
    rt_cmsis.o(i.svcKernelInitialize) refers to rt_cmsis.o(.data) for .data
    rt_cmsis.o(i.svcKernelInitialize) refers to rtx_conf_cm.o(.bss) for os_stack_mem
    rt_cmsis.o(i.svcKernelInitialize) refers to rtx_conf_cm.o(.constdata) for os_stack_sz
    rt_cmsis.o(i.svcKernelInitialize) refers to rt_task.o(.data) for os_tsk
    rt_cmsis.o(i.svcKernelInitialize) refers to rtx_conf_cm.o(.data) for osMessageQId_osTimerMessageQ
    rt_cmsis.o(i.svcKernelRunning) refers to rt_cmsis.o(.data) for .data
    rt_cmsis.o(i.svcKernelStart) refers to rt_task.o(i.rt_tsk_prio) for rt_tsk_prio
    rt_cmsis.o(i.svcKernelStart) refers to rt_task.o(i.rt_sys_start) for rt_sys_start
    rt_cmsis.o(i.svcKernelStart) refers to rt_cmsis.o(.data) for .data
    rt_cmsis.o(i.svcKernelStart) refers to rt_task.o(.data) for os_tsk
    rt_cmsis.o(i.svcKernelSysTick) refers to rt_system.o(i.os_tick_val) for os_tick_val
    rt_cmsis.o(i.svcKernelSysTick) refers to rt_system.o(i.os_tick_ovf) for os_tick_ovf
    rt_cmsis.o(i.svcKernelSysTick) refers to rtx_conf_cm.o(.constdata) for os_trv
    rt_cmsis.o(i.svcKernelSysTick) refers to rt_time.o(.data) for os_time
    rt_cmsis.o(i.svcMailCreate) refers to rt_membox.o(i._init_box) for _init_box
    rt_cmsis.o(i.svcMailCreate) refers to rt_mailbox.o(i.rt_mbx_init) for rt_mbx_init
    rt_cmsis.o(i.svcMessageCreate) refers to rt_mailbox.o(i.rt_mbx_init) for rt_mbx_init
    rt_cmsis.o(i.svcMessageGet) refers to rt_cmsis.o(i.rt_ms2tick) for rt_ms2tick
    rt_cmsis.o(i.svcMessageGet) refers to rt_mailbox.o(i.rt_mbx_wait) for rt_mbx_wait
    rt_cmsis.o(i.svcMessagePut) refers to rt_cmsis.o(i.rt_ms2tick) for rt_ms2tick
    rt_cmsis.o(i.svcMessagePut) refers to rt_mailbox.o(i.rt_mbx_send) for rt_mbx_send
    rt_cmsis.o(i.svcMutexCreate) refers to rt_mutex.o(i.rt_mut_init) for rt_mut_init
    rt_cmsis.o(i.svcMutexDelete) refers to rt_cmsis.o(i.rt_id2obj) for rt_id2obj
    rt_cmsis.o(i.svcMutexDelete) refers to rt_mutex.o(i.rt_mut_delete) for rt_mut_delete
    rt_cmsis.o(i.svcMutexRelease) refers to rt_cmsis.o(i.rt_id2obj) for rt_id2obj
    rt_cmsis.o(i.svcMutexRelease) refers to rt_mutex.o(i.rt_mut_release) for rt_mut_release
    rt_cmsis.o(i.svcMutexWait) refers to rt_cmsis.o(i.rt_id2obj) for rt_id2obj
    rt_cmsis.o(i.svcMutexWait) refers to rt_cmsis.o(i.rt_ms2tick) for rt_ms2tick
    rt_cmsis.o(i.svcMutexWait) refers to rt_mutex.o(i.rt_mut_wait) for rt_mut_wait
    rt_cmsis.o(i.svcPoolCreate) refers to rt_membox.o(i._init_box) for _init_box
    rt_cmsis.o(i.svcSemaphoreCreate) refers to rt_semaphore.o(i.rt_sem_init) for rt_sem_init
    rt_cmsis.o(i.svcSemaphoreDelete) refers to rt_cmsis.o(i.rt_id2obj) for rt_id2obj
    rt_cmsis.o(i.svcSemaphoreDelete) refers to rt_semaphore.o(i.rt_sem_delete) for rt_sem_delete
    rt_cmsis.o(i.svcSemaphoreRelease) refers to rt_cmsis.o(i.rt_id2obj) for rt_id2obj
    rt_cmsis.o(i.svcSemaphoreRelease) refers to rt_semaphore.o(i.rt_sem_send) for rt_sem_send
    rt_cmsis.o(i.svcSemaphoreWait) refers to rt_cmsis.o(i.rt_id2obj) for rt_id2obj
    rt_cmsis.o(i.svcSemaphoreWait) refers to rt_cmsis.o(i.rt_ms2tick) for rt_ms2tick
    rt_cmsis.o(i.svcSemaphoreWait) refers to rt_semaphore.o(i.rt_sem_wait) for rt_sem_wait
    rt_cmsis.o(i.svcSignalClear) refers to rt_cmsis.o(i.rt_tid2ptcb) for rt_tid2ptcb
    rt_cmsis.o(i.svcSignalClear) refers to rt_event.o(i.rt_evt_clr) for rt_evt_clr
    rt_cmsis.o(i.svcSignalSet) refers to rt_cmsis.o(i.rt_tid2ptcb) for rt_tid2ptcb
    rt_cmsis.o(i.svcSignalSet) refers to rt_event.o(i.rt_evt_set) for rt_evt_set
    rt_cmsis.o(i.svcSignalWait) refers to rt_cmsis.o(i.rt_ms2tick) for rt_ms2tick
    rt_cmsis.o(i.svcSignalWait) refers to rt_event.o(i.rt_evt_wait) for rt_evt_wait
    rt_cmsis.o(i.svcSignalWait) refers to rt_task.o(.data) for os_tsk
    rt_cmsis.o(i.svcThreadCreate) refers to rt_memory.o(i.rt_alloc_mem) for rt_alloc_mem
    rt_cmsis.o(i.svcThreadCreate) refers to rt_task.o(i.rt_tsk_create) for rt_tsk_create
    rt_cmsis.o(i.svcThreadCreate) refers to rt_memory.o(i.rt_free_mem) for rt_free_mem
    rt_cmsis.o(i.svcThreadCreate) refers to rtx_conf_cm.o(.bss) for os_stack_mem
    rt_cmsis.o(i.svcThreadCreate) refers to rt_cmsis.o(i.osThreadExit) for osThreadExit
    rt_cmsis.o(i.svcThreadGetId) refers to rt_task.o(i.rt_tsk_self) for rt_tsk_self
    rt_cmsis.o(i.svcThreadGetId) refers to rtx_conf_cm.o(.bss) for os_active_TCB
    rt_cmsis.o(i.svcThreadGetPriority) refers to rt_cmsis.o(i.rt_tid2ptcb) for rt_tid2ptcb
    rt_cmsis.o(i.svcThreadSetPriority) refers to rt_cmsis.o(i.rt_tid2ptcb) for rt_tid2ptcb
    rt_cmsis.o(i.svcThreadSetPriority) refers to rt_task.o(i.rt_tsk_prio) for rt_tsk_prio
    rt_cmsis.o(i.svcThreadTerminate) refers to rt_cmsis.o(i.rt_tid2ptcb) for rt_tid2ptcb
    rt_cmsis.o(i.svcThreadTerminate) refers to rt_task.o(i.rt_tsk_delete) for rt_tsk_delete
    rt_cmsis.o(i.svcThreadTerminate) refers to rt_memory.o(i.rt_free_mem) for rt_free_mem
    rt_cmsis.o(i.svcThreadTerminate) refers to rtx_conf_cm.o(.bss) for os_stack_mem
    rt_cmsis.o(i.svcThreadYield) refers to rt_task.o(i.rt_tsk_pass) for rt_tsk_pass
    rt_cmsis.o(i.svcTimerCall) refers to rt_cmsis.o(i.rt_id2obj) for rt_id2obj
    rt_cmsis.o(i.svcTimerCreate) refers to rtx_conf_cm.o(.data) for osThreadId_osTimerThread
    rt_cmsis.o(i.svcTimerDelete) refers to rt_cmsis.o(i.rt_id2obj) for rt_id2obj
    rt_cmsis.o(i.svcTimerDelete) refers to rt_cmsis.o(i.rt_timer_remove) for rt_timer_remove
    rt_cmsis.o(i.svcTimerStart) refers to rt_cmsis.o(i.rt_id2obj) for rt_id2obj
    rt_cmsis.o(i.svcTimerStart) refers to rt_cmsis.o(i.__ARM_common_ll_muluu) for __ARM_common_ll_muluu
    rt_cmsis.o(i.svcTimerStart) refers to uldiv.o(.text) for __aeabi_uldivmod
    rt_cmsis.o(i.svcTimerStart) refers to rt_cmsis.o(i.rt_timer_remove) for rt_timer_remove
    rt_cmsis.o(i.svcTimerStart) refers to rt_cmsis.o(i.rt_timer_insert) for rt_timer_insert
    rt_cmsis.o(i.svcTimerStart) refers to rtx_conf_cm.o(.constdata) for os_clockrate
    rt_cmsis.o(i.svcTimerStop) refers to rt_cmsis.o(i.rt_id2obj) for rt_id2obj
    rt_cmsis.o(i.svcTimerStop) refers to rt_cmsis.o(i.rt_timer_remove) for rt_timer_remove
    rt_cmsis.o(i.sysMailAlloc) refers to rt_membox.o(i.rt_alloc_box) for rt_alloc_box
    rt_cmsis.o(i.sysMailAlloc) refers to rt_list.o(i.rt_put_prio) for rt_put_prio
    rt_cmsis.o(i.sysMailAlloc) refers to rt_cmsis.o(i.rt_ms2tick) for rt_ms2tick
    rt_cmsis.o(i.sysMailAlloc) refers to rt_task.o(i.rt_block) for rt_block
    rt_cmsis.o(i.sysMailAlloc) refers to rt_task.o(.data) for os_tsk
    rt_cmsis.o(i.sysMailFree) refers to rt_membox.o(i.rt_free_box) for rt_free_box
    rt_cmsis.o(i.sysMailFree) refers to rt_list.o(i.rt_psq_enq) for rt_psq_enq
    rt_cmsis.o(i.sysMailFree) refers to rt_system.o(i.rt_psh_req) for rt_psh_req
    rt_cmsis.o(i.sysMailFree) refers to rt_membox.o(i.rt_alloc_box) for rt_alloc_box
    rt_cmsis.o(i.sysMailFree) refers to rt_list.o(i.rt_get_first) for rt_get_first
    rt_cmsis.o(i.sysMailFree) refers to hal_cm.o(i.rt_ret_val) for rt_ret_val
    rt_cmsis.o(i.sysMailFree) refers to rt_list.o(i.rt_rmv_dly) for rt_rmv_dly
    rt_cmsis.o(i.sysMailFree) refers to rt_task.o(i.rt_dispatch) for rt_dispatch
    rt_cmsis.o(i.sysPoolAlloc) refers to rt_membox.o(i.rt_alloc_box) for rt_alloc_box
    rt_cmsis.o(i.sysPoolFree) refers to rt_membox.o(i.rt_free_box) for rt_free_box
    rt_cmsis.o(i.sysTimerTick) refers to rt_cmsis.o(i.isrMessagePut) for isrMessagePut
    rt_cmsis.o(i.sysTimerTick) refers to rtx_conf_cm.o(.text) for os_error
    rt_cmsis.o(i.sysTimerTick) refers to rt_cmsis.o(i.rt_timer_insert) for rt_timer_insert
    rt_cmsis.o(i.sysTimerTick) refers to rt_cmsis.o(.data) for .data
    rt_cmsis.o(i.sysTimerTick) refers to rtx_conf_cm.o(.data) for osMessageQId_osTimerMessageQ
    rt_cmsis.o(i.sysUserTimerUpdate) refers to rt_cmsis.o(i.sysTimerTick) for sysTimerTick
    rt_cmsis.o(i.sysUserTimerUpdate) refers to rt_cmsis.o(.data) for .data
    rt_cmsis.o(i.sysUserTimerWakeupTime) refers to rt_cmsis.o(.data) for .data
    rt_task.o(i.rt_block) refers to rt_list.o(i.rt_put_dly) for rt_put_dly
    rt_task.o(i.rt_block) refers to rt_list.o(i.rt_get_first) for rt_get_first
    rt_task.o(i.rt_block) refers to rt_task.o(i.rt_switch_req) for rt_switch_req
    rt_task.o(i.rt_block) refers to rt_task.o(.data) for .data
    rt_task.o(i.rt_block) refers to rt_list.o(.bss) for os_rdy
    rt_task.o(i.rt_dispatch) refers to rt_list.o(i.rt_put_rdy_first) for rt_put_rdy_first
    rt_task.o(i.rt_dispatch) refers to rt_task.o(i.rt_switch_req) for rt_switch_req
    rt_task.o(i.rt_dispatch) refers to rt_list.o(i.rt_get_first) for rt_get_first
    rt_task.o(i.rt_dispatch) refers to rt_list.o(i.rt_put_prio) for rt_put_prio
    rt_task.o(i.rt_dispatch) refers to rt_task.o(.data) for .data
    rt_task.o(i.rt_dispatch) refers to rt_list.o(.bss) for os_rdy
    rt_task.o(i.rt_init_context) refers to rt_membox.o(i.rt_alloc_box) for rt_alloc_box
    rt_task.o(i.rt_init_context) refers to hal_cm.o(i.rt_init_stack) for rt_init_stack
    rt_task.o(i.rt_init_context) refers to rtx_conf_cm.o(.bss) for mp_stk
    rt_task.o(i.rt_switch_req) refers to rt_task.o(.data) for .data
    rt_task.o(i.rt_sys_init) refers to rt_membox.o(i._init_box) for _init_box
    rt_task.o(i.rt_sys_init) refers to rt_task.o(i.rt_init_context) for rt_init_context
    rt_task.o(i.rt_sys_init) refers to rt_robin.o(i.rt_init_robin) for rt_init_robin
    rt_task.o(i.rt_sys_init) refers to rtx_conf_cm.o(.bss) for os_active_TCB
    rt_task.o(i.rt_sys_init) refers to rtx_conf_cm.o(.constdata) for os_maxtaskrun
    rt_task.o(i.rt_sys_init) refers to rtx_conf_cm.o(.data) for m_tmr
    rt_task.o(i.rt_sys_init) refers to rt_task.o(.bss) for .bss
    rt_task.o(i.rt_sys_init) refers to rtx_conf_cm.o(.text) for os_idle_demon
    rt_task.o(i.rt_sys_init) refers to rt_list.o(.bss) for os_rdy
    rt_task.o(i.rt_sys_init) refers to rt_task.o(.data) for .data
    rt_task.o(i.rt_sys_start) refers to rt_system.o(i.os_tick_init) for os_tick_init
    rt_task.o(i.rt_sys_start) refers to rt_system.o(.data) for os_tick_irqn
    rt_task.o(i.rt_tsk_create) refers to rt_membox.o(i.rt_alloc_box) for rt_alloc_box
    rt_task.o(i.rt_tsk_create) refers to rt_task.o(i.rt_init_context) for rt_init_context
    rt_task.o(i.rt_tsk_create) refers to rt_task.o(i.rt_dispatch) for rt_dispatch
    rt_task.o(i.rt_tsk_create) refers to rtx_conf_cm.o(.bss) for mp_tcb
    rt_task.o(i.rt_tsk_create) refers to rtx_conf_cm.o(.constdata) for os_maxtaskrun
    rt_task.o(i.rt_tsk_delete) refers to hal_cm0.o(.emb_text) for rt_get_PSP
    rt_task.o(i.rt_tsk_delete) refers to rt_system.o(i.rt_stk_check) for rt_stk_check
    rt_task.o(i.rt_tsk_delete) refers to rt_list.o(i.rt_get_first) for rt_get_first
    rt_task.o(i.rt_tsk_delete) refers to hal_cm.o(i.rt_ret_val) for rt_ret_val
    rt_task.o(i.rt_tsk_delete) refers to rt_list.o(i.rt_rmv_dly) for rt_rmv_dly
    rt_task.o(i.rt_tsk_delete) refers to rt_list.o(i.rt_put_prio) for rt_put_prio
    rt_task.o(i.rt_tsk_delete) refers to rt_membox.o(i.rt_free_box) for rt_free_box
    rt_task.o(i.rt_tsk_delete) refers to rt_list.o(i.rt_rmv_list) for rt_rmv_list
    rt_task.o(i.rt_tsk_delete) refers to rt_task.o(i.rt_dispatch) for rt_dispatch
    rt_task.o(i.rt_tsk_delete) refers to rt_task.o(.data) for .data
    rt_task.o(i.rt_tsk_delete) refers to rt_list.o(.bss) for os_rdy
    rt_task.o(i.rt_tsk_delete) refers to rtx_conf_cm.o(.bss) for os_active_TCB
    rt_task.o(i.rt_tsk_delete) refers to rtx_conf_cm.o(.constdata) for os_maxtaskrun
    rt_task.o(i.rt_tsk_pass) refers to rt_list.o(i.rt_get_same_rdy_prio) for rt_get_same_rdy_prio
    rt_task.o(i.rt_tsk_pass) refers to rt_list.o(i.rt_put_prio) for rt_put_prio
    rt_task.o(i.rt_tsk_pass) refers to rt_task.o(i.rt_switch_req) for rt_switch_req
    rt_task.o(i.rt_tsk_pass) refers to rt_task.o(.data) for .data
    rt_task.o(i.rt_tsk_pass) refers to rt_list.o(.bss) for os_rdy
    rt_task.o(i.rt_tsk_prio) refers to rt_list.o(i.rt_put_prio) for rt_put_prio
    rt_task.o(i.rt_tsk_prio) refers to rt_list.o(i.rt_resort_prio) for rt_resort_prio
    rt_task.o(i.rt_tsk_prio) refers to rt_list.o(i.rt_get_first) for rt_get_first
    rt_task.o(i.rt_tsk_prio) refers to rt_task.o(i.rt_dispatch) for rt_dispatch
    rt_task.o(i.rt_tsk_prio) refers to rt_task.o(.data) for .data
    rt_task.o(i.rt_tsk_prio) refers to rtx_conf_cm.o(.constdata) for os_maxtaskrun
    rt_task.o(i.rt_tsk_prio) refers to rtx_conf_cm.o(.bss) for os_active_TCB
    rt_task.o(i.rt_tsk_prio) refers to rt_list.o(.bss) for os_rdy
    rt_task.o(i.rt_tsk_self) refers to rt_task.o(.data) for .data
    rt_system.o(i.os_tick_init) refers to rtx_conf_cm.o(.constdata) for os_trv
    rt_system.o(i.os_tick_val) refers to rtx_conf_cm.o(.constdata) for os_trv
    rt_system.o(i.rt_pop_req) refers to rt_list.o(i.rt_put_rdy_first) for rt_put_rdy_first
    rt_system.o(i.rt_pop_req) refers to rt_semaphore.o(i.rt_sem_psh) for rt_sem_psh
    rt_system.o(i.rt_pop_req) refers to rt_list.o(i.rt_get_first) for rt_get_first
    rt_system.o(i.rt_pop_req) refers to rt_task.o(i.rt_switch_req) for rt_switch_req
    rt_system.o(i.rt_pop_req) refers to rt_event.o(i.rt_evt_psh) for rt_evt_psh
    rt_system.o(i.rt_pop_req) refers to rt_mailbox.o(i.rt_mbx_psh) for rt_mbx_psh
    rt_system.o(i.rt_pop_req) refers to rt_task.o(.data) for os_tsk
    rt_system.o(i.rt_pop_req) refers to rtx_conf_cm.o(.bss) for os_fifo
    rt_system.o(i.rt_pop_req) refers to rt_list.o(.bss) for os_rdy
    rt_system.o(i.rt_psh_req) refers to rt_system.o(.data) for .data
    rt_system.o(i.rt_resume) refers to rt_list.o(i.rt_put_rdy_first) for rt_put_rdy_first
    rt_system.o(i.rt_resume) refers to rt_list.o(i.rt_dec_dly) for rt_dec_dly
    rt_system.o(i.rt_resume) refers to rt_cmsis.o(i.sysUserTimerUpdate) for sysUserTimerUpdate
    rt_system.o(i.rt_resume) refers to rt_list.o(i.rt_get_first) for rt_get_first
    rt_system.o(i.rt_resume) refers to rt_task.o(i.rt_switch_req) for rt_switch_req
    rt_system.o(i.rt_resume) refers to rt_system.o(i.rt_tsk_unlock) for rt_tsk_unlock
    rt_system.o(i.rt_resume) refers to rt_task.o(.data) for os_tsk
    rt_system.o(i.rt_resume) refers to rt_robin.o(.data) for os_robin
    rt_system.o(i.rt_resume) refers to rt_list.o(.bss) for os_dly
    rt_system.o(i.rt_resume) refers to rt_time.o(.data) for os_time
    rt_system.o(i.rt_stk_check) refers to rtx_conf_cm.o(.text) for os_error
    rt_system.o(i.rt_stk_check) refers to rt_task.o(.data) for os_tsk
    rt_system.o(i.rt_suspend) refers to rt_system.o(i.rt_tsk_lock) for rt_tsk_lock
    rt_system.o(i.rt_suspend) refers to rt_cmsis.o(i.sysUserTimerWakeupTime) for sysUserTimerWakeupTime
    rt_system.o(i.rt_suspend) refers to rt_list.o(.bss) for os_dly
    rt_system.o(i.rt_systick) refers to rt_list.o(i.rt_put_rdy_first) for rt_put_rdy_first
    rt_system.o(i.rt_systick) refers to rt_robin.o(i.rt_chk_robin) for rt_chk_robin
    rt_system.o(i.rt_systick) refers to rt_list.o(i.rt_dec_dly) for rt_dec_dly
    rt_system.o(i.rt_systick) refers to rt_cmsis.o(i.sysTimerTick) for sysTimerTick
    rt_system.o(i.rt_systick) refers to rt_list.o(i.rt_get_first) for rt_get_first
    rt_system.o(i.rt_systick) refers to rt_task.o(i.rt_switch_req) for rt_switch_req
    rt_system.o(i.rt_systick) refers to rt_task.o(.data) for os_tsk
    rt_system.o(i.rt_systick) refers to rt_time.o(.data) for os_time
    rt_system.o(i.rt_systick) refers to rt_list.o(.bss) for os_rdy
    rt_system.o(i.rt_tsk_lock) refers to rt_system.o(.data) for .data
    rt_system.o(i.rt_tsk_unlock) refers to rt_system.o(.data) for .data
    rt_event.o(i.isr_evt_set) refers to rt_list.o(i.rt_psq_enq) for rt_psq_enq
    rt_event.o(i.isr_evt_set) refers to rt_system.o(i.rt_psh_req) for rt_psh_req
    rt_event.o(i.isr_evt_set) refers to rtx_conf_cm.o(.bss) for os_active_TCB
    rt_event.o(i.rt_evt_clr) refers to rtx_conf_cm.o(.bss) for os_active_TCB
    rt_event.o(i.rt_evt_get) refers to rt_task.o(.data) for os_tsk
    rt_event.o(i.rt_evt_psh) refers to rt_list.o(i.rt_rmv_dly) for rt_rmv_dly
    rt_event.o(i.rt_evt_psh) refers to hal_cm.o(i.rt_ret_val2) for rt_ret_val2
    rt_event.o(i.rt_evt_psh) refers to rt_list.o(i.rt_put_prio) for rt_put_prio
    rt_event.o(i.rt_evt_psh) refers to rt_list.o(.bss) for os_rdy
    rt_event.o(i.rt_evt_set) refers to rt_list.o(i.rt_rmv_dly) for rt_rmv_dly
    rt_event.o(i.rt_evt_set) refers to hal_cm.o(i.rt_ret_val2) for rt_ret_val2
    rt_event.o(i.rt_evt_set) refers to rt_task.o(i.rt_dispatch) for rt_dispatch
    rt_event.o(i.rt_evt_set) refers to rtx_conf_cm.o(.bss) for os_active_TCB
    rt_event.o(i.rt_evt_wait) refers to rt_task.o(i.rt_block) for rt_block
    rt_event.o(i.rt_evt_wait) refers to rt_task.o(.data) for os_tsk
    rt_list.o(i.rt_dec_dly) refers to rt_list.o(i.rt_put_prio) for rt_put_prio
    rt_list.o(i.rt_dec_dly) refers to rt_list.o(.bss) for .bss
    rt_list.o(i.rt_dec_dly) refers to rt_time.o(.data) for os_time
    rt_list.o(i.rt_get_same_rdy_prio) refers to rt_list.o(.bss) for .bss
    rt_list.o(i.rt_get_same_rdy_prio) refers to rt_task.o(.data) for os_tsk
    rt_list.o(i.rt_psq_enq) refers to rtx_conf_cm.o(.text) for os_error
    rt_list.o(i.rt_psq_enq) refers to rtx_conf_cm.o(.bss) for os_fifo
    rt_list.o(i.rt_put_dly) refers to rt_list.o(.bss) for .bss
    rt_list.o(i.rt_put_rdy_first) refers to rt_list.o(.bss) for .bss
    rt_list.o(i.rt_resort_prio) refers to rt_list.o(i.rt_rmv_list) for rt_rmv_list
    rt_list.o(i.rt_resort_prio) refers to rt_list.o(i.rt_put_prio) for rt_put_prio
    rt_list.o(i.rt_resort_prio) refers to rt_list.o(.bss) for .bss
    rt_list.o(i.rt_rmv_list) refers to rt_list.o(.bss) for .bss
    rt_mailbox.o(i.isr_mbx_receive) refers to rt_list.o(i.rt_psq_enq) for rt_psq_enq
    rt_mailbox.o(i.isr_mbx_receive) refers to rt_system.o(i.rt_psh_req) for rt_psh_req
    rt_mailbox.o(i.isr_mbx_send) refers to rt_list.o(i.rt_psq_enq) for rt_psq_enq
    rt_mailbox.o(i.isr_mbx_send) refers to rt_system.o(i.rt_psh_req) for rt_psh_req
    rt_mailbox.o(i.rt_mbx_psh) refers to rt_membox.o(i.rt_alloc_box) for rt_alloc_box
    rt_mailbox.o(i.rt_mbx_psh) refers to rt_list.o(i.rt_get_first) for rt_get_first
    rt_mailbox.o(i.rt_mbx_psh) refers to hal_cm.o(i.rt_ret_val) for rt_ret_val
    rt_mailbox.o(i.rt_mbx_psh) refers to rt_list.o(i.rt_rmv_dly) for rt_rmv_dly
    rt_mailbox.o(i.rt_mbx_psh) refers to rt_list.o(i.rt_put_prio) for rt_put_prio
    rt_mailbox.o(i.rt_mbx_psh) refers to hal_cm.o(i.rt_ret_val2) for rt_ret_val2
    rt_mailbox.o(i.rt_mbx_psh) refers to rtx_conf_cm.o(.text) for os_error
    rt_mailbox.o(i.rt_mbx_psh) refers to rt_list.o(.bss) for os_rdy
    rt_mailbox.o(i.rt_mbx_send) refers to rt_list.o(i.rt_put_prio) for rt_put_prio
    rt_mailbox.o(i.rt_mbx_send) refers to rt_list.o(i.rt_get_first) for rt_get_first
    rt_mailbox.o(i.rt_mbx_send) refers to hal_cm.o(i.rt_ret_val2) for rt_ret_val2
    rt_mailbox.o(i.rt_mbx_send) refers to rt_list.o(i.rt_rmv_dly) for rt_rmv_dly
    rt_mailbox.o(i.rt_mbx_send) refers to rt_task.o(i.rt_dispatch) for rt_dispatch
    rt_mailbox.o(i.rt_mbx_send) refers to rt_task.o(i.rt_block) for rt_block
    rt_mailbox.o(i.rt_mbx_send) refers to rt_task.o(.data) for os_tsk
    rt_mailbox.o(i.rt_mbx_wait) refers to rt_list.o(i.rt_get_first) for rt_get_first
    rt_mailbox.o(i.rt_mbx_wait) refers to hal_cm.o(i.rt_ret_val) for rt_ret_val
    rt_mailbox.o(i.rt_mbx_wait) refers to rt_list.o(i.rt_rmv_dly) for rt_rmv_dly
    rt_mailbox.o(i.rt_mbx_wait) refers to rt_task.o(i.rt_dispatch) for rt_dispatch
    rt_mailbox.o(i.rt_mbx_wait) refers to rt_list.o(i.rt_put_prio) for rt_put_prio
    rt_mailbox.o(i.rt_mbx_wait) refers to rt_task.o(i.rt_block) for rt_block
    rt_mailbox.o(i.rt_mbx_wait) refers to rt_task.o(.data) for os_tsk
    rt_semaphore.o(i.isr_sem_send) refers to rt_list.o(i.rt_psq_enq) for rt_psq_enq
    rt_semaphore.o(i.isr_sem_send) refers to rt_system.o(i.rt_psh_req) for rt_psh_req
    rt_semaphore.o(i.rt_sem_delete) refers to rt_list.o(i.rt_get_first) for rt_get_first
    rt_semaphore.o(i.rt_sem_delete) refers to hal_cm.o(i.rt_ret_val) for rt_ret_val
    rt_semaphore.o(i.rt_sem_delete) refers to rt_list.o(i.rt_rmv_dly) for rt_rmv_dly
    rt_semaphore.o(i.rt_sem_delete) refers to rt_list.o(i.rt_put_prio) for rt_put_prio
    rt_semaphore.o(i.rt_sem_delete) refers to rt_task.o(i.rt_dispatch) for rt_dispatch
    rt_semaphore.o(i.rt_sem_delete) refers to rt_list.o(.bss) for os_rdy
    rt_semaphore.o(i.rt_sem_delete) refers to rt_task.o(.data) for os_tsk
    rt_semaphore.o(i.rt_sem_psh) refers to rt_list.o(i.rt_get_first) for rt_get_first
    rt_semaphore.o(i.rt_sem_psh) refers to rt_list.o(i.rt_rmv_dly) for rt_rmv_dly
    rt_semaphore.o(i.rt_sem_psh) refers to hal_cm.o(i.rt_ret_val) for rt_ret_val
    rt_semaphore.o(i.rt_sem_psh) refers to rt_list.o(i.rt_put_prio) for rt_put_prio
    rt_semaphore.o(i.rt_sem_psh) refers to rt_list.o(.bss) for os_rdy
    rt_semaphore.o(i.rt_sem_send) refers to rt_list.o(i.rt_get_first) for rt_get_first
    rt_semaphore.o(i.rt_sem_send) refers to hal_cm.o(i.rt_ret_val) for rt_ret_val
    rt_semaphore.o(i.rt_sem_send) refers to rt_list.o(i.rt_rmv_dly) for rt_rmv_dly
    rt_semaphore.o(i.rt_sem_send) refers to rt_task.o(i.rt_dispatch) for rt_dispatch
    rt_semaphore.o(i.rt_sem_wait) refers to rt_list.o(i.rt_put_prio) for rt_put_prio
    rt_semaphore.o(i.rt_sem_wait) refers to rt_task.o(i.rt_block) for rt_block
    rt_semaphore.o(i.rt_sem_wait) refers to rt_task.o(.data) for os_tsk
    rt_time.o(i.rt_dly_wait) refers to rt_task.o(i.rt_block) for rt_block
    rt_time.o(i.rt_itv_set) refers to rt_task.o(.data) for os_tsk
    rt_time.o(i.rt_itv_set) refers to rt_time.o(.data) for .data
    rt_time.o(i.rt_itv_wait) refers to rt_task.o(i.rt_block) for rt_block
    rt_time.o(i.rt_itv_wait) refers to rt_task.o(.data) for os_tsk
    rt_time.o(i.rt_itv_wait) refers to rt_time.o(.data) for .data
    rt_time.o(i.rt_time_get) refers to rt_time.o(.data) for .data
    rt_mutex.o(i.rt_mut_delete) refers to rt_list.o(i.rt_resort_prio) for rt_resort_prio
    rt_mutex.o(i.rt_mut_delete) refers to rt_list.o(i.rt_get_first) for rt_get_first
    rt_mutex.o(i.rt_mut_delete) refers to hal_cm.o(i.rt_ret_val) for rt_ret_val
    rt_mutex.o(i.rt_mut_delete) refers to rt_list.o(i.rt_rmv_dly) for rt_rmv_dly
    rt_mutex.o(i.rt_mut_delete) refers to rt_list.o(i.rt_put_prio) for rt_put_prio
    rt_mutex.o(i.rt_mut_delete) refers to rt_task.o(i.rt_dispatch) for rt_dispatch
    rt_mutex.o(i.rt_mut_delete) refers to rt_task.o(.data) for os_tsk
    rt_mutex.o(i.rt_mut_delete) refers to rt_list.o(.bss) for os_rdy
    rt_mutex.o(i.rt_mut_release) refers to rt_list.o(i.rt_get_first) for rt_get_first
    rt_mutex.o(i.rt_mut_release) refers to hal_cm.o(i.rt_ret_val) for rt_ret_val
    rt_mutex.o(i.rt_mut_release) refers to rt_list.o(i.rt_rmv_dly) for rt_rmv_dly
    rt_mutex.o(i.rt_mut_release) refers to rt_list.o(i.rt_put_prio) for rt_put_prio
    rt_mutex.o(i.rt_mut_release) refers to rt_task.o(i.rt_dispatch) for rt_dispatch
    rt_mutex.o(i.rt_mut_release) refers to rt_task.o(.data) for os_tsk
    rt_mutex.o(i.rt_mut_release) refers to rt_list.o(.bss) for os_rdy
    rt_mutex.o(i.rt_mut_wait) refers to rt_list.o(i.rt_resort_prio) for rt_resort_prio
    rt_mutex.o(i.rt_mut_wait) refers to rt_list.o(i.rt_put_prio) for rt_put_prio
    rt_mutex.o(i.rt_mut_wait) refers to rt_task.o(i.rt_block) for rt_block
    rt_mutex.o(i.rt_mut_wait) refers to rt_task.o(.data) for os_tsk
    rt_membox.o(i._calloc_box) refers to hal_cm0.o(.emb_text) for _alloc_box
    hal_cm.o(i.rt_init_stack) refers to rtx_conf_cm.o(.constdata) for os_stackinfo
    rt_robin.o(i.rt_chk_robin) refers to rt_list.o(i.rt_get_first) for rt_get_first
    rt_robin.o(i.rt_chk_robin) refers to rt_list.o(i.rt_put_prio) for rt_put_prio
    rt_robin.o(i.rt_chk_robin) refers to rt_robin.o(.data) for .data
    rt_robin.o(i.rt_chk_robin) refers to rt_list.o(.bss) for os_rdy
    rt_robin.o(i.rt_chk_robin) refers to rt_time.o(.data) for os_time
    rt_robin.o(i.rt_init_robin) refers to rt_robin.o(.data) for .data
    rt_robin.o(i.rt_init_robin) refers to rtx_conf_cm.o(.constdata) for os_rrobin
    hal_cm0.o(.emb_text) refers to rtx_conf_cm.o(.constdata) for os_flags
    hal_cm0.o(.emb_text) refers to rt_membox.o(i.rt_alloc_box) for rt_alloc_box
    hal_cm0.o(.emb_text) refers to rt_membox.o(i.rt_free_box) for rt_free_box
    hal_cm0.o(.emb_text) refers to rt_system.o(i.rt_stk_check) for rt_stk_check
    hal_cm0.o(.emb_text) refers to rt_task.o(.data) for os_tsk
    hal_cm0.o(.emb_text) refers to svc_table.o(SVC_TABLE) for SVC_Count
    hal_cm0.o(.emb_text) refers to rt_system.o(i.rt_pop_req) for rt_pop_req
    hal_cm0.o(.emb_text) refers to rt_system.o(i.rt_systick) for rt_systick
    hal_cm0.o(.emb_text) refers to rt_system.o(i.os_tick_irqack) for os_tick_irqack
    entry.o(.ARM.Collect$$$$00000000) refers (Special) to entry10a.o(.ARM.Collect$$$$0000000D) for __rt_final_cpp
    entry.o(.ARM.Collect$$$$00000000) refers (Special) to entry11a.o(.ARM.Collect$$$$0000000F) for __rt_final_exit
    entry.o(.ARM.Collect$$$$00000000) refers (Special) to entry7b.o(.ARM.Collect$$$$00000008) for _main_clock
    entry.o(.ARM.Collect$$$$00000000) refers (Special) to entry8b.o(.ARM.Collect$$$$0000000A) for _main_cpp_init
    entry.o(.ARM.Collect$$$$00000000) refers (Special) to rtx_conf_cm.o(.ARM.Collect$$$$000000FF) for _main_init
    entry.o(.ARM.Collect$$$$00000000) refers (Special) to entry5.o(.ARM.Collect$$$$00000004) for _main_scatterload
    entry.o(.ARM.Collect$$$$00000000) refers (Special) to entry2.o(.ARM.Collect$$$$00000001) for _main_stk
    uldiv.o(.text) refers to llushr.o(.text) for __aeabi_llsr
    uldiv.o(.text) refers to llshl.o(.text) for __aeabi_llsl
    entry2.o(.ARM.Collect$$$$00000001) refers to entry2.o(.ARM.Collect$$$$00002712) for __lit__00000000
    entry2.o(.ARM.Collect$$$$00002712) refers to startup_mkl25z4.o(STACK) for __initial_sp
    entry2.o(__vectab_stack_and_reset_area) refers to startup_mkl25z4.o(STACK) for __initial_sp
    entry2.o(__vectab_stack_and_reset_area) refers to entry.o(.ARM.Collect$$$$00000000) for __main
    entry5.o(.ARM.Collect$$$$00000004) refers to init.o(.text) for __scatterload
    init.o(.text) refers to entry5.o(.ARM.Collect$$$$00000004) for __main_after_scatterload


==============================================================================

Removing Unused input sections from the image.

    Removing blinky.o(.rev16_text), (4 bytes).
    Removing blinky.o(.revsh_text), (4 bytes).
    Removing led_frdm-kl25z.o(.rev16_text), (4 bytes).
    Removing led_frdm-kl25z.o(.revsh_text), (4 bytes).
    Removing startup_mkl25z4.o(HEAP), (0 bytes).
    Removing system_mkl25z4.o(.rev16_text), (4 bytes).
    Removing system_mkl25z4.o(.revsh_text), (4 bytes).
    Removing rt_cmsis.o(.rev16_text), (4 bytes).
    Removing rt_cmsis.o(.revsh_text), (4 bytes).
    Removing rt_cmsis.o(i.isrSemaphoreRelease), (44 bytes).
    Removing rt_cmsis.o(i.osKernelRunning), (40 bytes).
    Removing rt_cmsis.o(i.osKernelSysTick), (28 bytes).
    Removing rt_cmsis.o(i.osMailAlloc), (32 bytes).
    Removing rt_cmsis.o(i.osMailCAlloc), (52 bytes).
    Removing rt_cmsis.o(i.osMailCreate), (52 bytes).
    Removing rt_cmsis.o(i.osMailFree), (32 bytes).
    Removing rt_cmsis.o(i.osMailGet), (24 bytes).
    Removing rt_cmsis.o(i.osMailPut), (28 bytes).
    Removing rt_cmsis.o(i.osMessageCreate), (52 bytes).
    Removing rt_cmsis.o(i.osMessagePut), (28 bytes).
    Removing rt_cmsis.o(i.osMutexCreate), (52 bytes).
    Removing rt_cmsis.o(i.osMutexDelete), (28 bytes).
    Removing rt_cmsis.o(i.osMutexRelease), (28 bytes).
    Removing rt_cmsis.o(i.osMutexWait), (28 bytes).
    Removing rt_cmsis.o(i.osPoolAlloc), (36 bytes).
    Removing rt_cmsis.o(i.osPoolCAlloc), (56 bytes).
    Removing rt_cmsis.o(i.osPoolCreate), (52 bytes).
    Removing rt_cmsis.o(i.osPoolFree), (36 bytes).
    Removing rt_cmsis.o(i.osSemaphoreCreate), (52 bytes).
    Removing rt_cmsis.o(i.osSemaphoreDelete), (28 bytes).
    Removing rt_cmsis.o(i.osSemaphoreRelease), (28 bytes).
    Removing rt_cmsis.o(i.osSemaphoreWait), (28 bytes).
    Removing rt_cmsis.o(i.osSignalClear), (28 bytes).
    Removing rt_cmsis.o(i.osThreadGetId), (28 bytes).
    Removing rt_cmsis.o(i.osThreadGetPriority), (28 bytes).
    Removing rt_cmsis.o(i.osThreadSetPriority), (28 bytes).
    Removing rt_cmsis.o(i.osThreadTerminate), (28 bytes).
    Removing rt_cmsis.o(i.osTimerCreate), (52 bytes).
    Removing rt_cmsis.o(i.osTimerDelete), (28 bytes).
    Removing rt_cmsis.o(i.osTimerStart), (28 bytes).
    Removing rt_cmsis.o(i.osTimerStop), (28 bytes).
    Removing rt_cmsis.o(i.osWait), (4 bytes).
    Removing rt_cmsis.o(i.os_resume), (16 bytes).
    Removing rt_cmsis.o(i.os_suspend), (16 bytes).
    Removing rt_cmsis.o(i.rt_clr_box), (26 bytes).
    Removing rt_cmsis.o(i.rt_timer_remove), (68 bytes).
    Removing rt_cmsis.o(i.svcKernelRunning), (12 bytes).
    Removing rt_cmsis.o(i.svcKernelSysTick), (56 bytes).
    Removing rt_cmsis.o(i.svcMailCreate), (78 bytes).
    Removing rt_cmsis.o(i.svcMessagePut), (56 bytes).
    Removing rt_cmsis.o(i.svcMutexCreate), (32 bytes).
    Removing rt_cmsis.o(i.svcMutexDelete), (28 bytes).
    Removing rt_cmsis.o(i.svcMutexRelease), (36 bytes).
    Removing rt_cmsis.o(i.svcMutexWait), (60 bytes).
    Removing rt_cmsis.o(i.svcPoolCreate), (46 bytes).
    Removing rt_cmsis.o(i.svcSemaphoreCreate), (44 bytes).
    Removing rt_cmsis.o(i.svcSemaphoreDelete), (28 bytes).
    Removing rt_cmsis.o(i.svcSemaphoreRelease), (44 bytes).
    Removing rt_cmsis.o(i.svcSemaphoreWait), (52 bytes).
    Removing rt_cmsis.o(i.svcSignalClear), (38 bytes).
    Removing rt_cmsis.o(i.svcThreadGetPriority), (20 bytes).
    Removing rt_cmsis.o(i.svcThreadSetPriority), (48 bytes).
    Removing rt_cmsis.o(i.svcTimerCreate), (64 bytes).
    Removing rt_cmsis.o(i.svcTimerDelete), (40 bytes).
    Removing rt_cmsis.o(i.svcTimerStart), (108 bytes).
    Removing rt_cmsis.o(i.svcTimerStop), (38 bytes).
    Removing rt_cmsis.o(i.sysMailAlloc), (100 bytes).
    Removing rt_cmsis.o(i.sysMailFree), (106 bytes).
    Removing rt_cmsis.o(i.sysPoolAlloc), (12 bytes).
    Removing rt_cmsis.o(i.sysPoolFree), (22 bytes).
    Removing rt_cmsis.o(i.sysUserTimerUpdate), (48 bytes).
    Removing rt_cmsis.o(i.sysUserTimerWakeupTime), (24 bytes).
    Removing rt_system.o(.emb_text), (0 bytes).
    Removing rt_system.o(i.os_tick_ovf), (16 bytes).
    Removing rt_system.o(i.os_tick_val), (20 bytes).
    Removing rt_system.o(i.rt_resume), (136 bytes).
    Removing rt_system.o(i.rt_suspend), (40 bytes).
    Removing rt_system.o(i.rt_tsk_lock), (84 bytes).
    Removing rt_system.o(i.rt_tsk_unlock), (84 bytes).
    Removing rt_event.o(i.rt_evt_clr), (28 bytes).
    Removing rt_event.o(i.rt_evt_get), (12 bytes).
    Removing rt_mailbox.o(i.rt_mbx_send), (148 bytes).
    Removing rt_semaphore.o(i.isr_sem_send), (14 bytes).
    Removing rt_semaphore.o(i.rt_sem_delete), (96 bytes).
    Removing rt_semaphore.o(i.rt_sem_init), (12 bytes).
    Removing rt_semaphore.o(i.rt_sem_send), (44 bytes).
    Removing rt_semaphore.o(i.rt_sem_wait), (68 bytes).
    Removing rt_time.o(i.rt_itv_set), (24 bytes).
    Removing rt_time.o(i.rt_itv_wait), (44 bytes).
    Removing rt_time.o(i.rt_time_get), (12 bytes).
    Removing rt_mutex.o(i.rt_mut_delete), (180 bytes).
    Removing rt_mutex.o(i.rt_mut_init), (16 bytes).
    Removing rt_mutex.o(i.rt_mut_release), (216 bytes).
    Removing rt_mutex.o(i.rt_mut_wait), (128 bytes).
    Removing rt_membox.o(i._calloc_box), (32 bytes).
    Removing rt_cmsis.o(i.__ARM_common_ll_muluu), (48 bytes).

96 unused section(s) (total 4044 bytes) removed from the image.

==============================================================================

Image Symbol Table

    Local Symbols

    Symbol Name                              Value     Ov Type        Size  Object(Section)

    RESET                                    0x00000000   Section      192  startup_mkl25z4.o(RESET)
    ../clib/microlib/division.c              0x00000000   Number         0  uldiv.o ABSOLUTE
    ../clib/microlib/division.c              0x00000000   Number         0  uidiv.o ABSOLUTE
    ../clib/microlib/init/entry.s            0x00000000   Number         0  entry7a.o ABSOLUTE
    ../clib/microlib/init/entry.s            0x00000000   Number         0  entry5.o ABSOLUTE
    ../clib/microlib/init/entry.s            0x00000000   Number         0  entry7b.o ABSOLUTE
    ../clib/microlib/init/entry.s            0x00000000   Number         0  entry8a.o ABSOLUTE
    ../clib/microlib/init/entry.s            0x00000000   Number         0  entry8b.o ABSOLUTE
    ../clib/microlib/init/entry.s            0x00000000   Number         0  entry10b.o ABSOLUTE
    ../clib/microlib/init/entry.s            0x00000000   Number         0  entry11a.o ABSOLUTE
    ../clib/microlib/init/entry.s            0x00000000   Number         0  entry11b.o ABSOLUTE
    ../clib/microlib/init/entry.s            0x00000000   Number         0  entry2.o ABSOLUTE
    ../clib/microlib/init/entry.s            0x00000000   Number         0  entry10a.o ABSOLUTE
    ../clib/microlib/init/entry.s            0x00000000   Number         0  entry.o ABSOLUTE
    ../clib/microlib/longlong.c              0x00000000   Number         0  llushr.o ABSOLUTE
    ../clib/microlib/longlong.c              0x00000000   Number         0  llshl.o ABSOLUTE
    ..\HAL_CM.c                              0x00000000   Number         0  hal_cm.o ABSOLUTE
    ..\\rt_CMSIS.c                           0x00000000   Number         0  rt_cmsis.o ABSOLUTE
    ..\\rt_System.c                          0x00000000   Number         0  rt_system.o ABSOLUTE
    ..\rt_CMSIS.c                            0x00000000   Number         0  rt_cmsis.o ABSOLUTE
    ..\rt_Event.c                            0x00000000   Number         0  rt_event.o ABSOLUTE
    ..\rt_List.c                             0x00000000   Number         0  rt_list.o ABSOLUTE
    ..\rt_Mailbox.c                          0x00000000   Number         0  rt_mailbox.o ABSOLUTE
    ..\rt_MemBox.c                           0x00000000   Number         0  rt_membox.o ABSOLUTE
    ..\rt_Memory.c                           0x00000000   Number         0  rt_memory.o ABSOLUTE
    ..\rt_Mutex.c                            0x00000000   Number         0  rt_mutex.o ABSOLUTE
    ..\rt_Robin.c                            0x00000000   Number         0  rt_robin.o ABSOLUTE
    ..\rt_Semaphore.c                        0x00000000   Number         0  rt_semaphore.o ABSOLUTE
    ..\rt_System.c                           0x00000000   Number         0  rt_system.o ABSOLUTE
    ..\rt_Task.c                             0x00000000   Number         0  rt_task.o ABSOLUTE
    ..\rt_Time.c                             0x00000000   Number         0  rt_time.o ABSOLUTE
    Blinky.c                                 0x00000000   Number         0  blinky.o ABSOLUTE
    Blinky.c                                 0x00000000   Number         0  blinky.o ABSOLUTE
    C:\Users\USER\AppData\Local\Arm\Packs\Keil\Kinetis_KLxx_DFP\1.15.1\Boards\NXP\FRDM-KL25Z\Common\LED_FRDM-KL25Z.c 0x00000000   Number         0  led_frdm-kl25z.o ABSOLUTE
    C:\\Users\\USER\\AppData\\Local\\Arm\\Packs\\Keil\\Kinetis_KLxx_DFP\\1.15.1\\Boards\\NXP\\FRDM-KL25Z\\Common\\LED_FRDM-KL25Z.c 0x00000000   Number         0  led_frdm-kl25z.o ABSOLUTE
    HAL_CM0.c                                0x00000000   Number         0  hal_cm0.o ABSOLUTE
    HAL_CM0.c                                0x00000000   Number         0  hal_cm0.o ABSOLUTE
    RTE\CMSIS\RTX_Conf_CM.c                  0x00000000   Number         0  rtx_conf_cm.o ABSOLUTE
    RTE\Device\MKL25Z128xxx4\startup_MKL25Z4.s 0x00000000   Number         0  startup_mkl25z4.o ABSOLUTE
    RTE\Device\MKL25Z128xxx4\system_MKL25Z4.c 0x00000000   Number         0  system_mkl25z4.o ABSOLUTE
    RTE\\Device\\MKL25Z128xxx4\\system_MKL25Z4.c 0x00000000   Number         0  system_mkl25z4.o ABSOLUTE
    SVC_Table.s                              0x00000000   Number         0  svc_table.o ABSOLUTE
    dc.s                                     0x00000000   Number         0  dc.o ABSOLUTE
    handlers.s                               0x00000000   Number         0  handlers.o ABSOLUTE
    init.s                                   0x00000000   Number         0  init.o ABSOLUTE
    .ARM.Collect$$$$00000000                 0x000000c0   Section        0  entry.o(.ARM.Collect$$$$00000000)
    .ARM.Collect$$$$00000001                 0x000000c0   Section        4  entry2.o(.ARM.Collect$$$$00000001)
    .ARM.Collect$$$$00000004                 0x000000c4   Section        4  entry5.o(.ARM.Collect$$$$00000004)
    .ARM.Collect$$$$00000008                 0x000000c8   Section        0  entry7b.o(.ARM.Collect$$$$00000008)
    .ARM.Collect$$$$0000000A                 0x000000c8   Section        0  entry8b.o(.ARM.Collect$$$$0000000A)
    .ARM.Collect$$$$0000000D                 0x000000c8   Section        0  entry10a.o(.ARM.Collect$$$$0000000D)
    .ARM.Collect$$$$0000000F                 0x000000c8   Section        0  entry11a.o(.ARM.Collect$$$$0000000F)
    .ARM.Collect$$$$000000FF                 0x000000c8   Section        0  rtx_conf_cm.o(.ARM.Collect$$$$000000FF)
    .ARM.Collect$$$$00002712                 0x000000e0   Section        4  entry2.o(.ARM.Collect$$$$00002712)
    __lit__00000000                          0x000000e0   Data           4  entry2.o(.ARM.Collect$$$$00002712)
    .emb_text                                0x000000e4   Section      356  hal_cm0.o(.emb_text)
    .text                                    0x00000248   Section        0  blinky.o(.text)
    .text                                    0x000002dc   Section        0  led_frdm-kl25z.o(.text)
    SVC_TABLE                                0x000003ec   Section        4  svc_table.o(SVC_TABLE)
    i.__scatterload_copy                     0x000003f0   Section       14  handlers.o(i.__scatterload_copy)
    i.__scatterload_null                     0x000003fe   Section        2  handlers.o(i.__scatterload_null)
    .ARM.__at_0x400                          0x00000400   Section       16  startup_mkl25z4.o(.ARM.__at_0x400)
    .text                                    0x00000410   Section        0  rtx_conf_cm.o(.text)
    .text                                    0x00000438   Section       40  startup_mkl25z4.o(.text)
    .text                                    0x00000460   Section        0  system_mkl25z4.o(.text)
    .text                                    0x000005fc   Section        0  uidiv.o(.text)
    .text                                    0x00000628   Section       36  init.o(.text)
    i.__ARM_common_switch8                   0x0000064c   Section        0  system_mkl25z4.o(i.__ARM_common_switch8)
    i.__scatterload_zeroinit                 0x00000668   Section       14  handlers.o(i.__scatterload_zeroinit)
    i._init_box                              0x00000676   Section        0  rt_membox.o(i._init_box)
    i.isrMessageGet                          0x000006be   Section        0  rt_cmsis.o(i.isrMessageGet)
    i.isrMessagePut                          0x000006ec   Section        0  rt_cmsis.o(i.isrMessagePut)
    i.isrSignalSet                           0x0000071c   Section        0  rt_cmsis.o(i.isrSignalSet)
    i.isr_evt_set                            0x00000744   Section        0  rt_event.o(i.isr_evt_set)
    i.isr_mbx_receive                        0x00000768   Section        0  rt_mailbox.o(i.isr_mbx_receive)
    i.isr_mbx_send                           0x000007b4   Section        0  rt_mailbox.o(i.isr_mbx_send)
    i.osDelay                                0x000007c0   Section        0  rt_cmsis.o(i.osDelay)
    i.osKernelInitialize                     0x000007dc   Section        0  rt_cmsis.o(i.osKernelInitialize)
    i.osKernelStart                          0x00000804   Section        0  rt_cmsis.o(i.osKernelStart)
    i.osMessageGet                           0x00000870   Section        0  rt_cmsis.o(i.osMessageGet)
    i.osSignalSet                            0x0000088c   Section        0  rt_cmsis.o(i.osSignalSet)
    i.osSignalWait                           0x000008a8   Section        0  rt_cmsis.o(i.osSignalWait)
    i.osThreadCreate                         0x000008c4   Section        0  rt_cmsis.o(i.osThreadCreate)
    i.osThreadExit                           0x000008f8   Section        0  rt_cmsis.o(i.osThreadExit)
    i.osThreadYield                          0x00000910   Section        0  rt_cmsis.o(i.osThreadYield)
    i.osTimerCall                            0x0000092c   Section        0  rt_cmsis.o(i.osTimerCall)
    i.osTimerThread                          0x0000093c   Section        0  rt_cmsis.o(i.osTimerThread)
    i.os_tick_init                           0x00000968   Section        0  rt_system.o(i.os_tick_init)
    i.os_tick_irqack                         0x00000994   Section        0  rt_system.o(i.os_tick_irqack)
    i.rt_alloc_box                           0x00000996   Section        0  rt_membox.o(i.rt_alloc_box)
    i.rt_alloc_mem                           0x000009b4   Section        0  rt_memory.o(i.rt_alloc_mem)
    i.rt_block                               0x000009f8   Section        0  rt_task.o(i.rt_block)
    i.rt_chk_robin                           0x00000a30   Section        0  rt_robin.o(i.rt_chk_robin)
    i.rt_dec_dly                             0x00000a74   Section        0  rt_list.o(i.rt_dec_dly)
    i.rt_dispatch                            0x00000ae8   Section        0  rt_task.o(i.rt_dispatch)
    i.rt_dly_wait                            0x00000b28   Section        0  rt_time.o(i.rt_dly_wait)
    i.rt_evt_psh                             0x00000b34   Section        0  rt_event.o(i.rt_evt_psh)
    i.rt_evt_set                             0x00000b84   Section        0  rt_event.o(i.rt_evt_set)
    i.rt_evt_wait                            0x00000be0   Section        0  rt_event.o(i.rt_evt_wait)
    i.rt_free_box                            0x00000c20   Section        0  rt_membox.o(i.rt_free_box)
    i.rt_free_mem                            0x00000c46   Section        0  rt_memory.o(i.rt_free_mem)
    i.rt_get_first                           0x00000c76   Section        0  rt_list.o(i.rt_get_first)
    i.rt_get_same_rdy_prio                   0x00000ca0   Section        0  rt_list.o(i.rt_get_same_rdy_prio)
    i.rt_id2obj                              0x00000cc4   Section        0  rt_cmsis.o(i.rt_id2obj)
    rt_id2obj                                0x00000cc5   Thumb Code     8  rt_cmsis.o(i.rt_id2obj)
    i.rt_init_context                        0x00000ccc   Section        0  rt_task.o(i.rt_init_context)
    rt_init_context                          0x00000ccd   Thumb Code    66  rt_task.o(i.rt_init_context)
    i.rt_init_mem                            0x00000d14   Section        0  rt_memory.o(i.rt_init_mem)
    i.rt_init_robin                          0x00000d30   Section        0  rt_robin.o(i.rt_init_robin)
    i.rt_init_stack                          0x00000d48   Section        0  hal_cm.o(i.rt_init_stack)
    i.rt_mbx_check                           0x00000dc0   Section        0  rt_mailbox.o(i.rt_mbx_check)
    i.rt_mbx_init                            0x00000dc8   Section        0  rt_mailbox.o(i.rt_mbx_init)
    i.rt_mbx_psh                             0x00000dec   Section        0  rt_mailbox.o(i.rt_mbx_psh)
    i.rt_mbx_wait                            0x00000ebc   Section        0  rt_mailbox.o(i.rt_mbx_wait)
    i.rt_ms2tick                             0x00000f6c   Section        0  rt_cmsis.o(i.rt_ms2tick)
    rt_ms2tick                               0x00000f6d   Thumb Code    56  rt_cmsis.o(i.rt_ms2tick)
    i.rt_pop_req                             0x00000fb0   Section        0  rt_system.o(i.rt_pop_req)
    i.rt_psh_req                             0x00001020   Section        0  rt_system.o(i.rt_psh_req)
    i.rt_psq_enq                             0x00001040   Section        0  rt_list.o(i.rt_psq_enq)
    i.rt_put_dly                             0x00001080   Section        0  rt_list.o(i.rt_put_dly)
    i.rt_put_prio                            0x000010d0   Section        0  rt_list.o(i.rt_put_prio)
    i.rt_put_rdy_first                       0x0000110c   Section        0  rt_list.o(i.rt_put_rdy_first)
    i.rt_resort_prio                         0x00001120   Section        0  rt_list.o(i.rt_resort_prio)
    i.rt_ret_val                             0x00001150   Section        0  hal_cm.o(i.rt_ret_val)
    i.rt_ret_val2                            0x00001156   Section        0  hal_cm.o(i.rt_ret_val2)
    i.rt_rmv_dly                             0x0000115e   Section        0  rt_list.o(i.rt_rmv_dly)
    i.rt_rmv_list                            0x00001188   Section        0  rt_list.o(i.rt_rmv_list)
    i.rt_sem_psh                             0x000011bc   Section        0  rt_semaphore.o(i.rt_sem_psh)
    i.rt_stk_check                           0x000011f0   Section        0  rt_system.o(i.rt_stk_check)
    i.rt_switch_req                          0x00001218   Section        0  rt_task.o(i.rt_switch_req)
    i.rt_sys_init                            0x00001228   Section        0  rt_task.o(i.rt_sys_init)
    i.rt_sys_start                           0x000012f0   Section        0  rt_task.o(i.rt_sys_start)
    i.rt_systick                             0x00001354   Section        0  rt_system.o(i.rt_systick)
    i.rt_tid2ptcb                            0x00001390   Section        0  rt_cmsis.o(i.rt_tid2ptcb)
    rt_tid2ptcb                              0x00001391   Thumb Code    18  rt_cmsis.o(i.rt_tid2ptcb)
    i.rt_timer_insert                        0x000013a4   Section        0  rt_cmsis.o(i.rt_timer_insert)
    rt_timer_insert                          0x000013a5   Thumb Code    52  rt_cmsis.o(i.rt_timer_insert)
    i.rt_tsk_create                          0x000013dc   Section        0  rt_task.o(i.rt_tsk_create)
    i.rt_tsk_delete                          0x00001454   Section        0  rt_task.o(i.rt_tsk_delete)
    i.rt_tsk_pass                            0x000015ac   Section        0  rt_task.o(i.rt_tsk_pass)
    i.rt_tsk_prio                            0x000015d8   Section        0  rt_task.o(i.rt_tsk_prio)
    i.rt_tsk_self                            0x00001658   Section        0  rt_task.o(i.rt_tsk_self)
    i.svcDelay                               0x00001668   Section        0  rt_cmsis.o(i.svcDelay)
    i.svcKernelInitialize                    0x0000167c   Section        0  rt_cmsis.o(i.svcKernelInitialize)
    i.svcKernelStart                         0x000016f4   Section        0  rt_cmsis.o(i.svcKernelStart)
    i.svcMessageCreate                       0x00001740   Section        0  rt_cmsis.o(i.svcMessageCreate)
    i.svcMessageGet                          0x0000176a   Section        0  rt_cmsis.o(i.svcMessageGet)
    i.svcSignalSet                           0x000017a6   Section        0  rt_cmsis.o(i.svcSignalSet)
    i.svcSignalWait                          0x000017cc   Section        0  rt_cmsis.o(i.svcSignalWait)
    i.svcThreadCreate                        0x00001828   Section        0  rt_cmsis.o(i.svcThreadCreate)
    i.svcThreadGetId                         0x0000189c   Section        0  rt_cmsis.o(i.svcThreadGetId)
    i.svcThreadTerminate                     0x000018b8   Section        0  rt_cmsis.o(i.svcThreadTerminate)
    i.svcThreadYield                         0x000018f4   Section        0  rt_cmsis.o(i.svcThreadYield)
    i.svcTimerCall                           0x000018fe   Section        0  rt_cmsis.o(i.svcTimerCall)
    i.sysTimerTick                           0x0000191c   Section        0  rt_cmsis.o(i.sysTimerTick)
    .constdata                               0x00001974   Section       16  blinky.o(.constdata)
    .constdata                               0x00001984   Section       36  led_frdm-kl25z.o(.constdata)
    .constdata                               0x000019a8   Section      104  rtx_conf_cm.o(.constdata)
    __tagsym$$used                           0x000019c4   Number         0  rtx_conf_cm.o(.constdata)
    __tagsym$$used                           0x000019c8   Number         0  rtx_conf_cm.o(.constdata)
    __tagsym$$used                           0x000019cc   Number         0  rtx_conf_cm.o(.constdata)
    __tagsym$$used                           0x000019d0   Number         0  rtx_conf_cm.o(.constdata)
    .data                                    0x1ffff000   Section        4  blinky.o(.data)
    .data                                    0x1ffff004   Section       16  rtx_conf_cm.o(.data)
    .data                                    0x1ffff014   Section        4  system_mkl25z4.o(.data)
    .data                                    0x1ffff018   Section        8  rt_cmsis.o(.data)
    .data                                    0x1ffff020   Section        8  rt_task.o(.data)
    .data                                    0x1ffff028   Section        8  rt_system.o(.data)
    os_lock                                  0x1ffff028   Data           1  rt_system.o(.data)
    os_psh_flag                              0x1ffff029   Data           1  rt_system.o(.data)
    pend_flags                               0x1ffff02a   Data           1  rt_system.o(.data)
    .data                                    0x1ffff030   Section        4  rt_time.o(.data)
    .data                                    0x1ffff034   Section        8  rt_robin.o(.data)
    .bss                                     0x1ffff040   Section     1452  rtx_conf_cm.o(.bss)
    .bss                                     0x1ffff5ec   Section       52  rt_task.o(.bss)
    .bss                                     0x1ffff620   Section       48  rt_list.o(.bss)
    STACK                                    0x1ffff650   Section      256  startup_mkl25z4.o(STACK)

    Global Symbols

    Symbol Name                              Value     Ov Type        Size  Object(Section)

    BuildAttributes$$THM_ISAv3M$S$PE$A:L22$X:L11$S22$IEEE1$IW$USESV6$~STKCKD$USESV7$~SHL$OSPACE$EBA8$MICROLIB$REQ8$PRES8$EABIv2 0x00000000   Number         0  anon$$obj.o ABSOLUTE
    __ARM_use_no_argv                        0x00000000   Number         0  blinky.o ABSOLUTE
    __Vectors                                0x00000000   Data           4  startup_mkl25z4.o(RESET)
    __cpp_initialize__aeabi_                  - Undefined Weak Reference
    __cxa_finalize                            - Undefined Weak Reference
    __decompress                              - Undefined Weak Reference
    _clock_init                               - Undefined Weak Reference
    _microlib_exit                            - Undefined Weak Reference
    __Vectors_End                            0x000000c0   Data           0  startup_mkl25z4.o(RESET)
    __Vectors_Size                           0x000000c0   Number         0  startup_mkl25z4.o ABSOLUTE
    __main                                   0x000000c1   Thumb Code     0  entry.o(.ARM.Collect$$$$00000000)
    _main_stk                                0x000000c1   Thumb Code     0  entry2.o(.ARM.Collect$$$$00000001)
    _main_scatterload                        0x000000c5   Thumb Code     0  entry5.o(.ARM.Collect$$$$00000004)
    __main_after_scatterload                 0x000000c9   Thumb Code     0  entry5.o(.ARM.Collect$$$$00000004)
    __rt_final_cpp                           0x000000c9   Thumb Code     0  entry10a.o(.ARM.Collect$$$$0000000D)
    __rt_final_exit                          0x000000c9   Thumb Code     0  entry11a.o(.ARM.Collect$$$$0000000F)
    _main_clock                              0x000000c9   Thumb Code     0  entry7b.o(.ARM.Collect$$$$00000008)
    _main_cpp_init                           0x000000c9   Thumb Code     0  entry8b.o(.ARM.Collect$$$$0000000A)
    _main_init                               0x000000c9   Thumb Code    18  rtx_conf_cm.o(.ARM.Collect$$$$000000FF)
    rt_set_PSP                               0x000000e5   Thumb Code     6  hal_cm0.o(.emb_text)
    rt_get_PSP                               0x000000eb   Thumb Code     6  hal_cm0.o(.emb_text)
    os_set_env                               0x000000f1   Thumb Code    32  hal_cm0.o(.emb_text)
    _alloc_box                               0x00000115   Thumb Code    28  hal_cm0.o(.emb_text)
    _free_box                                0x00000135   Thumb Code    28  hal_cm0.o(.emb_text)
    SVC_Handler                              0x00000155   Thumb Code   136  hal_cm0.o(.emb_text)
    PendSV_Handler                           0x000001e9   Thumb Code    72  hal_cm0.o(.emb_text)
    SysTick_Handler                          0x00000235   Thumb Code     8  hal_cm0.o(.emb_text)
    OS_Tick_Handler                          0x0000023d   Thumb Code    12  hal_cm0.o(.emb_text)
    Init_Thread_LED                          0x00000249   Thumb Code    30  blinky.o(.text)
    Thread_LED                               0x00000267   Thumb Code    66  blinky.o(.text)
    main                                     0x000002a9   Thumb Code    42  blinky.o(.text)
    LED_Initialize                           0x000002dd   Thumb Code   148  led_frdm-kl25z.o(.text)
    LED_Uninitialize                         0x00000371   Thumb Code     4  led_frdm-kl25z.o(.text)
    LED_On                                   0x00000375   Thumb Code    28  led_frdm-kl25z.o(.text)
    LED_Off                                  0x00000391   Thumb Code    28  led_frdm-kl25z.o(.text)
    LED_SetOut                               0x000003ad   Thumb Code    42  led_frdm-kl25z.o(.text)
    LED_GetCount                             0x000003d7   Thumb Code     4  led_frdm-kl25z.o(.text)
    SVC_Count                                0x000003ec   Data           4  svc_table.o(SVC_TABLE)
    SVC_Table                                0x000003f0   Data           0  svc_table.o(SVC_TABLE)
    __scatterload_copy                       0x000003f1   Thumb Code    14  handlers.o(i.__scatterload_copy)
    __scatterload_null                       0x000003ff   Thumb Code     2  handlers.o(i.__scatterload_null)
    os_idle_demon                            0x00000411   Thumb Code     4  rtx_conf_cm.o(.text)
    os_error                                 0x00000415   Thumb Code    34  rtx_conf_cm.o(.text)
    Reset_Handler                            0x00000439   Thumb Code    12  startup_mkl25z4.o(.text)
    NMI_Handler                              0x00000445   Thumb Code     2  startup_mkl25z4.o(.text)
    HardFault_Handler                        0x00000447   Thumb Code     2  startup_mkl25z4.o(.text)
    ADC0_IRQHandler                          0x0000044f   Thumb Code     0  startup_mkl25z4.o(.text)
    CMP0_IRQHandler                          0x0000044f   Thumb Code     0  startup_mkl25z4.o(.text)
    DAC0_IRQHandler                          0x0000044f   Thumb Code     0  startup_mkl25z4.o(.text)
    DMA0_IRQHandler                          0x0000044f   Thumb Code     0  startup_mkl25z4.o(.text)
    DMA1_IRQHandler                          0x0000044f   Thumb Code     0  startup_mkl25z4.o(.text)
    DMA2_IRQHandler                          0x0000044f   Thumb Code     0  startup_mkl25z4.o(.text)
    DMA3_IRQHandler                          0x0000044f   Thumb Code     0  startup_mkl25z4.o(.text)
    DefaultISR                               0x0000044f   Thumb Code     0  startup_mkl25z4.o(.text)
    FTFA_IRQHandler                          0x0000044f   Thumb Code     0  startup_mkl25z4.o(.text)
    I2C0_IRQHandler                          0x0000044f   Thumb Code     0  startup_mkl25z4.o(.text)
    I2C1_IRQHandler                          0x0000044f   Thumb Code     0  startup_mkl25z4.o(.text)
    LLWU_IRQHandler                          0x0000044f   Thumb Code     0  startup_mkl25z4.o(.text)
    LPTMR0_IRQHandler                        0x0000044f   Thumb Code     0  startup_mkl25z4.o(.text)
    LVD_LVW_IRQHandler                       0x0000044f   Thumb Code     0  startup_mkl25z4.o(.text)
    MCG_IRQHandler                           0x0000044f   Thumb Code     0  startup_mkl25z4.o(.text)
    PIT_IRQHandler                           0x0000044f   Thumb Code     0  startup_mkl25z4.o(.text)
    PORTA_IRQHandler                         0x0000044f   Thumb Code     0  startup_mkl25z4.o(.text)
    PORTD_IRQHandler                         0x0000044f   Thumb Code     0  startup_mkl25z4.o(.text)
    RTC_IRQHandler                           0x0000044f   Thumb Code     0  startup_mkl25z4.o(.text)
    RTC_Seconds_IRQHandler                   0x0000044f   Thumb Code     0  startup_mkl25z4.o(.text)
    Reserved20_IRQHandler                    0x0000044f   Thumb Code     0  startup_mkl25z4.o(.text)
    Reserved39_IRQHandler                    0x0000044f   Thumb Code     0  startup_mkl25z4.o(.text)
    Reserved45_IRQHandler                    0x0000044f   Thumb Code     0  startup_mkl25z4.o(.text)
    SPI0_IRQHandler                          0x0000044f   Thumb Code     0  startup_mkl25z4.o(.text)
    SPI1_IRQHandler                          0x0000044f   Thumb Code     0  startup_mkl25z4.o(.text)
    TPM0_IRQHandler                          0x0000044f   Thumb Code     0  startup_mkl25z4.o(.text)
    TPM1_IRQHandler                          0x0000044f   Thumb Code     0  startup_mkl25z4.o(.text)
    TPM2_IRQHandler                          0x0000044f   Thumb Code     0  startup_mkl25z4.o(.text)
    TSI0_IRQHandler                          0x0000044f   Thumb Code     0  startup_mkl25z4.o(.text)
    UART0_IRQHandler                         0x0000044f   Thumb Code     0  startup_mkl25z4.o(.text)
    UART1_IRQHandler                         0x0000044f   Thumb Code     0  startup_mkl25z4.o(.text)
    UART2_IRQHandler                         0x0000044f   Thumb Code     0  startup_mkl25z4.o(.text)
    USB0_IRQHandler                          0x0000044f   Thumb Code     0  startup_mkl25z4.o(.text)
    SystemInit                               0x00000461   Thumb Code     8  system_mkl25z4.o(.text)
    SystemCoreClockUpdate                    0x00000469   Thumb Code   374  system_mkl25z4.o(.text)
    __RL_RTX_VER                             0x00000482   Number         0  rt_system.o ABSOLUTE
    __aeabi_uidiv                            0x000005fd   Thumb Code     0  uidiv.o(.text)
    __aeabi_uidivmod                         0x000005fd   Thumb Code    44  uidiv.o(.text)
    __scatterload                            0x00000629   Thumb Code    28  init.o(.text)
    __scatterload_rt2                        0x00000629   Thumb Code     0  init.o(.text)
    __ARM_common_switch8                     0x0000064d   Thumb Code    28  system_mkl25z4.o(i.__ARM_common_switch8)
    __scatterload_zeroinit                   0x00000669   Thumb Code    14  handlers.o(i.__scatterload_zeroinit)
    _init_box                                0x00000677   Thumb Code    72  rt_membox.o(i._init_box)
    isrMessageGet                            0x000006bf   Thumb Code    46  rt_cmsis.o(i.isrMessageGet)
    isrMessagePut                            0x000006ed   Thumb Code    48  rt_cmsis.o(i.isrMessagePut)
    isrSignalSet                             0x0000071d   Thumb Code    38  rt_cmsis.o(i.isrSignalSet)
    isr_evt_set                              0x00000745   Thumb Code    30  rt_event.o(i.isr_evt_set)
    isr_mbx_receive                          0x00000769   Thumb Code    76  rt_mailbox.o(i.isr_mbx_receive)
    isr_mbx_send                             0x000007b5   Thumb Code    12  rt_mailbox.o(i.isr_mbx_send)
    osDelay                                  0x000007c1   Thumb Code    22  rt_cmsis.o(i.osDelay)
    osKernelInitialize                       0x000007dd   Thumb Code    36  rt_cmsis.o(i.osKernelInitialize)
    osKernelStart                            0x00000805   Thumb Code   100  rt_cmsis.o(i.osKernelStart)
    osMessageGet                             0x00000871   Thumb Code    24  rt_cmsis.o(i.osMessageGet)
    osSignalSet                              0x0000088d   Thumb Code    24  rt_cmsis.o(i.osSignalSet)
    osSignalWait                             0x000008a9   Thumb Code    22  rt_cmsis.o(i.osSignalWait)
    osThreadCreate                           0x000008c5   Thumb Code    44  rt_cmsis.o(i.osThreadCreate)
    osThreadExit                             0x000008f9   Thumb Code    14  rt_cmsis.o(i.osThreadExit)
    osThreadYield                            0x00000911   Thumb Code    22  rt_cmsis.o(i.osThreadYield)
    osTimerCall                              0x0000092d   Thumb Code    10  rt_cmsis.o(i.osTimerCall)
    osTimerThread                            0x0000093d   Thumb Code    38  rt_cmsis.o(i.osTimerThread)
    os_tick_init                             0x00000969   Thumb Code    32  rt_system.o(i.os_tick_init)
    os_tick_irqack                           0x00000995   Thumb Code     2  rt_system.o(i.os_tick_irqack)
    rt_alloc_box                             0x00000997   Thumb Code    30  rt_membox.o(i.rt_alloc_box)
    rt_alloc_mem                             0x000009b5   Thumb Code    66  rt_memory.o(i.rt_alloc_mem)
    rt_block                                 0x000009f9   Thumb Code    42  rt_task.o(i.rt_block)
    rt_chk_robin                             0x00000a31   Thumb Code    56  rt_robin.o(i.rt_chk_robin)
    rt_dec_dly                               0x00000a75   Thumb Code   108  rt_list.o(i.rt_dec_dly)
    rt_dispatch                              0x00000ae9   Thumb Code    56  rt_task.o(i.rt_dispatch)
    rt_dly_wait                              0x00000b29   Thumb Code    10  rt_time.o(i.rt_dly_wait)
    rt_evt_psh                               0x00000b35   Thumb Code    74  rt_event.o(i.rt_evt_psh)
    rt_evt_set                               0x00000b85   Thumb Code    86  rt_event.o(i.rt_evt_set)
    rt_evt_wait                              0x00000be1   Thumb Code    58  rt_event.o(i.rt_evt_wait)
    rt_free_box                              0x00000c21   Thumb Code    38  rt_membox.o(i.rt_free_box)
    rt_free_mem                              0x00000c47   Thumb Code    48  rt_memory.o(i.rt_free_mem)
    rt_get_first                             0x00000c77   Thumb Code    42  rt_list.o(i.rt_get_first)
    rt_get_same_rdy_prio                     0x00000ca1   Thumb Code    26  rt_list.o(i.rt_get_same_rdy_prio)
    rt_init_mem                              0x00000d15   Thumb Code    28  rt_memory.o(i.rt_init_mem)
    rt_init_robin                            0x00000d31   Thumb Code    14  rt_robin.o(i.rt_init_robin)
    rt_init_stack                            0x00000d49   Thumb Code   106  hal_cm.o(i.rt_init_stack)
    rt_mbx_check                             0x00000dc1   Thumb Code     8  rt_mailbox.o(i.rt_mbx_check)
    rt_mbx_init                              0x00000dc9   Thumb Code    30  rt_mailbox.o(i.rt_mbx_init)
    rt_mbx_psh                               0x00000ded   Thumb Code   204  rt_mailbox.o(i.rt_mbx_psh)
    rt_mbx_wait                              0x00000ebd   Thumb Code   170  rt_mailbox.o(i.rt_mbx_wait)
    rt_pop_req                               0x00000fb1   Thumb Code   100  rt_system.o(i.rt_pop_req)
    rt_psh_req                               0x00001021   Thumb Code    24  rt_system.o(i.rt_psh_req)
    rt_psq_enq                               0x00001041   Thumb Code    60  rt_list.o(i.rt_psq_enq)
    rt_put_dly                               0x00001081   Thumb Code    74  rt_list.o(i.rt_put_dly)
    rt_put_prio                              0x000010d1   Thumb Code    60  rt_list.o(i.rt_put_prio)
    rt_put_rdy_first                         0x0000110d   Thumb Code    14  rt_list.o(i.rt_put_rdy_first)
    rt_resort_prio                           0x00001121   Thumb Code    44  rt_list.o(i.rt_resort_prio)
    rt_ret_val                               0x00001151   Thumb Code     6  hal_cm.o(i.rt_ret_val)
    rt_ret_val2                              0x00001157   Thumb Code     8  hal_cm.o(i.rt_ret_val2)
    rt_rmv_dly                               0x0000115f   Thumb Code    42  rt_list.o(i.rt_rmv_dly)
    rt_rmv_list                              0x00001189   Thumb Code    46  rt_list.o(i.rt_rmv_list)
    rt_sem_psh                               0x000011bd   Thumb Code    48  rt_semaphore.o(i.rt_sem_psh)
    rt_stk_check                             0x000011f1   Thumb Code    30  rt_system.o(i.rt_stk_check)
    rt_switch_req                            0x00001219   Thumb Code    10  rt_task.o(i.rt_switch_req)
    rt_sys_init                              0x00001229   Thumb Code   134  rt_task.o(i.rt_sys_init)
    rt_sys_start                             0x000012f1   Thumb Code    82  rt_task.o(i.rt_sys_start)
    rt_systick                               0x00001355   Thumb Code    48  rt_system.o(i.rt_systick)
    rt_tsk_create                            0x000013dd   Thumb Code   106  rt_task.o(i.rt_tsk_create)
    rt_tsk_delete                            0x00001455   Thumb Code   318  rt_task.o(i.rt_tsk_delete)
    rt_tsk_pass                              0x000015ad   Thumb Code    34  rt_task.o(i.rt_tsk_pass)
    rt_tsk_prio                              0x000015d9   Thumb Code   112  rt_task.o(i.rt_tsk_prio)
    rt_tsk_self                              0x00001659   Thumb Code    12  rt_task.o(i.rt_tsk_self)
    svcDelay                                 0x00001669   Thumb Code    18  rt_cmsis.o(i.svcDelay)
    svcKernelInitialize                      0x0000167d   Thumb Code    86  rt_cmsis.o(i.svcKernelInitialize)
    svcKernelStart                           0x000016f5   Thumb Code    66  rt_cmsis.o(i.svcKernelStart)
    svcMessageCreate                         0x00001741   Thumb Code    42  rt_cmsis.o(i.svcMessageCreate)
    svcMessageGet                            0x0000176b   Thumb Code    60  rt_cmsis.o(i.svcMessageGet)
    svcSignalSet                             0x000017a7   Thumb Code    38  rt_cmsis.o(i.svcSignalSet)
    svcSignalWait                            0x000017cd   Thumb Code    82  rt_cmsis.o(i.svcSignalWait)
    svcThreadCreate                          0x00001829   Thumb Code   102  rt_cmsis.o(i.svcThreadCreate)
    svcThreadGetId                           0x0000189d   Thumb Code    22  rt_cmsis.o(i.svcThreadGetId)
    svcThreadTerminate                       0x000018b9   Thumb Code    56  rt_cmsis.o(i.svcThreadTerminate)
    svcThreadYield                           0x000018f5   Thumb Code    10  rt_cmsis.o(i.svcThreadYield)
    svcTimerCall                             0x000018ff   Thumb Code    28  rt_cmsis.o(i.svcTimerCall)
    sysTimerTick                             0x0000191d   Thumb Code    78  rt_cmsis.o(i.sysTimerTick)
    os_thread_def_Thread_LED                 0x00001974   Data          16  blinky.o(.constdata)
    led_pin                                  0x00001984   Data          12  led_frdm-kl25z.o(.constdata)
    led_port                                 0x00001990   Data          12  led_frdm-kl25z.o(.constdata)
    led_gpio                                 0x0000199c   Data          12  led_frdm-kl25z.o(.constdata)
    os_maxtaskrun                            0x000019a8   Data           2  rtx_conf_cm.o(.constdata)
    os_stackinfo                             0x000019ac   Data           4  rtx_conf_cm.o(.constdata)
    os_rrobin                                0x000019b0   Data           4  rtx_conf_cm.o(.constdata)
    os_tickfreq                              0x000019b4   Data           4  rtx_conf_cm.o(.constdata)
    os_tickus_i                              0x000019b8   Data           2  rtx_conf_cm.o(.constdata)
    os_tickus_f                              0x000019ba   Data           2  rtx_conf_cm.o(.constdata)
    os_trv                                   0x000019bc   Data           4  rtx_conf_cm.o(.constdata)
    os_flags                                 0x000019c0   Data           1  rtx_conf_cm.o(.constdata)
    CMSIS_RTOS_API_Version                   0x000019c4   Data           4  rtx_conf_cm.o(.constdata)
    CMSIS_RTOS_RTX_Version                   0x000019c8   Data           4  rtx_conf_cm.o(.constdata)
    os_clockrate                             0x000019cc   Data           4  rtx_conf_cm.o(.constdata)
    os_timernum                              0x000019d0   Data           4  rtx_conf_cm.o(.constdata)
    mp_tcb_size                              0x000019d4   Data           2  rtx_conf_cm.o(.constdata)
    mp_stk_size                              0x000019d8   Data           4  rtx_conf_cm.o(.constdata)
    os_stack_sz                              0x000019dc   Data           4  rtx_conf_cm.o(.constdata)
    os_fifo_size                             0x000019e0   Data           1  rtx_conf_cm.o(.constdata)
    os_thread_def_osTimerThread              0x000019e4   Data          16  rtx_conf_cm.o(.constdata)
    os_messageQ_def_osTimerMessageQ          0x000019f4   Data           8  rtx_conf_cm.o(.constdata)
    mp_tmr_size                              0x000019fc   Data           2  rtx_conf_cm.o(.constdata)
    os_thread_def_main                       0x00001a00   Data          16  rtx_conf_cm.o(.constdata)
    Region$$Table$$Base                      0x00001a10   Number         0  anon$$obj.o(Region$$Table)
    Region$$Table$$Limit                     0x00001a30   Number         0  anon$$obj.o(Region$$Table)
    tid_Thread_LED                           0x1ffff000   Data           4  blinky.o(.data)
    osThreadId_osTimerThread                 0x1ffff004   Data           4  rtx_conf_cm.o(.data)
    osMessageQId_osTimerMessageQ             0x1ffff008   Data           4  rtx_conf_cm.o(.data)
    os_tmr                                   0x1ffff00c   Data           4  rtx_conf_cm.o(.data)
    m_tmr                                    0x1ffff010   Data           4  rtx_conf_cm.o(.data)
    SystemCoreClock                          0x1ffff014   Data           4  system_mkl25z4.o(.data)
    os_initialized                           0x1ffff018   Data           1  rt_cmsis.o(.data)
    os_running                               0x1ffff019   Data           1  rt_cmsis.o(.data)
    os_timer_head                            0x1ffff01c   Data           4  rt_cmsis.o(.data)
    os_tsk                                   0x1ffff020   Data           8  rt_task.o(.data)
    os_tick_irqn                             0x1ffff02c   Data           4  rt_system.o(.data)
    os_time                                  0x1ffff030   Data           4  rt_time.o(.data)
    os_robin                                 0x1ffff034   Data           8  rt_robin.o(.data)
    mp_tcb                                   0x1ffff040   Data         220  rtx_conf_cm.o(.bss)
    mp_stk                                   0x1ffff120   Data         616  rtx_conf_cm.o(.bss)
    os_stack_mem                             0x1ffff388   Data         432  rtx_conf_cm.o(.bss)
    os_fifo                                  0x1ffff538   Data         132  rtx_conf_cm.o(.bss)
    os_active_TCB                            0x1ffff5bc   Data          16  rtx_conf_cm.o(.bss)
    os_messageQ_q_osTimerMessageQ            0x1ffff5cc   Data          32  rtx_conf_cm.o(.bss)
    os_idle_TCB                              0x1ffff5ec   Data          52  rt_task.o(.bss)
    os_rdy                                   0x1ffff620   Data          24  rt_list.o(.bss)
    os_dly                                   0x1ffff638   Data          24  rt_list.o(.bss)
    __initial_sp                             0x1ffff750   Data           0  startup_mkl25z4.o(STACK)



==============================================================================

Memory Map of the image

  Image Entry point : 0x000000c1

  Load Region LR_IROM1 (Base: 0x00000000, Size: 0x00001a6c, Max: 0x00020000, ABSOLUTE)

    Execution Region ER_IROM1 (Exec base: 0x00000000, Load base: 0x00000000, Size: 0x00001a30, Max: 0x00020000, ABSOLUTE)

    Exec Addr    Load Addr    Size         Type   Attr      Idx    E Section Name        Object

    0x00000000   0x00000000   0x000000c0   Data   RO          114    RESET               startup_mkl25z4.o
    0x000000c0   0x000000c0   0x00000000   Code   RO         1335  * .ARM.Collect$$$$00000000  mc_p.l(entry.o)
    0x000000c0   0x000000c0   0x00000004   Code   RO         1342    .ARM.Collect$$$$00000001  mc_p.l(entry2.o)
    0x000000c4   0x000000c4   0x00000004   Code   RO         1345    .ARM.Collect$$$$00000004  mc_p.l(entry5.o)
    0x000000c8   0x000000c8   0x00000000   Code   RO         1347    .ARM.Collect$$$$00000008  mc_p.l(entry7b.o)
    0x000000c8   0x000000c8   0x00000000   Code   RO         1349    .ARM.Collect$$$$0000000A  mc_p.l(entry8b.o)
    0x000000c8   0x000000c8   0x00000000   Code   RO         1350    .ARM.Collect$$$$0000000D  mc_p.l(entry10a.o)
    0x000000c8   0x000000c8   0x00000000   Code   RO         1352    .ARM.Collect$$$$0000000F  mc_p.l(entry11a.o)
    0x000000c8   0x000000c8   0x00000018   Code   RO           83    .ARM.Collect$$$$000000FF  rtx_conf_cm.o
    0x000000e0   0x000000e0   0x00000004   Code   RO         1343    .ARM.Collect$$$$00002712  mc_p.l(entry2.o)
    0x000000e4   0x000000e4   0x00000164   Code   RO         1322    .emb_text           RTX_CM0.lib(hal_cm0.o)
    0x00000248   0x00000248   0x00000094   Code   RO            3    .text               blinky.o
    0x000002dc   0x000002dc   0x00000110   Code   RO           62    .text               led_frdm-kl25z.o
    0x000003ec   0x000003ec   0x00000004   Code   RO         1332    SVC_TABLE           RTX_CM0.lib(svc_table.o)
    0x000003f0   0x000003f0   0x0000000e   Code   RO         1362    i.__scatterload_copy  mc_p.l(handlers.o)
    0x000003fe   0x000003fe   0x00000002   Code   RO         1363    i.__scatterload_null  mc_p.l(handlers.o)
    0x00000400   0x00000400   0x00000010   Code   RO          115    .ARM.__at_0x400     startup_mkl25z4.o
    0x00000410   0x00000410   0x00000026   Code   RO           84    .text               rtx_conf_cm.o
    0x00000436   0x00000436   0x00000002   PAD
    0x00000438   0x00000438   0x00000028   Code   RO          116    .text               startup_mkl25z4.o
    0x00000460   0x00000460   0x0000019c   Code   RO          124    .text               system_mkl25z4.o
    0x000005fc   0x000005fc   0x0000002c   Code   RO         1338    .text               mc_p.l(uidiv.o)
    0x00000628   0x00000628   0x00000024   Code   RO         1358    .text               mc_p.l(init.o)
    0x0000064c   0x0000064c   0x0000001c   Code   RO          142    i.__ARM_common_switch8  system_mkl25z4.o
    0x00000668   0x00000668   0x0000000e   Code   RO         1364    i.__scatterload_zeroinit  mc_p.l(handlers.o)
    0x00000676   0x00000676   0x00000048   Code   RO         1224    i._init_box         RTX_CM0.lib(rt_membox.o)
    0x000006be   0x000006be   0x0000002e   Code   RO          152    i.isrMessageGet     RTX_CM0.lib(rt_cmsis.o)
    0x000006ec   0x000006ec   0x00000030   Code   RO          153    i.isrMessagePut     RTX_CM0.lib(rt_cmsis.o)
    0x0000071c   0x0000071c   0x00000026   Code   RO          155    i.isrSignalSet      RTX_CM0.lib(rt_cmsis.o)
    0x00000742   0x00000742   0x00000002   PAD
    0x00000744   0x00000744   0x00000024   Code   RO          948    i.isr_evt_set       RTX_CM0.lib(rt_event.o)
    0x00000768   0x00000768   0x0000004c   Code   RO         1070    i.isr_mbx_receive   RTX_CM0.lib(rt_mailbox.o)
    0x000007b4   0x000007b4   0x0000000c   Code   RO         1071    i.isr_mbx_send      RTX_CM0.lib(rt_mailbox.o)
    0x000007c0   0x000007c0   0x0000001c   Code   RO          156    i.osDelay           RTX_CM0.lib(rt_cmsis.o)
    0x000007dc   0x000007dc   0x00000028   Code   RO          157    i.osKernelInitialize  RTX_CM0.lib(rt_cmsis.o)
    0x00000804   0x00000804   0x0000006c   Code   RO          159    i.osKernelStart     RTX_CM0.lib(rt_cmsis.o)
    0x00000870   0x00000870   0x0000001c   Code   RO          168    i.osMessageGet      RTX_CM0.lib(rt_cmsis.o)
    0x0000088c   0x0000088c   0x0000001c   Code   RO          183    i.osSignalSet       RTX_CM0.lib(rt_cmsis.o)
    0x000008a8   0x000008a8   0x0000001c   Code   RO          184    i.osSignalWait      RTX_CM0.lib(rt_cmsis.o)
    0x000008c4   0x000008c4   0x00000034   Code   RO          185    i.osThreadCreate    RTX_CM0.lib(rt_cmsis.o)
    0x000008f8   0x000008f8   0x00000018   Code   RO          186    i.osThreadExit      RTX_CM0.lib(rt_cmsis.o)
    0x00000910   0x00000910   0x0000001c   Code   RO          191    i.osThreadYield     RTX_CM0.lib(rt_cmsis.o)
    0x0000092c   0x0000092c   0x00000010   Code   RO          192    i.osTimerCall       RTX_CM0.lib(rt_cmsis.o)
    0x0000093c   0x0000093c   0x0000002c   Code   RO          197    i.osTimerThread     RTX_CM0.lib(rt_cmsis.o)
    0x00000968   0x00000968   0x0000002c   Code   RO          858    i.os_tick_init      RTX_CM0.lib(rt_system.o)
    0x00000994   0x00000994   0x00000002   Code   RO          859    i.os_tick_irqack    RTX_CM0.lib(rt_system.o)
    0x00000996   0x00000996   0x0000001e   Code   RO         1225    i.rt_alloc_box      RTX_CM0.lib(rt_membox.o)
    0x000009b4   0x000009b4   0x00000042   Code   RO         1253    i.rt_alloc_mem      RTX_CM0.lib(rt_memory.o)
    0x000009f6   0x000009f6   0x00000002   PAD
    0x000009f8   0x000009f8   0x00000038   Code   RO          773    i.rt_block          RTX_CM0.lib(rt_task.o)
    0x00000a30   0x00000a30   0x00000044   Code   RO         1301    i.rt_chk_robin      RTX_CM0.lib(rt_robin.o)
    0x00000a74   0x00000a74   0x00000074   Code   RO          994    i.rt_dec_dly        RTX_CM0.lib(rt_list.o)
    0x00000ae8   0x00000ae8   0x00000040   Code   RO          774    i.rt_dispatch       RTX_CM0.lib(rt_task.o)
    0x00000b28   0x00000b28   0x0000000a   Code   RO         1160    i.rt_dly_wait       RTX_CM0.lib(rt_time.o)
    0x00000b32   0x00000b32   0x00000002   PAD
    0x00000b34   0x00000b34   0x00000050   Code   RO          951    i.rt_evt_psh        RTX_CM0.lib(rt_event.o)
    0x00000b84   0x00000b84   0x0000005c   Code   RO          952    i.rt_evt_set        RTX_CM0.lib(rt_event.o)
    0x00000be0   0x00000be0   0x00000040   Code   RO          953    i.rt_evt_wait       RTX_CM0.lib(rt_event.o)
    0x00000c20   0x00000c20   0x00000026   Code   RO         1226    i.rt_free_box       RTX_CM0.lib(rt_membox.o)
    0x00000c46   0x00000c46   0x00000030   Code   RO         1254    i.rt_free_mem       RTX_CM0.lib(rt_memory.o)
    0x00000c76   0x00000c76   0x0000002a   Code   RO          995    i.rt_get_first      RTX_CM0.lib(rt_list.o)
    0x00000ca0   0x00000ca0   0x00000024   Code   RO          996    i.rt_get_same_rdy_prio  RTX_CM0.lib(rt_list.o)
    0x00000cc4   0x00000cc4   0x00000008   Code   RO          202    i.rt_id2obj         RTX_CM0.lib(rt_cmsis.o)
    0x00000ccc   0x00000ccc   0x00000048   Code   RO          775    i.rt_init_context   RTX_CM0.lib(rt_task.o)
    0x00000d14   0x00000d14   0x0000001c   Code   RO         1255    i.rt_init_mem       RTX_CM0.lib(rt_memory.o)
    0x00000d30   0x00000d30   0x00000018   Code   RO         1302    i.rt_init_robin     RTX_CM0.lib(rt_robin.o)
    0x00000d48   0x00000d48   0x00000078   Code   RO         1277    i.rt_init_stack     RTX_CM0.lib(hal_cm.o)
    0x00000dc0   0x00000dc0   0x00000008   Code   RO         1072    i.rt_mbx_check      RTX_CM0.lib(rt_mailbox.o)
    0x00000dc8   0x00000dc8   0x00000024   Code   RO         1073    i.rt_mbx_init       RTX_CM0.lib(rt_mailbox.o)
    0x00000dec   0x00000dec   0x000000d0   Code   RO         1074    i.rt_mbx_psh        RTX_CM0.lib(rt_mailbox.o)
    0x00000ebc   0x00000ebc   0x000000b0   Code   RO         1076    i.rt_mbx_wait       RTX_CM0.lib(rt_mailbox.o)
    0x00000f6c   0x00000f6c   0x00000044   Code   RO          203    i.rt_ms2tick        RTX_CM0.lib(rt_cmsis.o)
    0x00000fb0   0x00000fb0   0x00000070   Code   RO          862    i.rt_pop_req        RTX_CM0.lib(rt_system.o)
    0x00001020   0x00001020   0x00000020   Code   RO          863    i.rt_psh_req        RTX_CM0.lib(rt_system.o)
    0x00001040   0x00001040   0x00000040   Code   RO          997    i.rt_psq_enq        RTX_CM0.lib(rt_list.o)
    0x00001080   0x00001080   0x00000050   Code   RO          998    i.rt_put_dly        RTX_CM0.lib(rt_list.o)
    0x000010d0   0x000010d0   0x0000003c   Code   RO          999    i.rt_put_prio       RTX_CM0.lib(rt_list.o)
    0x0000110c   0x0000110c   0x00000014   Code   RO         1000    i.rt_put_rdy_first  RTX_CM0.lib(rt_list.o)
    0x00001120   0x00001120   0x00000030   Code   RO         1001    i.rt_resort_prio    RTX_CM0.lib(rt_list.o)
    0x00001150   0x00001150   0x00000006   Code   RO         1278    i.rt_ret_val        RTX_CM0.lib(hal_cm.o)
    0x00001156   0x00001156   0x00000008   Code   RO         1279    i.rt_ret_val2       RTX_CM0.lib(hal_cm.o)
    0x0000115e   0x0000115e   0x0000002a   Code   RO         1002    i.rt_rmv_dly        RTX_CM0.lib(rt_list.o)
    0x00001188   0x00001188   0x00000034   Code   RO         1003    i.rt_rmv_list       RTX_CM0.lib(rt_list.o)
    0x000011bc   0x000011bc   0x00000034   Code   RO         1121    i.rt_sem_psh        RTX_CM0.lib(rt_semaphore.o)
    0x000011f0   0x000011f0   0x00000028   Code   RO          865    i.rt_stk_check      RTX_CM0.lib(rt_system.o)
    0x00001218   0x00001218   0x00000010   Code   RO          776    i.rt_switch_req     RTX_CM0.lib(rt_task.o)
    0x00001228   0x00001228   0x000000c8   Code   RO          777    i.rt_sys_init       RTX_CM0.lib(rt_task.o)
    0x000012f0   0x000012f0   0x00000064   Code   RO          778    i.rt_sys_start      RTX_CM0.lib(rt_task.o)
    0x00001354   0x00001354   0x0000003c   Code   RO          867    i.rt_systick        RTX_CM0.lib(rt_system.o)
    0x00001390   0x00001390   0x00000012   Code   RO          204    i.rt_tid2ptcb       RTX_CM0.lib(rt_cmsis.o)
    0x000013a2   0x000013a2   0x00000002   PAD
    0x000013a4   0x000013a4   0x00000038   Code   RO          205    i.rt_timer_insert   RTX_CM0.lib(rt_cmsis.o)
    0x000013dc   0x000013dc   0x00000078   Code   RO          779    i.rt_tsk_create     RTX_CM0.lib(rt_task.o)
    0x00001454   0x00001454   0x00000158   Code   RO          780    i.rt_tsk_delete     RTX_CM0.lib(rt_task.o)
    0x000015ac   0x000015ac   0x0000002c   Code   RO          781    i.rt_tsk_pass       RTX_CM0.lib(rt_task.o)
    0x000015d8   0x000015d8   0x00000080   Code   RO          782    i.rt_tsk_prio       RTX_CM0.lib(rt_task.o)
    0x00001658   0x00001658   0x00000010   Code   RO          783    i.rt_tsk_self       RTX_CM0.lib(rt_task.o)
    0x00001668   0x00001668   0x00000012   Code   RO          207    i.svcDelay          RTX_CM0.lib(rt_cmsis.o)
    0x0000167a   0x0000167a   0x00000002   PAD
    0x0000167c   0x0000167c   0x00000078   Code   RO          208    i.svcKernelInitialize  RTX_CM0.lib(rt_cmsis.o)
    0x000016f4   0x000016f4   0x0000004c   Code   RO          210    i.svcKernelStart    RTX_CM0.lib(rt_cmsis.o)
    0x00001740   0x00001740   0x0000002a   Code   RO          213    i.svcMessageCreate  RTX_CM0.lib(rt_cmsis.o)
    0x0000176a   0x0000176a   0x0000003c   Code   RO          214    i.svcMessageGet     RTX_CM0.lib(rt_cmsis.o)
    0x000017a6   0x000017a6   0x00000026   Code   RO          226    i.svcSignalSet      RTX_CM0.lib(rt_cmsis.o)
    0x000017cc   0x000017cc   0x0000005c   Code   RO          227    i.svcSignalWait     RTX_CM0.lib(rt_cmsis.o)
    0x00001828   0x00001828   0x00000074   Code   RO          228    i.svcThreadCreate   RTX_CM0.lib(rt_cmsis.o)
    0x0000189c   0x0000189c   0x0000001c   Code   RO          229    i.svcThreadGetId    RTX_CM0.lib(rt_cmsis.o)
    0x000018b8   0x000018b8   0x0000003c   Code   RO          232    i.svcThreadTerminate  RTX_CM0.lib(rt_cmsis.o)
    0x000018f4   0x000018f4   0x0000000a   Code   RO          233    i.svcThreadYield    RTX_CM0.lib(rt_cmsis.o)
    0x000018fe   0x000018fe   0x0000001c   Code   RO          234    i.svcTimerCall      RTX_CM0.lib(rt_cmsis.o)
    0x0000191a   0x0000191a   0x00000002   PAD
    0x0000191c   0x0000191c   0x00000058   Code   RO          243    i.sysTimerTick      RTX_CM0.lib(rt_cmsis.o)
    0x00001974   0x00001974   0x00000010   Data   RO            4    .constdata          blinky.o
    0x00001984   0x00001984   0x00000024   Data   RO           63    .constdata          led_frdm-kl25z.o
    0x000019a8   0x000019a8   0x00000068   Data   RO           86    .constdata          rtx_conf_cm.o
    0x00001a10   0x00001a10   0x00000020   Data   RO         1360    Region$$Table       anon$$obj.o


    Execution Region RW_IRAM1 (Exec base: 0x1ffff000, Load base: 0x00001a30, Size: 0x00000750, Max: 0x00004000, ABSOLUTE)

    Exec Addr    Load Addr    Size         Type   Attr      Idx    E Section Name        Object

    0x1ffff000   0x00001a30   0x00000004   Data   RW            5    .data               blinky.o
    0x1ffff004   0x00001a34   0x00000010   Data   RW           87    .data               rtx_conf_cm.o
    0x1ffff014   0x00001a44   0x00000004   Data   RW          125    .data               system_mkl25z4.o
    0x1ffff018   0x00001a48   0x00000008   Data   RW          246    .data               RTX_CM0.lib(rt_cmsis.o)
    0x1ffff020   0x00001a50   0x00000008   Data   RW          785    .data               RTX_CM0.lib(rt_task.o)
    0x1ffff028   0x00001a58   0x00000008   Data   RW          870    .data               RTX_CM0.lib(rt_system.o)
    0x1ffff030   0x00001a60   0x00000004   Data   RW         1164    .data               RTX_CM0.lib(rt_time.o)
    0x1ffff034   0x00001a64   0x00000008   Data   RW         1303    .data               RTX_CM0.lib(rt_robin.o)
    0x1ffff03c   0x00001a6c   0x00000004   PAD
    0x1ffff040        -       0x000005ac   Zero   RW           85    .bss                rtx_conf_cm.o
    0x1ffff5ec        -       0x00000034   Zero   RW          784    .bss                RTX_CM0.lib(rt_task.o)
    0x1ffff620        -       0x00000030   Zero   RW         1004    .bss                RTX_CM0.lib(rt_list.o)
    0x1ffff650        -       0x00000100   Zero   RW          112    STACK               startup_mkl25z4.o


==============================================================================

Image component sizes


      Code (inc. data)   RO Data    RW Data    ZI Data      Debug   Object Name

       148         10         16          4          0      10258   blinky.o
       272         18         36          0          0       2453   led_frdm-kl25z.o
        62          6        104         16       1452       7366   rtx_conf_cm.o
        56         30        192          0        256        848   startup_mkl25z4.o
       440         40          0          4          0       1269   system_mkl25z4.o

    ----------------------------------------------------------------------
       980        104        380         24       1708      22194   Object Totals
         0          0         32          0          0          0   (incl. Generated)
         2          0          0          0          0          0   (incl. Padding)

    ----------------------------------------------------------------------

      Code (inc. data)   RO Data    RW Data    ZI Data      Debug   Library Member Name

       134         14          0          0          0       1667   hal_cm.o
       356         40          0          0          0        832   hal_cm0.o
      1482        172          0          8          0      36611   rt_cmsis.o
       272         24          0          0          0       2522   rt_event.o
       560         44          0          0         48       8520   rt_list.o
       516         16          0          0          0       3789   rt_mailbox.o
       140          0          0          0          0       1937   rt_membox.o
       142          0          0          0          0       2283   rt_memory.o
        92         22          0          8          0       1102   rt_robin.o
        52          4          0          0          0        545   rt_semaphore.o
       290         54          0          8          0       5967   rt_system.o
      1160        188          0          8         52       9615   rt_task.o
        10          0          0          4          0        664   rt_time.o
         4          4          0          0          0        200   svc_table.o
         0          0          0          0          0          0   entry.o
         0          0          0          0          0          0   entry10a.o
         0          0          0          0          0          0   entry11a.o
         8          4          0          0          0          0   entry2.o
         4          0          0          0          0          0   entry5.o
         0          0          0          0          0          0   entry7b.o
         0          0          0          0          0          0   entry8b.o
        30          0          0          0          0          0   handlers.o
        36          8          0          0          0         68   init.o
        44          0          0          0          0         72   uidiv.o

    ----------------------------------------------------------------------
      5344        594          0         36        104      76394   Library Totals
        12          0          0          0          4          0   (incl. Padding)

    ----------------------------------------------------------------------

      Code (inc. data)   RO Data    RW Data    ZI Data      Debug   Library Name

      5210        582          0         36        100      76254   RTX_CM0.lib
       122         12          0          0          0        140   mc_p.l

    ----------------------------------------------------------------------
      5344        594          0         36        104      76394   Library Totals

    ----------------------------------------------------------------------

==============================================================================


      Code (inc. data)   RO Data    RW Data    ZI Data      Debug   

      6324        698        380         60       1812      95036   Grand Totals
      6324        698        380         60       1812      95036   ELF Image Totals
      6324        698        380         60          0          0   ROM Totals

==============================================================================

    Total RO  Size (Code + RO Data)                 6704 (   6.55kB)
    Total RW  Size (RW Data + ZI Data)              1872 (   1.83kB)
    Total ROM Size (Code + RO Data + RW Data)       6764 (   6.61kB)

==============================================================================

