<html>
<body>
<pre>
<h1>µVision Build Log</h1>
<h2>Tool Versions:</h2>
IDE-Version: µVision V5.39.0.0
Copyright (C) 2023 ARM Ltd and ARM Germany GmbH. All rights reserved.
License Information: Nazrul Syahmi, NUS, LIC=----
 
Tool Versions:
Toolchain:       MDK-Lite  Version: 5.39.0.0
Toolchain Path:  C:\Keil_v5\ARM\ARMCLANG\Bin
C Compiler:      ArmClang.exe V6.21
Assembler:       Armasm.exe V6.21
Linker/Locator:  ArmLink.exe V6.21
Library Manager: ArmAr.exe V6.21
Hex Converter:   FromElf.exe V6.21
CPU DLL:         SARMCM3.DLL V5.39.0.0
Dialog DLL:      DARMCM1.DLL V1.19.6.0
Target DLL:      UL2CM3.DLL V1.164.9.0
Dialog DLL:      TARMCM1.DLL V1.14.6.0
 
<h2>Project:</h2>
C:\Users\nazru\Documents\cg2271 labs\lab7\lab7.uvprojx
Project File Date:  03/12/2024

<h2>Output:</h2>
*** Using Compiler 'V6.21', folder: 'C:\Keil_v5\ARM\ARMCLANG\Bin'
Build target 'Target 1'
main.c(17): warning: no previous prototype for function 'InitGPIO' [-Wmissing-prototypes]
   17 | void InitGPIO(void) {
      |      ^
main.c(17): note: declare 'static' if the function is not intended to be used outside of this translation unit
   17 | void InitGPIO(void) {
      | ^
      | static 
main.c(38): warning: no previous prototype for function 'turnLEDOn' [-Wmissing-prototypes]
   38 | void turnLEDOn(int LED) {
      |      ^
main.c(38): note: declare 'static' if the function is not intended to be used outside of this translation unit
   38 | void turnLEDOn(int LED) {
      | ^
      | static 
main.c(47): warning: no previous prototype for function 'turnLEDOff' [-Wmissing-prototypes]
   47 | void turnLEDOff(int LED) {
      |      ^
main.c(47): note: declare 'static' if the function is not intended to be used outside of this translation unit
   47 | void turnLEDOff(int LED) {
      | ^
      | static 
main.c(55): warning: no previous prototype for function 'offRGB' [-Wmissing-prototypes]
   55 | void offRGB(void) {
      |      ^
main.c(55): note: declare 'static' if the function is not intended to be used outside of this translation unit
   55 | void offRGB(void) {
      | ^
      | static 
main.c(85): warning: unused parameter 'argument' [-Wunused-parameter]
   85 | __NO_RETURN static void led_red_thread (void *argument) {
      |                                               ^
main.c(104): warning: unused parameter 'argument' [-Wunused-parameter]
  104 | __NO_RETURN static void led_green_thread (void *argument) {
      |                                                 ^
main.c(121): warning: no previous extern declaration for non-static variable 'thread_attr' [-Wmissing-variable-declarations]
  121 | const osThreadAttr_t thread_attr = {
      |                      ^
main.c(121): note: declare 'static' if the variable is not intended to be used outside of this translation unit
  121 | const osThreadAttr_t thread_attr = {
      |       ^
main.c(139): warning: no newline at end of file [-Wnewline-eof]
  139 | }
      |  ^
main.c(15): warning: no previous extern declaration for non-static variable 'myMutex' [-Wmissing-variable-declarations]
   15 | osMutexId_t myMutex;
      |             ^
main.c(15): note: declare 'static' if the variable is not intended to be used outside of this translation unit
   15 | osMutexId_t myMutex;
      | ^
main.c(24): warning: unsafe buffer access [-Wunsafe-buffer-usage]
   24 |   PORTB->PCR[RED_LED] &= ~PORT_PCR_MUX_MASK;
      |   ^~~~~~~~~~
C:/Users/nazru/AppData/Local/Arm/Packs/Keil/Kinetis_KLxx_DFP/1.15.1/Device/Include\MKL25Z4.h(4446): note: expanded from macro 'PORTB'
 4446 | #define PORTB                                    ((PORT_Type *)PORTB_BASE)
      |                                                  ^
main.c(25): warning: unsafe buffer access [-Wunsafe-buffer-usage]
   25 |   PORTB->PCR[RED_LED] |= PORT_PCR_MUX(1);
      |   ^~~~~~~~~~
C:/Users/nazru/AppData/Local/Arm/Packs/Keil/Kinetis_KLxx_DFP/1.15.1/Device/Include\MKL25Z4.h(4446): note: expanded from macro 'PORTB'
 4446 | #define PORTB                                    ((PORT_Type *)PORTB_BASE)
      |                                                  ^
main.c(27): warning: unsafe buffer access [-Wunsafe-buffer-usage]
   27 |   PORTB->PCR[GREEN_LED] &= ~PORT_PCR_MUX_MASK;
      |   ^~~~~~~~~~
C:/Users/nazru/AppData/Local/Arm/Packs/Keil/Kinetis_KLxx_DFP/1.15.1/Device/Include\MKL25Z4.h(4446): note: expanded from macro 'PORTB'
 4446 | #define PORTB                                    ((PORT_Type *)PORTB_BASE)
      |                                                  ^
main.c(28): warning: unsafe buffer access [-Wunsafe-buffer-usage]
   28 |   PORTB->PCR[GREEN_LED] |= PORT_PCR_MUX(1);
      |   ^~~~~~~~~~
C:/Users/nazru/AppData/Local/Arm/Packs/Keil/Kinetis_KLxx_DFP/1.15.1/Device/Include\MKL25Z4.h(4446): note: expanded from macro 'PORTB'
 4446 | #define PORTB                                    ((PORT_Type *)PORTB_BASE)
      |                                                  ^
main.c(30): warning: unsafe buffer access [-Wunsafe-buffer-usage]
   30 |   PORTD->PCR[BLUE_LED] &= ~PORT_PCR_MUX_MASK;
      |   ^~~~~~~~~~
C:/Users/nazru/AppData/Local/Arm/Packs/Keil/Kinetis_KLxx_DFP/1.15.1/Device/Include\MKL25Z4.h(4456): note: expanded from macro 'PORTD'
 4456 | #define PORTD                                    ((PORT_Type *)PORTD_BASE)
      |                                                  ^
main.c(31): warning: unsafe buffer access [-Wunsafe-buffer-usage]
   31 |   PORTD->PCR[BLUE_LED] |= PORT_PCR_MUX(1);
      |   ^~~~~~~~~~
C:/Users/nazru/AppData/Local/Arm/Packs/Keil/Kinetis_KLxx_DFP/1.15.1/Device/Include\MKL25Z4.h(4456): note: expanded from macro 'PORTD'
 4456 | #define PORTD                                    ((PORT_Type *)PORTD_BASE)
      |                                                  ^
15 warnings generated.
compiling main.c...
linking...
Program Size: Code=8320 RO-data=540 RW-data=168 ZI-data=34496  
".\Objects\lab7.axf" - 0 Error(s), 15 Warning(s).

<h2>Software Packages used:</h2>

Package Vendor: ARM
                http://www.keil.com/pack/ARM.CMSIS.5.9.0.pack
                ARM::CMSIS@5.9.0
                CMSIS (Common Microcontroller Software Interface Standard)
   * Component: RTOS2 Version: 2.1.3
   * Component: CORE Version: 5.6.0
   * Component: Keil RTX5 Variant: Library Version: 5.5.4

Package Vendor: Keil
                https://www.keil.com/pack/Keil.Kinetis_KLxx_DFP.1.15.1.pack
                Keil::Kinetis_KLxx_DFP@1.15.1
                NXP Kinetis KLxx Series Device Support and Examples
   * Component: Startup Version: 2.5.0

<h2>Collection of Component include folders:</h2>
  ./RTE/CMSIS
  ./RTE/Device/MKL25Z128xxx4
  ./RTE/_Target_1
  C:/Users/nazru/AppData/Local/Arm/Packs/ARM/CMSIS/5.9.0/CMSIS/Core/Include
  C:/Users/nazru/AppData/Local/Arm/Packs/ARM/CMSIS/5.9.0/CMSIS/RTOS2/Include
  C:/Users/nazru/AppData/Local/Arm/Packs/ARM/CMSIS/5.9.0/CMSIS/RTOS2/RTX/Include
  C:/Users/nazru/AppData/Local/Arm/Packs/Keil/Kinetis_KLxx_DFP/1.15.1/Device/Include

<h2>Collection of Component Files used:</h2>

   * Component: ::CMSIS:RTOS2(API)@2.1.3
      Include file:  CMSIS/RTOS2/Include/cmsis_os2.h

   * Component: ARM::CMSIS:CORE@5.6.0

   * Component: ARM::CMSIS:RTOS2:Keil RTX5&Library@5.5.4
      Source file:   CMSIS/RTOS2/RTX/Template/main.c
      Source file:   CMSIS/RTOS2/RTX/Template/Events.c
      Include file:  CMSIS/RTOS2/RTX/Include/rtx_os.h
      Source file:   CMSIS/RTOS2/RTX/Template/MemPool.c
      Source file:   CMSIS/RTOS2/RTX/Template/MsgQueue.c
      Include file:  CMSIS/RTOS2/RTX/Config/RTX_Config.h
      Source file:   CMSIS/RTOS2/RTX/Config/RTX_Config.c
      Source file:   CMSIS/RTOS2/RTX/Template/Semaphore.c
      Library file:  CMSIS/RTOS2/RTX/Library/ARM/RTX_CM0.lib
      Source file:   CMSIS/RTOS2/RTX/Template/Thread.c
      Source file:   CMSIS/RTOS2/RTX/Template/svc_user.c
      Source file:   CMSIS/RTOS2/RTX/Template/Mutex.c
      Source file:   CMSIS/RTOS2/RTX/Template/Timer.c
      Source file:   CMSIS/RTOS2/RTX/Source/rtx_lib.c

   * Component: Keil::Device:Startup@2.5.0
      Include file:  Device/Source/system_MKL25Z4.h
      Source file:   Device/Source/ARM/startup_MKL25Z4.s
      Source file:   Device/Source/system_MKL25Z4.c
Build Time Elapsed:  00:00:01
</pre>
</body>
</html>
