Component: Arm Compiler for Embedded 6.21 Tool: armlink [5ec1fa00]

==============================================================================

Section Cross References

    main.o(.text.initUART2) refers to uidiv_div0.o(.text) for __aeabi_uidiv
    main.o(.text.initUART2) refers to main.o(.text.__NVIC_SetPriority) for __NVIC_SetPriority
    main.o(.text.initUART2) refers to main.o(.text.__NVIC_ClearPendingIRQ) for __NVIC_ClearPendingIRQ
    main.o(.text.initUART2) refers to main.o(.text.__NVIC_EnableIRQ) for __NVIC_EnableIRQ
    main.o(.ARM.exidx.text.initUART2) refers to main.o(.text.initUART2) for [Anonymous Symbol]
    main.o(.ARM.exidx.text.__NVIC_SetPriority) refers to main.o(.text.__NVIC_SetPriority) for [Anonymous Symbol]
    main.o(.ARM.exidx.text.__NVIC_ClearPendingIRQ) refers to main.o(.text.__NVIC_ClearPendingIRQ) for [Anonymous Symbol]
    main.o(.ARM.exidx.text.__NVIC_EnableIRQ) refers to main.o(.text.__NVIC_EnableIRQ) for [Anonymous Symbol]
    main.o(.text.UART2_IRQHandler) refers to main.o(.text.__NVIC_ClearPendingIRQ) for __NVIC_ClearPendingIRQ
    main.o(.text.UART2_IRQHandler) refers to main.o(.bss.rxData) for rxData
    main.o(.ARM.exidx.text.UART2_IRQHandler) refers to main.o(.text.UART2_IRQHandler) for [Anonymous Symbol]
    main.o(.ARM.exidx.text.initPWM) refers to main.o(.text.initPWM) for [Anonymous Symbol]
    main.o(.text.initGPIO) refers to main.o(.data.green_leds) for green_leds
    main.o(.ARM.exidx.text.initGPIO) refers to main.o(.text.initGPIO) for [Anonymous Symbol]
    main.o(.text.tBrain) refers to rtx_semaphore.o(.text.osSemaphoreAcquire) for osSemaphoreAcquire
    main.o(.text.tBrain) refers to rtx_msgqueue.o(.text.osMessageQueuePut) for osMessageQueuePut
    main.o(.text.tBrain) refers to rtx_semaphore.o(.text.osSemaphoreRelease) for osSemaphoreRelease
    main.o(.text.tBrain) refers to main.o(.bss.mySem) for mySem
    main.o(.text.tBrain) refers to main.o(.bss.rxData) for rxData
    main.o(.text.tBrain) refers to main.o(.data.leftDirection) for leftDirection
    main.o(.text.tBrain) refers to main.o(.bss.leftSpeed) for leftSpeed
    main.o(.text.tBrain) refers to main.o(.bss.rightDirection) for rightDirection
    main.o(.text.tBrain) refers to main.o(.bss.rightSpeed) for rightSpeed
    main.o(.text.tBrain) refers to main.o(.bss.successState) for successState
    main.o(.text.tBrain) refers to main.o(.bss.SUCCESS_STATE) for SUCCESS_STATE
    main.o(.text.tBrain) refers to main.o(.bss.STATE) for STATE
    main.o(.text.tBrain) refers to main.o(.bss.movementMsg) for movementMsg
    main.o(.text.tBrain) refers to main.o(.bss.successMsg) for successMsg
    main.o(.ARM.exidx.text.tBrain) refers to main.o(.text.tBrain) for [Anonymous Symbol]
    main.o(.text.tMotorControl) refers to rtx_semaphore.o(.text.osSemaphoreAcquire) for osSemaphoreAcquire
    main.o(.text.tMotorControl) refers to rtx_semaphore.o(.text.osSemaphoreRelease) for osSemaphoreRelease
    main.o(.text.tMotorControl) refers to main.o(.bss.mySem) for mySem
    main.o(.text.tMotorControl) refers to main.o(.bss.rightSpeed) for rightSpeed
    main.o(.text.tMotorControl) refers to main.o(.bss.tpm1c0v) for tpm1c0v
    main.o(.text.tMotorControl) refers to main.o(.bss.tpm1c1v) for tpm1c1v
    main.o(.text.tMotorControl) refers to main.o(.bss.leftSpeed) for leftSpeed
    main.o(.text.tMotorControl) refers to main.o(.bss.tpm2c0v) for tpm2c0v
    main.o(.text.tMotorControl) refers to main.o(.bss.tpm2c1v) for tpm2c1v
    main.o(.text.tMotorControl) refers to main.o(.bss.rightDirection) for rightDirection
    main.o(.text.tMotorControl) refers to main.o(.data.leftDirection) for leftDirection
    main.o(.ARM.exidx.text.tMotorControl) refers to main.o(.text.tMotorControl) for [Anonymous Symbol]
    main.o(.text.tRedLed) refers to rtx_semaphore.o(.text.osSemaphoreAcquire) for osSemaphoreAcquire
    main.o(.text.tRedLed) refers to rtx_msgqueue.o(.text.osMessageQueueGet) for osMessageQueueGet
    main.o(.text.tRedLed) refers to rtx_delay.o(.text.osDelay) for osDelay
    main.o(.text.tRedLed) refers to rtx_semaphore.o(.text.osSemaphoreRelease) for osSemaphoreRelease
    main.o(.text.tRedLed) refers to main.o(.bss.mySem) for mySem
    main.o(.text.tRedLed) refers to main.o(.bss.movementMsg) for movementMsg
    main.o(.ARM.exidx.text.tRedLed) refers to main.o(.text.tRedLed) for [Anonymous Symbol]
    main.o(.text.tGreenLed) refers to rtx_semaphore.o(.text.osSemaphoreAcquire) for osSemaphoreAcquire
    main.o(.text.tGreenLed) refers to rtx_msgqueue.o(.text.osMessageQueueGet) for osMessageQueueGet
    main.o(.text.tGreenLed) refers to rtx_delay.o(.text.osDelay) for osDelay
    main.o(.text.tGreenLed) refers to rtx_semaphore.o(.text.osSemaphoreRelease) for osSemaphoreRelease
    main.o(.text.tGreenLed) refers to main.o(.bss.mySem) for mySem
    main.o(.text.tGreenLed) refers to main.o(.bss.movementMsg) for movementMsg
    main.o(.text.tGreenLed) refers to main.o(.bss.STATE) for STATE
[...]
    Removing rtx_timer.o(.text.osTimerDelete), (40 bytes).
    Removing rtx_timer.o(.ARM.exidx.text.osTimerDelete), (8 bytes).
    Removing rtx_timer.o(.ARM.exidx.text.TimerInsert), (8 bytes).
    Removing rtx_timer.o(.text.svcRtxTimerNew), (132 bytes).
    Removing rtx_timer.o(.ARM.exidx.text.svcRtxTimerNew), (8 bytes).
    Removing rtx_timer.o(.text.svcRtxTimerGetName), (18 bytes).
    Removing rtx_timer.o(.ARM.exidx.text.svcRtxTimerGetName), (8 bytes).
    Removing rtx_timer.o(.text.svcRtxTimerStart), (76 bytes).
    Removing rtx_timer.o(.ARM.exidx.text.svcRtxTimerStart), (8 bytes).
    Removing rtx_timer.o(.text.TimerRemove), (40 bytes).
    Removing rtx_timer.o(.ARM.exidx.text.TimerRemove), (8 bytes).
    Removing rtx_timer.o(.text.svcRtxTimerStop), (42 bytes).
    Removing rtx_timer.o(.ARM.exidx.text.svcRtxTimerStop), (8 bytes).
    Removing rtx_timer.o(.text.svcRtxTimerIsRunning), (24 bytes).
    Removing rtx_timer.o(.ARM.exidx.text.svcRtxTimerIsRunning), (8 bytes).
    Removing rtx_timer.o(.text.svcRtxTimerDelete), (76 bytes).
    Removing rtx_timer.o(.ARM.exidx.text.svcRtxTimerDelete), (8 bytes).
    Removing rtx_semaphore.o(.text), (0 bytes).
    Removing rtx_semaphore.o(.ARM.exidx.text.osSemaphoreNew), (8 bytes).
    Removing rtx_semaphore.o(.text.osSemaphoreGetName), (36 bytes).
    Removing rtx_semaphore.o(.ARM.exidx.text.osSemaphoreGetName), (8 bytes).
    Removing rtx_semaphore.o(.ARM.exidx.text.osSemaphoreAcquire), (8 bytes).
    Removing rtx_semaphore.o(.ARM.exidx.text.osSemaphoreRelease), (8 bytes).
    Removing rtx_semaphore.o(.text.osSemaphoreGetCount), (48 bytes).
    Removing rtx_semaphore.o(.ARM.exidx.text.osSemaphoreGetCount), (8 bytes).
    Removing rtx_semaphore.o(.text.svcRtxSemaphoreGetCount), (18 bytes).
    Removing rtx_semaphore.o(.ARM.exidx.text.svcRtxSemaphoreGetCount), (8 bytes).
    Removing rtx_semaphore.o(.text.osSemaphoreDelete), (40 bytes).
    Removing rtx_semaphore.o(.ARM.exidx.text.osSemaphoreDelete), (8 bytes).
    Removing rtx_semaphore.o(.ARM.exidx.text.svcRtxSemaphoreNew), (8 bytes).
    Removing rtx_semaphore.o(.ARM.exidx.text.osRtxSemaphorePostProcess), (8 bytes).
    Removing rtx_semaphore.o(.ARM.exidx.text.SemaphoreTokenDecrement), (8 bytes).
    Removing rtx_semaphore.o(.text.svcRtxSemaphoreGetName), (18 bytes).
    Removing rtx_semaphore.o(.ARM.exidx.text.svcRtxSemaphoreGetName), (8 bytes).
    Removing rtx_semaphore.o(.ARM.exidx.text.svcRtxSemaphoreAcquire), (8 bytes).
    Removing rtx_semaphore.o(.ARM.exidx.text.SemaphoreTokenIncrement), (8 bytes).
    Removing rtx_semaphore.o(.ARM.exidx.text.svcRtxSemaphoreRelease), (8 bytes).
    Removing rtx_semaphore.o(.text.svcRtxSemaphoreDelete), (96 bytes).
    Removing rtx_semaphore.o(.ARM.exidx.text.svcRtxSemaphoreDelete), (8 bytes).
    Removing rtx_msgqueue.o(.text), (0 bytes).
    Removing rtx_msgqueue.o(.ARM.exidx.text.osRtxMessageQueueTimerSetup), (8 bytes).
    Removing rtx_msgqueue.o(.ARM.exidx.text.svcRtxMessageQueueNew), (8 bytes).
    Removing rtx_msgqueue.o(.ARM.exidx.text.osMessageQueueNew), (8 bytes).
    Removing rtx_msgqueue.o(.text.osMessageQueueGetName), (36 bytes).
    Removing rtx_msgqueue.o(.ARM.exidx.text.osMessageQueueGetName), (8 bytes).
    Removing rtx_msgqueue.o(.ARM.exidx.text.osMessageQueuePut), (8 bytes).
    Removing rtx_msgqueue.o(.ARM.exidx.text.osMessageQueueGet), (8 bytes).
    Removing rtx_msgqueue.o(.text.osMessageQueueGetCapacity), (48 bytes).
    Removing rtx_msgqueue.o(.ARM.exidx.text.osMessageQueueGetCapacity), (8 bytes).
    Removing rtx_msgqueue.o(.text.svcRtxMessageQueueGetCapacity), (18 bytes).
    Removing rtx_msgqueue.o(.ARM.exidx.text.svcRtxMessageQueueGetCapacity), (8 bytes).
    Removing rtx_msgqueue.o(.text.osMessageQueueGetMsgSize), (48 bytes).
    Removing rtx_msgqueue.o(.ARM.exidx.text.osMessageQueueGetMsgSize), (8 bytes).
    Removing rtx_msgqueue.o(.text.svcRtxMessageQueueGetMsgSize), (18 bytes).
    Removing rtx_msgqueue.o(.ARM.exidx.text.svcRtxMessageQueueGetMsgSize), (8 bytes).
    Removing rtx_msgqueue.o(.text.osMessageQueueGetCount), (48 bytes).
    Removing rtx_msgqueue.o(.ARM.exidx.text.osMessageQueueGetCount), (8 bytes).
    Removing rtx_msgqueue.o(.text.svcRtxMessageQueueGetCount), (18 bytes).
    Removing rtx_msgqueue.o(.ARM.exidx.text.svcRtxMessageQueueGetCount), (8 bytes).
    Removing rtx_msgqueue.o(.text.osMessageQueueGetSpace), (36 bytes).
    Removing rtx_msgqueue.o(.ARM.exidx.text.osMessageQueueGetSpace), (8 bytes).
    Removing rtx_msgqueue.o(.text.svcRtxMessageQueueGetSpace), (22 bytes).
    Removing rtx_msgqueue.o(.ARM.exidx.text.svcRtxMessageQueueGetSpace), (8 bytes).
    Removing rtx_msgqueue.o(.text.osMessageQueueReset), (40 bytes).
    Removing rtx_msgqueue.o(.ARM.exidx.text.osMessageQueueReset), (8 bytes).
    Removing rtx_msgqueue.o(.text.osMessageQueueDelete), (40 bytes).
    Removing rtx_msgqueue.o(.ARM.exidx.text.osMessageQueueDelete), (8 bytes).
    Removing rtx_msgqueue.o(.ARM.exidx.text.osRtxMessageQueuePostProcess), (8 bytes).
    Removing rtx_msgqueue.o(.ARM.exidx.text.MessageQueueRemove), (8 bytes).
    Removing rtx_msgqueue.o(.ARM.exidx.text.MessageQueuePut), (8 bytes).
    Removing rtx_msgqueue.o(.text.svcRtxMessageQueueGetName), (18 bytes).
    Removing rtx_msgqueue.o(.ARM.exidx.text.svcRtxMessageQueueGetName), (8 bytes).
    Removing rtx_msgqueue.o(.ARM.exidx.text.svcRtxMessageQueuePut), (8 bytes).
    Removing rtx_msgqueue.o(.ARM.exidx.text.MessageQueueGet), (8 bytes).
    Removing rtx_msgqueue.o(.ARM.exidx.text.svcRtxMessageQueueGet), (8 bytes).
    Removing rtx_msgqueue.o(.text.svcRtxMessageQueueReset), (160 bytes).
    Removing rtx_msgqueue.o(.ARM.exidx.text.svcRtxMessageQueueReset), (8 bytes).
    Removing rtx_msgqueue.o(.text.svcRtxMessageQueueDelete), (112 bytes).
    Removing rtx_msgqueue.o(.ARM.exidx.text.svcRtxMessageQueueDelete), (8 bytes).
    Removing irq_armv6m.o(.rodata), (1 bytes).
    Removing irq_armv6m.o(.ARM.exidx), (24 bytes).
    Removing rtx_mutex.o(.text), (0 bytes).
    Removing rtx_mutex.o(.ARM.exidx.text.osRtxMutexOwnerRelease), (8 bytes).
    Removing rtx_mutex.o(.ARM.exidx.text.osRtxMutexOwnerRestore), (8 bytes).
    Removing rtx_mutex.o(.text.osMutexNew), (36 bytes).
    Removing rtx_mutex.o(.ARM.exidx.text.osMutexNew), (8 bytes).
    Removing rtx_mutex.o(.text.osMutexGetName), (36 bytes).
    Removing rtx_mutex.o(.ARM.exidx.text.osMutexGetName), (8 bytes).
    Removing rtx_mutex.o(.text.osMutexAcquire), (40 bytes).
    Removing rtx_mutex.o(.ARM.exidx.text.osMutexAcquire), (8 bytes).
    Removing rtx_mutex.o(.text.osMutexRelease), (40 bytes).
    Removing rtx_mutex.o(.ARM.exidx.text.osMutexRelease), (8 bytes).
    Removing rtx_mutex.o(.text.osMutexGetOwner), (36 bytes).
    Removing rtx_mutex.o(.ARM.exidx.text.osMutexGetOwner), (8 bytes).
    Removing rtx_mutex.o(.text.osMutexDelete), (40 bytes).
    Removing rtx_mutex.o(.ARM.exidx.text.osMutexDelete), (8 bytes).
    Removing rtx_mutex.o(.text.svcRtxMutexNew), (112 bytes).
    Removing rtx_mutex.o(.ARM.exidx.text.svcRtxMutexNew), (8 bytes).
    Removing rtx_mutex.o(.text.svcRtxMutexGetName), (18 bytes).
    Removing rtx_mutex.o(.ARM.exidx.text.svcRtxMutexGetName), (8 bytes).
    Removing rtx_mutex.o(.text.svcRtxMutexAcquire), (152 bytes).
    Removing rtx_mutex.o(.ARM.exidx.text.svcRtxMutexAcquire), (8 bytes).
    Removing rtx_mutex.o(.text.svcRtxMutexRelease), (188 bytes).
    Removing rtx_mutex.o(.ARM.exidx.text.svcRtxMutexRelease), (8 bytes).
    Removing rtx_mutex.o(.text.svcRtxMutexGetOwner), (24 bytes).
    Removing rtx_mutex.o(.ARM.exidx.text.svcRtxMutexGetOwner), (8 bytes).
    Removing rtx_mutex.o(.text.svcRtxMutexDelete), (180 bytes).
    Removing rtx_mutex.o(.ARM.exidx.text.svcRtxMutexDelete), (8 bytes).
    Removing rtx_memory.o(.text), (0 bytes).
    Removing rtx_memory.o(.ARM.exidx.text.osRtxMemoryInit), (8 bytes).
    Removing rtx_memory.o(.ARM.exidx.text.osRtxMemoryAlloc), (8 bytes).
    Removing rtx_memory.o(.ARM.exidx.text.osRtxMemoryFree), (8 bytes).
    Removing rtx_mempool.o(.text), (0 bytes).
    Removing rtx_mempool.o(.ARM.exidx.text.osRtxMemoryPoolInit), (8 bytes).
    Removing rtx_mempool.o(.ARM.exidx.text.osRtxMemoryPoolAlloc), (8 bytes).
    Removing rtx_mempool.o(.ARM.exidx.text.osRtxMemoryPoolFree), (8 bytes).
    Removing rtx_mempool.o(.text.osMemoryPoolNew), (36 bytes).
    Removing rtx_mempool.o(.ARM.exidx.text.osMemoryPoolNew), (8 bytes).
    Removing rtx_mempool.o(.text.osMemoryPoolGetName), (36 bytes).
    Removing rtx_mempool.o(.ARM.exidx.text.osMemoryPoolGetName), (8 bytes).
    Removing rtx_mempool.o(.text.osMemoryPoolAlloc), (56 bytes).
    Removing rtx_mempool.o(.ARM.exidx.text.osMemoryPoolAlloc), (8 bytes).
    Removing rtx_mempool.o(.text.osMemoryPoolFree), (72 bytes).
    Removing rtx_mempool.o(.ARM.exidx.text.osMemoryPoolFree), (8 bytes).
    Removing rtx_mempool.o(.text.osMemoryPoolGetCapacity), (48 bytes).
    Removing rtx_mempool.o(.ARM.exidx.text.osMemoryPoolGetCapacity), (8 bytes).
    Removing rtx_mempool.o(.text.svcRtxMemoryPoolGetCapacity), (18 bytes).
    Removing rtx_mempool.o(.ARM.exidx.text.svcRtxMemoryPoolGetCapacity), (8 bytes).
    Removing rtx_mempool.o(.text.osMemoryPoolGetBlockSize), (48 bytes).
    Removing rtx_mempool.o(.ARM.exidx.text.osMemoryPoolGetBlockSize), (8 bytes).
    Removing rtx_mempool.o(.text.svcRtxMemoryPoolGetBlockSize), (18 bytes).
    Removing rtx_mempool.o(.ARM.exidx.text.svcRtxMemoryPoolGetBlockSize), (8 bytes).
    Removing rtx_mempool.o(.text.osMemoryPoolGetCount), (48 bytes).
    Removing rtx_mempool.o(.ARM.exidx.text.osMemoryPoolGetCount), (8 bytes).
    Removing rtx_mempool.o(.text.svcRtxMemoryPoolGetCount), (18 bytes).
    Removing rtx_mempool.o(.ARM.exidx.text.svcRtxMemoryPoolGetCount), (8 bytes).
    Removing rtx_mempool.o(.text.osMemoryPoolGetSpace), (36 bytes).
    Removing rtx_mempool.o(.ARM.exidx.text.osMemoryPoolGetSpace), (8 bytes).
    Removing rtx_mempool.o(.text.svcRtxMemoryPoolGetSpace), (22 bytes).
    Removing rtx_mempool.o(.ARM.exidx.text.svcRtxMemoryPoolGetSpace), (8 bytes).
    Removing rtx_mempool.o(.text.osMemoryPoolDelete), (40 bytes).
    Removing rtx_mempool.o(.ARM.exidx.text.osMemoryPoolDelete), (8 bytes).
    Removing rtx_mempool.o(.text.svcRtxMemoryPoolNew), (432 bytes).
    Removing rtx_mempool.o(.ARM.exidx.text.svcRtxMemoryPoolNew), (8 bytes).
    Removing rtx_mempool.o(.text.osRtxMemoryPoolPostProcess), (40 bytes).
    Removing rtx_mempool.o(.ARM.exidx.text.osRtxMemoryPoolPostProcess), (8 bytes).
    Removing rtx_mempool.o(.text.svcRtxMemoryPoolGetName), (18 bytes).
    Removing rtx_mempool.o(.ARM.exidx.text.svcRtxMemoryPoolGetName), (8 bytes).
    Removing rtx_mempool.o(.text.svcRtxMemoryPoolAlloc), (64 bytes).
    Removing rtx_mempool.o(.ARM.exidx.text.svcRtxMemoryPoolAlloc), (8 bytes).
    Removing rtx_mempool.o(.text.svcRtxMemoryPoolFree), (72 bytes).
    Removing rtx_mempool.o(.ARM.exidx.text.svcRtxMemoryPoolFree), (8 bytes).
    Removing rtx_mempool.o(.text.svcRtxMemoryPoolDelete), (112 bytes).
    Removing rtx_mempool.o(.ARM.exidx.text.svcRtxMemoryPoolDelete), (8 bytes).
    Removing rtx_system.o(.text), (0 bytes).
    Removing rtx_system.o(.ARM.exidx.text.osRtxTick_Handler), (8 bytes).
    Removing rtx_system.o(.ARM.exidx.text.osRtxPendSV_Handler), (8 bytes).
    Removing rtx_system.o(.ARM.exidx.text.osRtxPostProcess), (8 bytes).
    Removing os_systick.o(.text), (0 bytes).
    Removing os_systick.o(.ARM.exidx.text.OS_Tick_Setup), (8 bytes).
    Removing os_systick.o(.ARM.exidx.text.OS_Tick_Enable), (8 bytes).
    Removing os_systick.o(.text.OS_Tick_Disable), (40 bytes).
    Removing os_systick.o(.ARM.exidx.text.OS_Tick_Disable), (8 bytes).
    Removing os_systick.o(.ARM.exidx.text.OS_Tick_AcknowledgeIRQ), (8 bytes).
    Removing os_systick.o(.ARM.exidx.text.OS_Tick_GetIRQn), (8 bytes).
    Removing os_systick.o(.text.OS_Tick_GetClock), (12 bytes).
    Removing os_systick.o(.ARM.exidx.text.OS_Tick_GetClock), (8 bytes).
    Removing os_systick.o(.text.OS_Tick_GetInterval), (12 bytes).
    Removing os_systick.o(.ARM.exidx.text.OS_Tick_GetInterval), (8 bytes).
    Removing os_systick.o(.text.OS_Tick_GetCount), (16 bytes).
    Removing os_systick.o(.ARM.exidx.text.OS_Tick_GetCount), (8 bytes).
    Removing os_systick.o(.text.OS_Tick_GetOverflow), (16 bytes).
    Removing os_systick.o(.ARM.exidx.text.OS_Tick_GetOverflow), (8 bytes).

374 unused section(s) (total 8565 bytes) removed from the image.

==============================================================================

Image Symbol Table

    Local Symbols

    Symbol Name                              Value     Ov Type        Size  Object(Section)

    ../clib/../cmprslib/zerorunl2.c          0x00000000   Number         0  __dczerorl2.o ABSOLUTE
    ../clib/division.s                       0x00000000   Number         0  aeabi_sdiv.o ABSOLUTE
    ../clib/division.s                       0x00000000   Number         0  aeabi_sdiv_div0.o ABSOLUTE
    ../clib/microlib/division.c              0x00000000   Number         0  uidiv.o ABSOLUTE
    ../clib/microlib/division.c              0x00000000   Number         0  uidiv_div0.o ABSOLUTE
    ../clib/microlib/division.c              0x00000000   Number         0  idiv_div0.o ABSOLUTE
    ../clib/microlib/division.c              0x00000000   Number         0  idiv0.o ABSOLUTE
    ../clib/microlib/init/entry.s            0x00000000   Number         0  entry.o ABSOLUTE
    ../clib/microlib/init/entry.s            0x00000000   Number         0  entry2.o ABSOLUTE
    ../clib/microlib/init/entry.s            0x00000000   Number         0  entry5.o ABSOLUTE
    ../clib/microlib/init/entry.s            0x00000000   Number         0  entry7a.o ABSOLUTE
    ../clib/microlib/init/entry.s            0x00000000   Number         0  entry7b.o ABSOLUTE
    ../clib/microlib/init/entry.s            0x00000000   Number         0  entry8a.o ABSOLUTE
    ../clib/microlib/init/entry.s            0x00000000   Number         0  entry8b.o ABSOLUTE
    ../clib/microlib/init/entry.s            0x00000000   Number         0  entry9a.o ABSOLUTE
    ../clib/microlib/init/entry.s            0x00000000   Number         0  entry9b.o ABSOLUTE
    ../clib/microlib/init/entry.s            0x00000000   Number         0  entry10a.o ABSOLUTE
    ../clib/microlib/init/entry.s            0x00000000   Number         0  entry10b.o ABSOLUTE
    ../clib/microlib/init/entry.s            0x00000000   Number         0  entry11a.o ABSOLUTE
    ../clib/microlib/init/entry.s            0x00000000   Number         0  entry11b.o ABSOLUTE
    ../clib/microlib/string/memcpy.c         0x00000000   Number         0  memcpya.o ABSOLUTE
    ../clib/microlib/string/memcpy.c         0x00000000   Number         0  memcpyb.o ABSOLUTE
    ../clib/microlib/string/memset.c         0x00000000   Number         0  memseta.o ABSOLUTE
    RTE/Device/MKL25Z128xxx4/startup_MKL25Z4.s 0x00000000   Number         0  startup_mkl25z4.o ABSOLUTE
    RTX_Config.c                             0x00000000   Number         0  rtx_config.o ABSOLUTE
    dc.s                                     0x00000000   Number         0  dc.o ABSOLUTE
    handlers.s                               0x00000000   Number         0  handlers.o ABSOLUTE
    init.s                                   0x00000000   Number         0  init.o ABSOLUTE
    main.c                                   0x00000000   Number         0  main.o ABSOLUTE
    os_systick.c                             0x00000000   Number         0  os_systick.o ABSOLUTE
    rtx_delay.c                              0x00000000   Number         0  rtx_delay.o ABSOLUTE
    rtx_kernel.c                             0x00000000   Number         0  rtx_kernel.o ABSOLUTE
    rtx_lib.c                                0x00000000   Number         0  rtx_lib.o ABSOLUTE
    rtx_memory.c                             0x00000000   Number         0  rtx_memory.o ABSOLUTE
    rtx_mempool.c                            0x00000000   Number         0  rtx_mempool.o ABSOLUTE
    rtx_msgqueue.c                           0x00000000   Number         0  rtx_msgqueue.o ABSOLUTE
    rtx_mutex.c                              0x00000000   Number         0  rtx_mutex.o ABSOLUTE
    rtx_semaphore.c                          0x00000000   Number         0  rtx_semaphore.o ABSOLUTE
    rtx_system.c                             0x00000000   Number         0  rtx_system.o ABSOLUTE
    rtx_thread.c                             0x00000000   Number         0  rtx_thread.o ABSOLUTE
    rtx_timer.c                              0x00000000   Number         0  rtx_timer.o ABSOLUTE
    system_MKL25Z4.c                         0x00000000   Number         0  system_mkl25z4.o ABSOLUTE
    RESET                                    0x00000000   Section      192  startup_mkl25z4.o(RESET)
    osRtxErrorStackOverflow                  0x00000001   Number         0  irq_armv6m.o ABSOLUTE
    I_T_RUN_OFS                              0x00000014   Number         0  irq_armv6m.o ABSOLUTE
    TCB_SP_OFS                               0x00000038   Number         0  irq_armv6m.o ABSOLUTE
    .ARM.Collect$$$$00000000                 0x000000c0   Section        0  entry.o(.ARM.Collect$$$$00000000)
    .ARM.Collect$$$$00000001                 0x000000c0   Section        4  entry2.o(.ARM.Collect$$$$00000001)
    .ARM.Collect$$$$00000004                 0x000000c4   Section        4  entry5.o(.ARM.Collect$$$$00000004)
    .ARM.Collect$$$$00000008                 0x000000c8   Section        0  entry7b.o(.ARM.Collect$$$$00000008)
    .ARM.Collect$$$$0000000A                 0x000000c8   Section        0  entry8b.o(.ARM.Collect$$$$0000000A)
    .ARM.Collect$$$$0000000B                 0x000000c8   Section        8  entry9a.o(.ARM.Collect$$$$0000000B)
    __lit__00000000                          0x000000d0   Data           4  entry2.o(.ARM.Collect$$$$00002712)
    .ARM.Collect$$$$0000000D                 0x000000d0   Section        0  entry10a.o(.ARM.Collect$$$$0000000D)
    .ARM.Collect$$$$0000000F                 0x000000d0   Section        0  entry11a.o(.ARM.Collect$$$$0000000F)
    .ARM.Collect$$$$00002712                 0x000000d0   Section        4  entry2.o(.ARM.Collect$$$$00002712)
    .text                                    0x000000d4   Section       40  startup_mkl25z4.o(.text)
    [Anonymous Symbol]                       0x000000fc   Section        0  irq_armv6m.o(.text)
    SVC_Number                               0x00000106   Number         0  irq_armv6m.o(.text)
    SVC_Context                              0x0000011c   Number         0  irq_armv6m.o(.text)
    SVC_ContextSave                          0x0000012c   Number         0  irq_armv6m.o(.text)
    SVC_ContextRestore                       0x00000140   Number         0  irq_armv6m.o(.text)
    SVC_MSP                                  0x0000015c   Number         0  irq_armv6m.o(.text)
    SVC_Exit                                 0x00000162   Number         0  irq_armv6m.o(.text)
    SVC_User                                 0x00000164   Number         0  irq_armv6m.o(.text)
    .text                                    0x000001a0   Section        0  memcpya.o(.text)
    .text                                    0x000001c4   Section        0  memseta.o(.text)
    .text                                    0x000001e8   Section        0  uidiv_div0.o(.text)
    .text                                    0x00000228   Section       48  init.o(.text)
    .text                                    0x00000258   Section        0  __dczerorl2.o(.text)
    MessageQueueGet                          0x000002af   Thumb Code    66  rtx_msgqueue.o(.text.MessageQueueGet)
    [Anonymous Symbol]                       0x000002ae   Section        0  rtx_msgqueue.o(.text.MessageQueueGet)
    MessageQueuePut                          0x000002f1   Thumb Code    94  rtx_msgqueue.o(.text.MessageQueuePut)
    [Anonymous Symbol]                       0x000002f0   Section        0  rtx_msgqueue.o(.text.MessageQueuePut)
    MessageQueueRemove                       0x0000034f   Thumb Code    30  rtx_msgqueue.o(.text.MessageQueueRemove)
    [Anonymous Symbol]                       0x0000034e   Section        0  rtx_msgqueue.o(.text.MessageQueueRemove)
    [Anonymous Symbol]                       0x0000036c   Section        0  os_systick.o(.text.OS_Tick_AcknowledgeIRQ)
    [Anonymous Symbol]                       0x00000374   Section        0  os_systick.o(.text.OS_Tick_Enable)
    __arm_cp.1_1                             0x00000394   Number         4  os_systick.o(.text.OS_Tick_Enable)
    [Anonymous Symbol]                       0x00000398   Section        0  os_systick.o(.text.OS_Tick_GetIRQn)
    [Anonymous Symbol]                       0x000003a0   Section        0  os_systick.o(.text.OS_Tick_Setup)
    __arm_cp.0_1                             0x000003dc   Number         4  os_systick.o(.text.OS_Tick_Setup)
    __arm_cp.0_2                             0x000003e0   Number         4  os_systick.o(.text.OS_Tick_Setup)
    __arm_cp.0_3                             0x000003e4   Number         4  os_systick.o(.text.OS_Tick_Setup)
    [Anonymous Symbol]                       0x000003e8   Section        0  rtx_config.o(.text.osRtxIdleThread)
    [Anonymous Symbol]                       0x000003f0   Section        0  system_mkl25z4.o(.text.SystemInit)
    __arm_cp.0_0                             0x000003f8   Number         4  system_mkl25z4.o(.text.SystemInit)
    [Anonymous Symbol]                       0x000003fc   Section        0  rtx_kernel.o(.text.osRtxKernelPreInit)
    i.__scatterload_null                     0x000003fe   Section        2  handlers.o(i.__scatterload_null)
    .ARM.__at_0x400                          0x00000400   Section       16  startup_mkl25z4.o(.ARM.__at_0x400)
    SemaphoreTokenDecrement                  0x00000411   Thumb Code    32  rtx_semaphore.o(.text.SemaphoreTokenDecrement)
    [Anonymous Symbol]                       0x00000410   Section        0  rtx_semaphore.o(.text.SemaphoreTokenDecrement)
    SemaphoreTokenIncrement                  0x00000431   Thumb Code    34  rtx_semaphore.o(.text.SemaphoreTokenIncrement)
    [Anonymous Symbol]                       0x00000430   Section        0  rtx_semaphore.o(.text.SemaphoreTokenIncrement)
    [Anonymous Symbol]                       0x00000454   Section        0  system_mkl25z4.o(.text.SystemCoreClockUpdate)
    __arm_cp.1_0                             0x00000650   Number         4  system_mkl25z4.o(.text.SystemCoreClockUpdate)
    __arm_cp.1_1                             0x00000654   Number         4  system_mkl25z4.o(.text.SystemCoreClockUpdate)
    __arm_cp.1_2                             0x00000658   Number         4  system_mkl25z4.o(.text.SystemCoreClockUpdate)
    __arm_cp.1_3                             0x0000065c   Number         4  system_mkl25z4.o(.text.SystemCoreClockUpdate)
    __arm_cp.1_4                             0x00000660   Number         4  system_mkl25z4.o(.text.SystemCoreClockUpdate)
    __arm_cp.1_5                             0x00000664   Number         4  system_mkl25z4.o(.text.SystemCoreClockUpdate)
    __arm_cp.1_6                             0x00000668   Number         4  system_mkl25z4.o(.text.SystemCoreClockUpdate)
    __arm_cp.1_7                             0x0000066c   Number         4  system_mkl25z4.o(.text.SystemCoreClockUpdate)
    __arm_cp.1_8                             0x00000670   Number         4  system_mkl25z4.o(.text.SystemCoreClockUpdate)
    __arm_cp.1_9                             0x00000674   Number         4  system_mkl25z4.o(.text.SystemCoreClockUpdate)
    __arm_cp.1_10                            0x00000678   Number         4  system_mkl25z4.o(.text.SystemCoreClockUpdate)
    __arm_cp.1_11                            0x0000067c   Number         4  system_mkl25z4.o(.text.SystemCoreClockUpdate)
    ThreadFlagsCheck                         0x00000681   Thumb Code    74  rtx_thread.o(.text.ThreadFlagsCheck)
    [Anonymous Symbol]                       0x00000680   Section        0  rtx_thread.o(.text.ThreadFlagsCheck)
    TimerInsert                              0x000006cd   Thumb Code    72  rtx_timer.o(.text.TimerInsert)
    [Anonymous Symbol]                       0x000006cc   Section        0  rtx_timer.o(.text.TimerInsert)
    __arm_cp.9_0                             0x00000714   Number         4  rtx_timer.o(.text.TimerInsert)
    [Anonymous Symbol]                       0x00000718   Section        0  main.o(.text.UART2_IRQHandler)
    __arm_cp.4_0                             0x00000738   Number         4  main.o(.text.UART2_IRQHandler)
    __arm_cp.4_1                             0x0000073c   Number         4  main.o(.text.UART2_IRQHandler)
    __arm_cp.4_2                             0x00000740   Number         4  main.o(.text.UART2_IRQHandler)
    __NVIC_ClearPendingIRQ                   0x00000745   Thumb Code    40  main.o(.text.__NVIC_ClearPendingIRQ)
    [Anonymous Symbol]                       0x00000744   Section        0  main.o(.text.__NVIC_ClearPendingIRQ)
    __arm_cp.2_0                             0x0000076c   Number         4  main.o(.text.__NVIC_ClearPendingIRQ)
    __NVIC_EnableIRQ                         0x00000771   Thumb Code    40  main.o(.text.__NVIC_EnableIRQ)
    [Anonymous Symbol]                       0x00000770   Section        0  main.o(.text.__NVIC_EnableIRQ)
    __arm_cp.3_0                             0x00000798   Number         4  main.o(.text.__NVIC_EnableIRQ)
    __NVIC_SetPriority                       0x0000079d   Thumb Code   124  main.o(.text.__NVIC_SetPriority)
    [Anonymous Symbol]                       0x0000079c   Section        0  main.o(.text.__NVIC_SetPriority)
    __arm_cp.1_0                             0x00000818   Number         4  main.o(.text.__NVIC_SetPriority)
    __arm_cp.1_1                             0x0000081c   Number         4  main.o(.text.__NVIC_SetPriority)
    [Anonymous Symbol]                       0x00000820   Section        0  main.o(.text.initGPIO)
    __arm_cp.6_1                             0x000008d8   Number         4  main.o(.text.initGPIO)
    __arm_cp.6_2                             0x000008dc   Number         4  main.o(.text.initGPIO)
    __arm_cp.6_3                             0x000008e0   Number         4  main.o(.text.initGPIO)
    __arm_cp.6_4                             0x000008e4   Number         4  main.o(.text.initGPIO)
    __arm_cp.6_5                             0x000008e8   Number         4  main.o(.text.initGPIO)
    __arm_cp.6_6                             0x000008ec   Number         4  main.o(.text.initGPIO)
    __arm_cp.6_7                             0x000008f0   Number         4  main.o(.text.initGPIO)
    [Anonymous Symbol]                       0x000008f4   Section        0  main.o(.text.initPWM)
    __arm_cp.5_1                             0x00000a40   Number         4  main.o(.text.initPWM)
    __arm_cp.5_2                             0x00000a44   Number         4  main.o(.text.initPWM)
    __arm_cp.5_3                             0x00000a48   Number         4  main.o(.text.initPWM)
    __arm_cp.5_4                             0x00000a4c   Number         4  main.o(.text.initPWM)
    __arm_cp.5_5                             0x00000a50   Number         4  main.o(.text.initPWM)
    __arm_cp.5_6                             0x00000a54   Number         4  main.o(.text.initPWM)
    __arm_cp.5_7                             0x00000a58   Number         4  main.o(.text.initPWM)
    __arm_cp.5_8                             0x00000a5c   Number         4  main.o(.text.initPWM)
    __arm_cp.5_9                             0x00000a60   Number         4  main.o(.text.initPWM)
    __arm_cp.5_10                            0x00000a64   Number         4  main.o(.text.initPWM)
    __arm_cp.5_11                            0x00000a68   Number         4  main.o(.text.initPWM)
    __arm_cp.5_12                            0x00000a6c   Number         4  main.o(.text.initPWM)
    __arm_cp.5_13                            0x00000a70   Number         4  main.o(.text.initPWM)
    __arm_cp.5_14                            0x00000a74   Number         4  main.o(.text.initPWM)
    __arm_cp.5_15                            0x00000a78   Number         4  main.o(.text.initPWM)
    __arm_cp.5_16                            0x00000a7c   Number         4  main.o(.text.initPWM)
    __arm_cp.5_17                            0x00000a80   Number         4  main.o(.text.initPWM)
    __arm_cp.5_18                            0x00000a84   Number         4  main.o(.text.initPWM)
    __arm_cp.5_19                            0x00000a88   Number         4  main.o(.text.initPWM)
    __arm_cp.5_20                            0x00000a8c   Number         4  main.o(.text.initPWM)
    __arm_cp.5_21                            0x00000a90   Number         4  main.o(.text.initPWM)
    __arm_cp.5_22                            0x00000a94   Number         4  main.o(.text.initPWM)
    [Anonymous Symbol]                       0x00000a98   Section        0  main.o(.text.initUART2)
    __arm_cp.0_0                             0x00000b28   Number         4  main.o(.text.initUART2)
    __arm_cp.0_1                             0x00000b2c   Number         4  main.o(.text.initUART2)
    __arm_cp.0_2                             0x00000b30   Number         4  main.o(.text.initUART2)
    __arm_cp.0_3                             0x00000b34   Number         4  main.o(.text.initUART2)
    __arm_cp.0_4                             0x00000b38   Number         4  main.o(.text.initUART2)
    __arm_cp.0_5                             0x00000b3c   Number         4  main.o(.text.initUART2)
    __arm_cp.0_6                             0x00000b40   Number         4  main.o(.text.initUART2)
    __arm_cp.0_7                             0x00000b44   Number         4  main.o(.text.initUART2)
    __arm_cp.0_8                             0x00000b48   Number         4  main.o(.text.initUART2)
    [Anonymous Symbol]                       0x00000b4c   Section        0  main.o(.text.main)
    __arm_cp.12_0                            0x00000bec   Number         4  main.o(.text.main)
    __arm_cp.12_1                            0x00000bf0   Number         4  main.o(.text.main)
    __arm_cp.12_2                            0x00000bf4   Number         4  main.o(.text.main)
    __arm_cp.12_3                            0x00000bf8   Number         4  main.o(.text.main)
    __arm_cp.12_4                            0x00000bfc   Number         4  main.o(.text.main)
    __arm_cp.12_5                            0x00000c00   Number         4  main.o(.text.main)
    __arm_cp.12_6                            0x00000c04   Number         4  main.o(.text.main)
    __arm_cp.12_7                            0x00000c08   Number         4  main.o(.text.main)
    __arm_cp.12_8                            0x00000c0c   Number         4  main.o(.text.main)
    __arm_cp.12_9                            0x00000c10   Number         4  main.o(.text.main)
    __arm_cp.12_10                           0x00000c14   Number         4  main.o(.text.main)
    __arm_cp.12_11                           0x00000c18   Number         4  main.o(.text.main)
    __arm_cp.12_12                           0x00000c1c   Number         4  main.o(.text.main)
    [Anonymous Symbol]                       0x00000c20   Section        0  rtx_delay.o(.text.osDelay)
    __arm_cp.0_0                             0x00000c44   Number         4  rtx_delay.o(.text.osDelay)
    [Anonymous Symbol]                       0x00000c48   Section        0  rtx_kernel.o(.text.osKernelInitialize)
    __arm_cp.2_0                             0x00000c6c   Number         4  rtx_kernel.o(.text.osKernelInitialize)
    [Anonymous Symbol]                       0x00000c70   Section        0  rtx_kernel.o(.text.osKernelStart)
    __arm_cp.7_0                             0x00000c90   Number         4  rtx_kernel.o(.text.osKernelStart)
    [Anonymous Symbol]                       0x00000c94   Section        0  rtx_msgqueue.o(.text.osMessageQueueGet)
    __arm_cp.5_0                             0x00000d04   Number         4  rtx_msgqueue.o(.text.osMessageQueueGet)
    [Anonymous Symbol]                       0x00000d08   Section        0  rtx_msgqueue.o(.text.osMessageQueueNew)
    __arm_cp.2_0                             0x00000d28   Number         4  rtx_msgqueue.o(.text.osMessageQueueNew)
    [Anonymous Symbol]                       0x00000d2c   Section        0  rtx_msgqueue.o(.text.osMessageQueuePut)
    __arm_cp.4_0                             0x00000d9c   Number         4  rtx_msgqueue.o(.text.osMessageQueuePut)
    [Anonymous Symbol]                       0x00000da0   Section        0  rtx_config.o(.text.osRtxErrorNotify)
    [Anonymous Symbol]                       0x00000de0   Section        0  rtx_kernel.o(.text.osRtxKernelErrorNotify)
    [Anonymous Symbol]                       0x00000de8   Section        0  rtx_memory.o(.text.osRtxMemoryAlloc)
    [Anonymous Symbol]                       0x00000e60   Section        0  rtx_memory.o(.text.osRtxMemoryFree)
    [Anonymous Symbol]                       0x00000eae   Section        0  rtx_memory.o(.text.osRtxMemoryInit)
    [Anonymous Symbol]                       0x00000edc   Section        0  rtx_mempool.o(.text.osRtxMemoryPoolAlloc)
    [Anonymous Symbol]                       0x00000f06   Section        0  rtx_mempool.o(.text.osRtxMemoryPoolFree)
    [Anonymous Symbol]                       0x00000f3c   Section        0  rtx_mempool.o(.text.osRtxMemoryPoolInit)
    osRtxMessageQueuePostProcess             0x00000f79   Thumb Code   188  rtx_msgqueue.o(.text.osRtxMessageQueuePostProcess)
    [Anonymous Symbol]                       0x00000f78   Section        0  rtx_msgqueue.o(.text.osRtxMessageQueuePostProcess)
    [Anonymous Symbol]                       0x00001034   Section        0  rtx_msgqueue.o(.text.osRtxMessageQueueTimerSetup)
    __arm_cp.0_0                             0x00001054   Number         4  rtx_msgqueue.o(.text.osRtxMessageQueueTimerSetup)
    [Anonymous Symbol]                       0x00001058   Section        0  rtx_mutex.o(.text.osRtxMutexOwnerRelease)
    [Anonymous Symbol]                       0x0000109c   Section        0  rtx_mutex.o(.text.osRtxMutexOwnerRestore)
    [Anonymous Symbol]                       0x000010e4   Section        0  rtx_system.o(.text.osRtxPendSV_Handler)
    [Anonymous Symbol]                       0x00001164   Section        0  rtx_system.o(.text.osRtxPostProcess)
    __arm_cp.2_1                             0x000011cc   Number         4  rtx_system.o(.text.osRtxPostProcess)
    osRtxSemaphorePostProcess                0x000011d1   Thumb Code    36  rtx_semaphore.o(.text.osRtxSemaphorePostProcess)
    [Anonymous Symbol]                       0x000011d0   Section        0  rtx_semaphore.o(.text.osRtxSemaphorePostProcess)
    osRtxThreadBlock                         0x000011f5   Thumb Code    52  rtx_thread.o(.text.osRtxThreadBlock)
    [Anonymous Symbol]                       0x000011f4   Section        0  rtx_thread.o(.text.osRtxThreadBlock)
    osRtxThreadDelayInsert                   0x00001229   Thumb Code   140  rtx_thread.o(.text.osRtxThreadDelayInsert)
    [Anonymous Symbol]                       0x00001228   Section        0  rtx_thread.o(.text.osRtxThreadDelayInsert)
    osRtxThreadDelayRemove                   0x000012b5   Thumb Code    68  rtx_thread.o(.text.osRtxThreadDelayRemove)
    [Anonymous Symbol]                       0x000012b4   Section        0  rtx_thread.o(.text.osRtxThreadDelayRemove)
    [Anonymous Symbol]                       0x000012f8   Section        0  rtx_thread.o(.text.osRtxThreadDelayTick)
    osRtxThreadDestroy                       0x0000134d   Thumb Code    40  rtx_thread.o(.text.osRtxThreadDestroy)
    [Anonymous Symbol]                       0x0000134c   Section        0  rtx_thread.o(.text.osRtxThreadDestroy)
    [Anonymous Symbol]                       0x00001374   Section        0  rtx_thread.o(.text.osRtxThreadDispatch)
    osRtxThreadFree                          0x000013c1   Thumb Code    80  rtx_thread.o(.text.osRtxThreadFree)
    [Anonymous Symbol]                       0x000013c0   Section        0  rtx_thread.o(.text.osRtxThreadFree)
    __arm_cp.51_0                            0x00001410   Number         4  rtx_thread.o(.text.osRtxThreadFree)
    osRtxThreadJoinWakeup                    0x00001415   Thumb Code    32  rtx_thread.o(.text.osRtxThreadJoinWakeup)
    [Anonymous Symbol]                       0x00001414   Section        0  rtx_thread.o(.text.osRtxThreadJoinWakeup)
    [Anonymous Symbol]                       0x00001434   Section        0  rtx_thread.o(.text.osRtxThreadListGet)
    [Anonymous Symbol]                       0x00001448   Section        0  rtx_thread.o(.text.osRtxThreadListPut)
    [Anonymous Symbol]                       0x00001474   Section        0  rtx_thread.o(.text.osRtxThreadListRemove)
    [Anonymous Symbol]                       0x0000148c   Section        0  rtx_thread.o(.text.osRtxThreadListSort)
    osRtxThreadPostProcess                   0x000014b1   Thumb Code    38  rtx_thread.o(.text.osRtxThreadPostProcess)
    [Anonymous Symbol]                       0x000014b0   Section        0  rtx_thread.o(.text.osRtxThreadPostProcess)
    [Anonymous Symbol]                       0x000014d8   Section        0  rtx_thread.o(.text.osRtxThreadReadyPut)
    [Anonymous Symbol]                       0x000014ec   Section        0  rtx_thread.o(.text.osRtxThreadRegPtr)
    [Anonymous Symbol]                       0x000014f4   Section        0  rtx_thread.o(.text.osRtxThreadStartup)
    __arm_cp.14_0                            0x0000152c   Number         4  rtx_thread.o(.text.osRtxThreadStartup)
    __arm_cp.14_1                            0x00001530   Number         4  rtx_thread.o(.text.osRtxThreadStartup)
    [Anonymous Symbol]                       0x00001534   Section        0  rtx_thread.o(.text.osRtxThreadSwitch)
    __arm_cp.7_0                             0x00001540   Number         4  rtx_thread.o(.text.osRtxThreadSwitch)
    [Anonymous Symbol]                       0x00001544   Section        0  rtx_thread.o(.text.osRtxThreadWaitEnter)
    __arm_cp.12_0                            0x00001580   Number         4  rtx_thread.o(.text.osRtxThreadWaitEnter)
    [Anonymous Symbol]                       0x00001584   Section        0  rtx_thread.o(.text.osRtxThreadWaitExit)
    [Anonymous Symbol]                       0x000015a8   Section        0  rtx_system.o(.text.osRtxTick_Handler)
    __arm_cp.0_0                             0x00001624   Number         4  rtx_system.o(.text.osRtxTick_Handler)
    [Anonymous Symbol]                       0x00001628   Section        0  rtx_timer.o(.text.osRtxTimerSetup)
    __arm_cp.0_0                             0x00001644   Number         4  rtx_timer.o(.text.osRtxTimerSetup)
    __arm_cp.0_1                             0x00001648   Number         4  rtx_timer.o(.text.osRtxTimerSetup)
    [Anonymous Symbol]                       0x0000164c   Section        0  rtx_timer.o(.text.osRtxTimerThread)
    osRtxTimerTick                           0x00001669   Thumb Code   112  rtx_timer.o(.text.osRtxTimerTick)
    [Anonymous Symbol]                       0x00001668   Section        0  rtx_timer.o(.text.osRtxTimerTick)
    __arm_cp.1_0                             0x000016d8   Number         4  rtx_timer.o(.text.osRtxTimerTick)
    [Anonymous Symbol]                       0x000016dc   Section        0  rtx_semaphore.o(.text.osSemaphoreAcquire)
    __arm_cp.2_0                             0x0000171c   Number         4  rtx_semaphore.o(.text.osSemaphoreAcquire)
    [Anonymous Symbol]                       0x00001720   Section        0  rtx_semaphore.o(.text.osSemaphoreNew)
    __arm_cp.0_0                             0x00001740   Number         4  rtx_semaphore.o(.text.osSemaphoreNew)
    [Anonymous Symbol]                       0x00001744   Section        0  rtx_semaphore.o(.text.osSemaphoreRelease)
    __arm_cp.3_0                             0x0000178c   Number         4  rtx_semaphore.o(.text.osSemaphoreRelease)
    [Anonymous Symbol]                       0x00001790   Section        0  rtx_thread.o(.text.osThreadExit)
    __arm_cp.30_0                            0x00001798   Number         4  rtx_thread.o(.text.osThreadExit)
    [Anonymous Symbol]                       0x0000179c   Section        0  rtx_thread.o(.text.osThreadNew)
    __arm_cp.16_0                            0x000017bc   Number         4  rtx_thread.o(.text.osThreadNew)
    svcRtxDelay                              0x000017c1   Thumb Code    24  rtx_delay.o(.text.svcRtxDelay)
    [Anonymous Symbol]                       0x000017c0   Section        0  rtx_delay.o(.text.svcRtxDelay)
    svcRtxKernelInitialize                   0x000017d9   Thumb Code   308  rtx_kernel.o(.text.svcRtxKernelInitialize)
    [Anonymous Symbol]                       0x000017d8   Section        0  rtx_kernel.o(.text.svcRtxKernelInitialize)
    __arm_cp.21_0                            0x0000190c   Number         4  rtx_kernel.o(.text.svcRtxKernelInitialize)
    __arm_cp.21_2                            0x00001910   Number         4  rtx_kernel.o(.text.svcRtxKernelInitialize)
    svcRtxKernelStart                        0x00001915   Thumb Code   116  rtx_kernel.o(.text.svcRtxKernelStart)
    [Anonymous Symbol]                       0x00001914   Section        0  rtx_kernel.o(.text.svcRtxKernelStart)
    __arm_cp.22_0                            0x00001988   Number         4  rtx_kernel.o(.text.svcRtxKernelStart)
    __arm_cp.22_1                            0x0000198c   Number         4  rtx_kernel.o(.text.svcRtxKernelStart)
    __arm_cp.22_2                            0x00001990   Number         4  rtx_kernel.o(.text.svcRtxKernelStart)
    __arm_cp.22_3                            0x00001994   Number         4  rtx_kernel.o(.text.svcRtxKernelStart)
    svcRtxMessageQueueGet                    0x00001999   Thumb Code   200  rtx_msgqueue.o(.text.svcRtxMessageQueueGet)
    [Anonymous Symbol]                       0x00001998   Section        0  rtx_msgqueue.o(.text.svcRtxMessageQueueGet)
    __arm_cp.22_0                            0x00001a60   Number         4  rtx_msgqueue.o(.text.svcRtxMessageQueueGet)
    svcRtxMessageQueueNew                    0x00001a65   Thumb Code   428  rtx_msgqueue.o(.text.svcRtxMessageQueueNew)
    [Anonymous Symbol]                       0x00001a64   Section        0  rtx_msgqueue.o(.text.svcRtxMessageQueueNew)
    __arm_cp.1_0                             0x00001c10   Number         4  rtx_msgqueue.o(.text.svcRtxMessageQueueNew)
    __arm_cp.1_1                             0x00001c14   Number         4  rtx_msgqueue.o(.text.svcRtxMessageQueueNew)
    __arm_cp.1_2                             0x00001c18   Number         4  rtx_msgqueue.o(.text.svcRtxMessageQueueNew)
    __arm_cp.1_3                             0x00001c1c   Number         4  rtx_msgqueue.o(.text.svcRtxMessageQueueNew)
    __arm_cp.1_5                             0x00001c20   Number         4  rtx_msgqueue.o(.text.svcRtxMessageQueueNew)
    svcRtxMessageQueuePut                    0x00001c25   Thumb Code   172  rtx_msgqueue.o(.text.svcRtxMessageQueuePut)
    [Anonymous Symbol]                       0x00001c24   Section        0  rtx_msgqueue.o(.text.svcRtxMessageQueuePut)
    __arm_cp.20_0                            0x00001cd0   Number         4  rtx_msgqueue.o(.text.svcRtxMessageQueuePut)
    svcRtxSemaphoreAcquire                   0x00001cd5   Thumb Code    72  rtx_semaphore.o(.text.svcRtxSemaphoreAcquire)
    [Anonymous Symbol]                       0x00001cd4   Section        0  rtx_semaphore.o(.text.svcRtxSemaphoreAcquire)
    svcRtxSemaphoreNew                       0x00001d1d   Thumb Code   124  rtx_semaphore.o(.text.svcRtxSemaphoreNew)
    [Anonymous Symbol]                       0x00001d1c   Section        0  rtx_semaphore.o(.text.svcRtxSemaphoreNew)
    __arm_cp.7_1                             0x00001d98   Number         4  rtx_semaphore.o(.text.svcRtxSemaphoreNew)
    svcRtxSemaphoreRelease                   0x00001d9d   Thumb Code    56  rtx_semaphore.o(.text.svcRtxSemaphoreRelease)
    [Anonymous Symbol]                       0x00001d9c   Section        0  rtx_semaphore.o(.text.svcRtxSemaphoreRelease)
    svcRtxThreadExit                         0x00001dd5   Thumb Code    72  rtx_thread.o(.text.svcRtxThreadExit)
    [Anonymous Symbol]                       0x00001dd4   Section        0  rtx_thread.o(.text.svcRtxThreadExit)
    __arm_cp.53_0                            0x00001e1c   Number         4  rtx_thread.o(.text.svcRtxThreadExit)
    svcRtxThreadNew                          0x00001e21   Thumb Code   484  rtx_thread.o(.text.svcRtxThreadNew)
    [Anonymous Symbol]                       0x00001e20   Section        0  rtx_thread.o(.text.svcRtxThreadNew)
    __arm_cp.15_0                            0x00002004   Number         4  rtx_thread.o(.text.svcRtxThreadNew)
    __arm_cp.15_1                            0x00002008   Number         4  rtx_thread.o(.text.svcRtxThreadNew)
    __arm_cp.15_2                            0x0000200c   Number         4  rtx_thread.o(.text.svcRtxThreadNew)
    __arm_cp.15_3                            0x00002010   Number         4  rtx_thread.o(.text.svcRtxThreadNew)
    __arm_cp.15_4                            0x00002014   Number         4  rtx_thread.o(.text.svcRtxThreadNew)
    __arm_cp.15_5                            0x00002018   Number         4  rtx_thread.o(.text.svcRtxThreadNew)
    [Anonymous Symbol]                       0x0000201c   Section        0  main.o(.text.tBrain)
    __arm_cp.7_1                             0x000020e0   Number         4  main.o(.text.tBrain)
    __arm_cp.7_2                             0x000020e4   Number         4  main.o(.text.tBrain)
    __arm_cp.7_3                             0x000020e8   Number         4  main.o(.text.tBrain)
    __arm_cp.7_4                             0x000020ec   Number         4  main.o(.text.tBrain)
    __arm_cp.7_5                             0x000020f0   Number         4  main.o(.text.tBrain)
    __arm_cp.7_6                             0x000020f4   Number         4  main.o(.text.tBrain)
    [Anonymous Symbol]                       0x000020f8   Section        0  main.o(.text.tBuzzer)
    __arm_cp.11_1                            0x00002214   Number         4  main.o(.text.tBuzzer)
    __arm_cp.11_2                            0x00002218   Number         4  main.o(.text.tBuzzer)
    __arm_cp.11_3                            0x0000221c   Number         4  main.o(.text.tBuzzer)
    __arm_cp.11_4                            0x00002220   Number         4  main.o(.text.tBuzzer)
    __arm_cp.11_5                            0x00002224   Number         4  main.o(.text.tBuzzer)
    __arm_cp.11_6                            0x00002228   Number         4  main.o(.text.tBuzzer)
    __arm_cp.11_7                            0x0000222c   Number         4  main.o(.text.tBuzzer)
    __arm_cp.11_8                            0x00002230   Number         4  main.o(.text.tBuzzer)
    __arm_cp.11_9                            0x00002234   Number         4  main.o(.text.tBuzzer)
    __arm_cp.11_10                           0x00002238   Number         4  main.o(.text.tBuzzer)
    __arm_cp.11_11                           0x0000223c   Number         4  main.o(.text.tBuzzer)
    __arm_cp.11_12                           0x00002240   Number         4  main.o(.text.tBuzzer)
    [Anonymous Symbol]                       0x00002244   Section        0  main.o(.text.tGreenLed)
    __arm_cp.10_0                            0x0000236c   Number         4  main.o(.text.tGreenLed)
    __arm_cp.10_1                            0x00002370   Number         4  main.o(.text.tGreenLed)
    __arm_cp.10_2                            0x00002374   Number         4  main.o(.text.tGreenLed)
    __arm_cp.10_4                            0x00002378   Number         4  main.o(.text.tGreenLed)
    __arm_cp.10_5                            0x0000237c   Number         4  main.o(.text.tGreenLed)
    __arm_cp.10_7                            0x00002380   Number         4  main.o(.text.tGreenLed)
    __arm_cp.10_8                            0x00002384   Number         4  main.o(.text.tGreenLed)
    [Anonymous Symbol]                       0x00002388   Section        0  main.o(.text.tMotorControl)
    __arm_cp.8_0                             0x00002538   Number         4  main.o(.text.tMotorControl)
    __arm_cp.8_1                             0x0000253c   Number         4  main.o(.text.tMotorControl)
    __arm_cp.8_2                             0x00002540   Number         4  main.o(.text.tMotorControl)
    __arm_cp.8_3                             0x00002544   Number         4  main.o(.text.tMotorControl)
    __arm_cp.8_4                             0x00002548   Number         4  main.o(.text.tMotorControl)
    __arm_cp.8_5                             0x0000254c   Number         4  main.o(.text.tMotorControl)
    __arm_cp.8_6                             0x00002550   Number         4  main.o(.text.tMotorControl)
    __arm_cp.8_7                             0x00002554   Number         4  main.o(.text.tMotorControl)
    __arm_cp.8_8                             0x00002558   Number         4  main.o(.text.tMotorControl)
    __arm_cp.8_9                             0x0000255c   Number         4  main.o(.text.tMotorControl)
    __arm_cp.8_10                            0x00002560   Number         4  main.o(.text.tMotorControl)
    __arm_cp.8_11                            0x00002564   Number         4  main.o(.text.tMotorControl)
    __arm_cp.8_12                            0x00002568   Number         4  main.o(.text.tMotorControl)
    __arm_cp.8_13                            0x0000256c   Number         4  main.o(.text.tMotorControl)
    __arm_cp.8_14                            0x00002570   Number         4  main.o(.text.tMotorControl)
    __arm_cp.8_15                            0x00002574   Number         4  main.o(.text.tMotorControl)
    __arm_cp.8_16                            0x00002578   Number         4  main.o(.text.tMotorControl)
    __arm_cp.8_17                            0x0000257c   Number         4  main.o(.text.tMotorControl)
    __arm_cp.8_18                            0x00002580   Number         4  main.o(.text.tMotorControl)
    __arm_cp.8_19                            0x00002584   Number         4  main.o(.text.tMotorControl)
    [Anonymous Symbol]                       0x00002588   Section        0  main.o(.text.tRedLed)
    __arm_cp.9_0                             0x00002620   Number         4  main.o(.text.tRedLed)
    __arm_cp.9_1                             0x00002624   Number         4  main.o(.text.tRedLed)
    __arm_cp.9_2                             0x00002628   Number         4  main.o(.text.tRedLed)
    __arm_cp.9_3                             0x0000262c   Number         4  main.o(.text.tRedLed)
    i.__scatterload_copy                     0x00002630   Section       14  handlers.o(i.__scatterload_copy)
    i.__scatterload_zeroinit                 0x0000263e   Section       14  handlers.o(i.__scatterload_zeroinit)
    __tagsym$$used.0                         0x0000264c   Number         0  rtx_lib.o(.rodata)
    __tagsym$$used.1                         0x000026bc   Number         0  rtx_lib.o(.rodata)
    os_idle_thread_attr                      0x000026f8   Data          36  rtx_lib.o(.rodata.os_idle_thread_attr)
    [Anonymous Symbol]                       0x000026f8   Section        0  rtx_lib.o(.rodata.os_idle_thread_attr)
    os_timer_mq_attr                         0x0000271c   Data          24  rtx_lib.o(.rodata.os_timer_mq_attr)
    [Anonymous Symbol]                       0x0000271c   Section        0  rtx_lib.o(.rodata.os_timer_mq_attr)
    os_timer_thread_attr                     0x00002734   Data          36  rtx_lib.o(.rodata.os_timer_thread_attr)
    [Anonymous Symbol]                       0x00002734   Section        0  rtx_lib.o(.rodata.os_timer_thread_attr)
    [Anonymous Symbol]                       0x00002758   Section        0  rtx_kernel.o(.rodata.str1.4)
    os_isr_queue                             0x1ffff350   Data          64  rtx_lib.o(.bss.os)
    [Anonymous Symbol]                       0x1ffff350   Section        0  rtx_lib.o(.bss.os)
    os_mem                                   0x1ffff390   Data       32768  rtx_lib.o(.bss.os)
    PendST                                   0x20007390   Data           1  os_systick.o(.bss.os)
    [Anonymous Symbol]                       0x20007390   Section        0  os_systick.o(.bss.os)
    os_timer_mq_cb                           0x20007394   Data          52  rtx_lib.o(.bss.os.msgqueue.cb)
    [Anonymous Symbol]                       0x20007394   Section        0  rtx_lib.o(.bss.os.msgqueue.cb)
    os_timer_mq_data                         0x200073c8   Data          80  rtx_lib.o(.bss.os.msgqueue.mem)
    [Anonymous Symbol]                       0x200073c8   Section        0  rtx_lib.o(.bss.os.msgqueue.mem)
    os_idle_thread_cb                        0x20007418   Data          68  rtx_lib.o(.bss.os.thread.cb)
    [Anonymous Symbol]                       0x20007418   Section        0  rtx_lib.o(.bss.os.thread.cb)
    os_timer_thread_cb                       0x2000745c   Data          68  rtx_lib.o(.bss.os.thread.cb)
    os_idle_thread_stack                     0x200074a0   Data         512  rtx_lib.o(.bss.os.thread.idle.stack)
    [Anonymous Symbol]                       0x200074a0   Section        0  rtx_lib.o(.bss.os.thread.idle.stack)
    os_timer_thread_stack                    0x200076a0   Data         512  rtx_lib.o(.bss.os.thread.timer.stack)
    [Anonymous Symbol]                       0x200076a0   Section        0  rtx_lib.o(.bss.os.thread.timer.stack)
    STACK                                    0x200078c8   Section      256  startup_mkl25z4.o(STACK)

    Global Symbols

    Symbol Name                              Value     Ov Type        Size  Object(Section)

    BuildAttributes$$THM_ISAv3M$S$PE$A:L22$X:L11$S22$IEEE1$IW$~IW$USESV6$~STKCKD$USESV7$~SHL$OSPACE$EBA8$MICROLIB$REQ8$PRES8$EABIv2 0x00000000   Number         0  anon$$obj.o ABSOLUTE
    __Vectors                                0x00000000   Data           4  startup_mkl25z4.o(RESET)
    .bss.os.evflags.cb$$Base                  - Undefined Weak Reference
    .bss.os.evflags.cb$$Limit                 - Undefined Weak Reference
    .bss.os.mempool.cb$$Base                  - Undefined Weak Reference
    .bss.os.mempool.cb$$Limit                 - Undefined Weak Reference
    .bss.os.mutex.cb$$Base                    - Undefined Weak Reference
    .bss.os.mutex.cb$$Limit                   - Undefined Weak Reference
    .bss.os.semaphore.cb$$Base                - Undefined Weak Reference
    .bss.os.semaphore.cb$$Limit               - Undefined Weak Reference
    .bss.os.timer.cb$$Base                    - Undefined Weak Reference
    .bss.os.timer.cb$$Limit                   - Undefined Weak Reference
    __cpp_initialize__aeabi_                  - Undefined Weak Reference
    __cxa_finalize                            - Undefined Weak Reference
    _clock_init                               - Undefined Weak Reference
    _microlib_exit                            - Undefined Weak Reference
    __Vectors_End                            0x000000c0   Data           0  startup_mkl25z4.o(RESET)
    __Vectors_Size                           0x000000c0   Number         0  startup_mkl25z4.o ABSOLUTE
    __main                                   0x000000c1   Thumb Code     0  entry.o(.ARM.Collect$$$$00000000)
    _main_stk                                0x000000c1   Thumb Code     0  entry2.o(.ARM.Collect$$$$00000001)
    _main_scatterload                        0x000000c5   Thumb Code     0  entry5.o(.ARM.Collect$$$$00000004)
    __main_after_scatterload                 0x000000c9   Thumb Code     0  entry5.o(.ARM.Collect$$$$00000004)
    _main_clock                              0x000000c9   Thumb Code     0  entry7b.o(.ARM.Collect$$$$00000008)
    _main_cpp_init                           0x000000c9   Thumb Code     0  entry8b.o(.ARM.Collect$$$$0000000A)
    _main_init                               0x000000c9   Thumb Code     0  entry9a.o(.ARM.Collect$$$$0000000B)
    __rt_final_cpp                           0x000000d1   Thumb Code     0  entry10a.o(.ARM.Collect$$$$0000000D)
    __rt_final_exit                          0x000000d1   Thumb Code     0  entry11a.o(.ARM.Collect$$$$0000000F)
    Reset_Handler                            0x000000d5   Thumb Code    12  startup_mkl25z4.o(.text)
    NMI_Handler                              0x000000e1   Thumb Code     2  startup_mkl25z4.o(.text)
    HardFault_Handler                        0x000000e3   Thumb Code     2  startup_mkl25z4.o(.text)
    ADC0_IRQHandler                          0x000000eb   Thumb Code     0  startup_mkl25z4.o(.text)
    CMP0_IRQHandler                          0x000000eb   Thumb Code     0  startup_mkl25z4.o(.text)
    DAC0_IRQHandler                          0x000000eb   Thumb Code     0  startup_mkl25z4.o(.text)
    DMA0_IRQHandler                          0x000000eb   Thumb Code     0  startup_mkl25z4.o(.text)
    DMA1_IRQHandler                          0x000000eb   Thumb Code     0  startup_mkl25z4.o(.text)
    DMA2_IRQHandler                          0x000000eb   Thumb Code     0  startup_mkl25z4.o(.text)
    DMA3_IRQHandler                          0x000000eb   Thumb Code     0  startup_mkl25z4.o(.text)
    DefaultISR                               0x000000eb   Thumb Code     0  startup_mkl25z4.o(.text)
    FTFA_IRQHandler                          0x000000eb   Thumb Code     0  startup_mkl25z4.o(.text)
    I2C0_IRQHandler                          0x000000eb   Thumb Code     0  startup_mkl25z4.o(.text)
    I2C1_IRQHandler                          0x000000eb   Thumb Code     0  startup_mkl25z4.o(.text)
    LLWU_IRQHandler                          0x000000eb   Thumb Code     0  startup_mkl25z4.o(.text)
    LPTMR0_IRQHandler                        0x000000eb   Thumb Code     0  startup_mkl25z4.o(.text)
    LVD_LVW_IRQHandler                       0x000000eb   Thumb Code     0  startup_mkl25z4.o(.text)
    MCG_IRQHandler                           0x000000eb   Thumb Code     0  startup_mkl25z4.o(.text)
    PIT_IRQHandler                           0x000000eb   Thumb Code     0  startup_mkl25z4.o(.text)
    PORTA_IRQHandler                         0x000000eb   Thumb Code     0  startup_mkl25z4.o(.text)
    PORTD_IRQHandler                         0x000000eb   Thumb Code     0  startup_mkl25z4.o(.text)
    RTC_IRQHandler                           0x000000eb   Thumb Code     0  startup_mkl25z4.o(.text)
    RTC_Seconds_IRQHandler                   0x000000eb   Thumb Code     0  startup_mkl25z4.o(.text)
    Reserved20_IRQHandler                    0x000000eb   Thumb Code     0  startup_mkl25z4.o(.text)
    Reserved39_IRQHandler                    0x000000eb   Thumb Code     0  startup_mkl25z4.o(.text)
    Reserved45_IRQHandler                    0x000000eb   Thumb Code     0  startup_mkl25z4.o(.text)
    SPI0_IRQHandler                          0x000000eb   Thumb Code     0  startup_mkl25z4.o(.text)
    SPI1_IRQHandler                          0x000000eb   Thumb Code     0  startup_mkl25z4.o(.text)
    TPM0_IRQHandler                          0x000000eb   Thumb Code     0  startup_mkl25z4.o(.text)
    TPM1_IRQHandler                          0x000000eb   Thumb Code     0  startup_mkl25z4.o(.text)
    TPM2_IRQHandler                          0x000000eb   Thumb Code     0  startup_mkl25z4.o(.text)
    TSI0_IRQHandler                          0x000000eb   Thumb Code     0  startup_mkl25z4.o(.text)
    UART0_IRQHandler                         0x000000eb   Thumb Code     0  startup_mkl25z4.o(.text)
    UART1_IRQHandler                         0x000000eb   Thumb Code     0  startup_mkl25z4.o(.text)
    USB0_IRQHandler                          0x000000eb   Thumb Code     0  startup_mkl25z4.o(.text)
    SVC_Handler                              0x000000fd   Thumb Code   132  irq_armv6m.o(.text)
    PendSV_Handler                           0x00000181   Thumb Code    12  irq_armv6m.o(.text)
    SysTick_Handler                          0x0000018d   Thumb Code    12  irq_armv6m.o(.text)
    __aeabi_memcpy                           0x000001a1   Thumb Code    36  memcpya.o(.text)
    __aeabi_memcpy4                          0x000001a1   Thumb Code     0  memcpya.o(.text)
    __aeabi_memcpy8                          0x000001a1   Thumb Code     0  memcpya.o(.text)
    __aeabi_memset                           0x000001c5   Thumb Code    14  memseta.o(.text)
    __aeabi_memset4                          0x000001c5   Thumb Code     0  memseta.o(.text)
    __aeabi_memset8                          0x000001c5   Thumb Code     0  memseta.o(.text)
    __aeabi_memclr                           0x000001d3   Thumb Code     4  memseta.o(.text)
    __aeabi_memclr4                          0x000001d3   Thumb Code     0  memseta.o(.text)
    __aeabi_memclr8                          0x000001d3   Thumb Code     0  memseta.o(.text)
    _memset$wrapper                          0x000001d7   Thumb Code    18  memseta.o(.text)
    __aeabi_uidiv                            0x000001e9   Thumb Code     0  uidiv_div0.o(.text)
    __aeabi_uidivmod                         0x000001e9   Thumb Code    62  uidiv_div0.o(.text)
    __scatterload                            0x00000229   Thumb Code    38  init.o(.text)
    __scatterload_rt2                        0x00000229   Thumb Code     0  init.o(.text)
    __decompress                             0x00000259   Thumb Code     0  __dczerorl2.o(.text)
    __decompress1                            0x00000259   Thumb Code    86  __dczerorl2.o(.text)
    OS_Tick_AcknowledgeIRQ                   0x0000036d   Thumb Code     8  os_systick.o(.text.OS_Tick_AcknowledgeIRQ)
    OS_Tick_Enable                           0x00000375   Thumb Code    32  os_systick.o(.text.OS_Tick_Enable)
    OS_Tick_GetIRQn                          0x00000399   Thumb Code     6  os_systick.o(.text.OS_Tick_GetIRQn)
    OS_Tick_Setup                            0x000003a1   Thumb Code    60  os_systick.o(.text.OS_Tick_Setup)
    osRtxIdleThread                          0x000003e9   Thumb Code     8  rtx_config.o(.text.osRtxIdleThread)
    SystemInit                               0x000003f1   Thumb Code     8  system_mkl25z4.o(.text.SystemInit)
    osRtxKernelPreInit                       0x000003fd   Thumb Code     2  rtx_kernel.o(.text.osRtxKernelPreInit)
    __scatterload_null                       0x000003ff   Thumb Code     2  handlers.o(i.__scatterload_null)
    SystemCoreClockUpdate                    0x00000455   Thumb Code   508  system_mkl25z4.o(.text.SystemCoreClockUpdate)
    UART2_IRQHandler                         0x00000719   Thumb Code    32  main.o(.text.UART2_IRQHandler)
    initGPIO                                 0x00000821   Thumb Code   184  main.o(.text.initGPIO)
    initPWM                                  0x000008f5   Thumb Code   332  main.o(.text.initPWM)
    initUART2                                0x00000a99   Thumb Code   144  main.o(.text.initUART2)
    main                                     0x00000b4d   Thumb Code   160  main.o(.text.main)
    osDelay                                  0x00000c21   Thumb Code    36  rtx_delay.o(.text.osDelay)
    osKernelInitialize                       0x00000c49   Thumb Code    36  rtx_kernel.o(.text.osKernelInitialize)
    osKernelStart                            0x00000c71   Thumb Code    32  rtx_kernel.o(.text.osKernelStart)
    osMessageQueueGet                        0x00000c95   Thumb Code   112  rtx_msgqueue.o(.text.osMessageQueueGet)
    osMessageQueueNew                        0x00000d09   Thumb Code    32  rtx_msgqueue.o(.text.osMessageQueueNew)
    osMessageQueuePut                        0x00000d2d   Thumb Code   112  rtx_msgqueue.o(.text.osMessageQueuePut)
    osRtxErrorNotify                         0x00000da1   Thumb Code    64  rtx_config.o(.text.osRtxErrorNotify)
    osRtxKernelErrorNotify                   0x00000de1   Thumb Code     8  rtx_kernel.o(.text.osRtxKernelErrorNotify)
    osRtxMemoryAlloc                         0x00000de9   Thumb Code   120  rtx_memory.o(.text.osRtxMemoryAlloc)
    osRtxMemoryFree                          0x00000e61   Thumb Code    78  rtx_memory.o(.text.osRtxMemoryFree)
    osRtxMemoryInit                          0x00000eaf   Thumb Code    46  rtx_memory.o(.text.osRtxMemoryInit)
    osRtxMemoryPoolAlloc                     0x00000edd   Thumb Code    42  rtx_mempool.o(.text.osRtxMemoryPoolAlloc)
    osRtxMemoryPoolFree                      0x00000f07   Thumb Code    54  rtx_mempool.o(.text.osRtxMemoryPoolFree)
    osRtxMemoryPoolInit                      0x00000f3d   Thumb Code    60  rtx_mempool.o(.text.osRtxMemoryPoolInit)
    osRtxMessageQueueTimerSetup              0x00001035   Thumb Code    32  rtx_msgqueue.o(.text.osRtxMessageQueueTimerSetup)
    osRtxMutexOwnerRelease                   0x00001059   Thumb Code    68  rtx_mutex.o(.text.osRtxMutexOwnerRelease)
    osRtxMutexOwnerRestore                   0x0000109d   Thumb Code    70  rtx_mutex.o(.text.osRtxMutexOwnerRestore)
    osRtxPendSV_Handler                      0x000010e5   Thumb Code   128  rtx_system.o(.text.osRtxPendSV_Handler)
    osRtxPostProcess                         0x00001165   Thumb Code   104  rtx_system.o(.text.osRtxPostProcess)
    osRtxThreadDelayTick                     0x000012f9   Thumb Code    84  rtx_thread.o(.text.osRtxThreadDelayTick)
    osRtxThreadDispatch                      0x00001375   Thumb Code    76  rtx_thread.o(.text.osRtxThreadDispatch)
    osRtxThreadListGet                       0x00001435   Thumb Code    20  rtx_thread.o(.text.osRtxThreadListGet)
    osRtxThreadListPut                       0x00001449   Thumb Code    44  rtx_thread.o(.text.osRtxThreadListPut)
    osRtxThreadListRemove                    0x00001475   Thumb Code    24  rtx_thread.o(.text.osRtxThreadListRemove)
    osRtxThreadListSort                      0x0000148d   Thumb Code    36  rtx_thread.o(.text.osRtxThreadListSort)
    osRtxThreadReadyPut                      0x000014d9   Thumb Code    20  rtx_thread.o(.text.osRtxThreadReadyPut)
    osRtxThreadRegPtr                        0x000014ed   Thumb Code     6  rtx_thread.o(.text.osRtxThreadRegPtr)
    osRtxThreadStartup                       0x000014f5   Thumb Code    56  rtx_thread.o(.text.osRtxThreadStartup)
    osRtxThreadSwitch                        0x00001535   Thumb Code    12  rtx_thread.o(.text.osRtxThreadSwitch)
    osRtxThreadWaitEnter                     0x00001545   Thumb Code    60  rtx_thread.o(.text.osRtxThreadWaitEnter)
    osRtxThreadWaitExit                      0x00001585   Thumb Code    34  rtx_thread.o(.text.osRtxThreadWaitExit)
    osRtxTick_Handler                        0x000015a9   Thumb Code   124  rtx_system.o(.text.osRtxTick_Handler)
    osRtxTimerSetup                          0x00001629   Thumb Code    28  rtx_timer.o(.text.osRtxTimerSetup)
    osRtxTimerThread                         0x0000164d   Thumb Code    28  rtx_timer.o(.text.osRtxTimerThread)
    osSemaphoreAcquire                       0x000016dd   Thumb Code    64  rtx_semaphore.o(.text.osSemaphoreAcquire)
    osSemaphoreNew                           0x00001721   Thumb Code    32  rtx_semaphore.o(.text.osSemaphoreNew)
    osSemaphoreRelease                       0x00001745   Thumb Code    72  rtx_semaphore.o(.text.osSemaphoreRelease)
    osThreadExit                             0x00001791   Thumb Code     8  rtx_thread.o(.text.osThreadExit)
    osThreadNew                              0x0000179d   Thumb Code    32  rtx_thread.o(.text.osThreadNew)
    tBrain                                   0x0000201d   Thumb Code   196  main.o(.text.tBrain)
    tBuzzer                                  0x000020f9   Thumb Code   284  main.o(.text.tBuzzer)
    tGreenLed                                0x00002245   Thumb Code   296  main.o(.text.tGreenLed)
    tMotorControl                            0x00002389   Thumb Code   432  main.o(.text.tMotorControl)
    tRedLed                                  0x00002589   Thumb Code   152  main.o(.text.tRedLed)
    __scatterload_copy                       0x00002631   Thumb Code    14  handlers.o(i.__scatterload_copy)
    __scatterload_zeroinit                   0x0000263f   Thumb Code    14  handlers.o(i.__scatterload_zeroinit)
    osRtxConfig                              0x0000264c   Data         112  rtx_lib.o(.rodata)
    os_cb_sections                           0x000026bc   Data          56  rtx_lib.o(.rodata)
    osRtxUserSVC                             0x000026f4   Data           4  rtx_lib.o(.rodata.osRtxUserSVC)
    Region$$Table$$Base                      0x00002764   Number         0  anon$$obj.o(Region$$Table)
    Region$$Table$$Limit                     0x00002784   Number         0  anon$$obj.o(Region$$Table)
    SystemCoreClock                          0x1ffff000   Data           4  system_mkl25z4.o(.data.SystemCoreClock)
    green_leds                               0x1ffff004   Data          10  main.o(.data.green_leds)
    leftDirection                            0x1ffff010   Data           4  main.o(.data.leftDirection)
    osRtxInfo                                0x1ffff014   Data         164  rtx_kernel.o(.data.os)
    runningSongDurations                     0x1ffff0b8   Data         280  main.o(.data.runningSongDurations)
    runningSongNotes                         0x1ffff1d0   Data         280  main.o(.data.runningSongNotes)
    successSongDurations                     0x1ffff2e8   Data          40  main.o(.data.successSongDurations)
    successSongNotes                         0x1ffff310   Data          40  main.o(.data.successSongNotes)
    STATE                                    0x1ffff338   Data           4  main.o(.bss.STATE)
    SUCCESS_STATE                            0x1ffff33c   Data           4  main.o(.bss.SUCCESS_STATE)
    leftSpeed                                0x1ffff340   Data           4  main.o(.bss.leftSpeed)
    movementMsg                              0x1ffff344   Data           4  main.o(.bss.movementMsg)
    mySem                                    0x1ffff348   Data           4  main.o(.bss.mySem)
    .bss.os.msgqueue.cb$$Base                0x20007394   Number         0  rtx_lib.o(.bss.os.msgqueue.cb)
    .bss.os.msgqueue.cb$$Limit               0x200073c8   Number         0  rtx_lib.o(.bss.os.msgqueue.cb)
    .bss.os.thread.cb$$Base                  0x20007418   Number         0  rtx_lib.o(.bss.os.thread.cb)
    .bss.os.thread.cb$$Limit                 0x200074a0   Number         0  rtx_lib.o(.bss.os.thread.cb)
    rightDirection                           0x200078a0   Data           4  main.o(.bss.rightDirection)
    rightSpeed                               0x200078a4   Data           4  main.o(.bss.rightSpeed)
    rxData                                   0x200078a8   Data           4  main.o(.bss.rxData)
    successMsg                               0x200078ac   Data           4  main.o(.bss.successMsg)
    successState                             0x200078b0   Data           4  main.o(.bss.successState)
    success_set                              0x200078b4   Data           4  main.o(.bss.success_set)
    tpm1c0v                                  0x200078b8   Data           4  main.o(.bss.tpm1c0v)
    tpm1c1v                                  0x200078bc   Data           4  main.o(.bss.tpm1c1v)
    tpm2c0v                                  0x200078c0   Data           4  main.o(.bss.tpm2c0v)
    tpm2c1v                                  0x200078c4   Data           4  main.o(.bss.tpm2c1v)
    __initial_sp                             0x200079c8   Data           0  startup_mkl25z4.o(STACK)



==============================================================================

Memory Map of the image

  Image Entry point : 0x000000d5

  Load Region LR_1 (Base: 0x00000000, Size: 0x00002abc, Max: 0xffffffff, ABSOLUTE, COMPRESSED[0x0000282c])

    Execution Region ER_RO (Exec base: 0x00000000, Load base: 0x00000000, Size: 0x00002784, Max: 0xffffffff, ABSOLUTE)

    Exec Addr    Load Addr    Size         Type   Attr      Idx    E Section Name        Object

    0x00000000   0x00000000   0x000000c0   Data   RO           87    RESET               startup_mkl25z4.o
    0x000000c0   0x000000c0   0x00000000   Code   RO          615  * .ARM.Collect$$$$00000000  mc_p.l(entry.o)
    0x000000c0   0x000000c0   0x00000004   Code   RO          628    .ARM.Collect$$$$00000001  mc_p.l(entry2.o)
    0x000000c4   0x000000c4   0x00000004   Code   RO          631    .ARM.Collect$$$$00000004  mc_p.l(entry5.o)
    0x000000c8   0x000000c8   0x00000000   Code   RO          633    .ARM.Collect$$$$00000008  mc_p.l(entry7b.o)
    0x000000c8   0x000000c8   0x00000000   Code   RO          635    .ARM.Collect$$$$0000000A  mc_p.l(entry8b.o)
    0x000000c8   0x000000c8   0x00000008   Code   RO          636    .ARM.Collect$$$$0000000B  mc_p.l(entry9a.o)
    0x000000d0   0x000000d0   0x00000000   Code   RO          638    .ARM.Collect$$$$0000000D  mc_p.l(entry10a.o)
    0x000000d0   0x000000d0   0x00000000   Code   RO          640    .ARM.Collect$$$$0000000F  mc_p.l(entry11a.o)
    0x000000d0   0x000000d0   0x00000004   Code   RO          629    .ARM.Collect$$$$00002712  mc_p.l(entry2.o)
    0x000000d4   0x000000d4   0x00000028   Code   RO           89  * .text               startup_mkl25z4.o
    0x000000fc   0x000000fc   0x000000a4   Code   RO          465    .text               RTX_CM0.lib(irq_armv6m.o)
    0x000001a0   0x000001a0   0x00000024   Code   RO          622    .text               mc_p.l(memcpya.o)
    0x000001c4   0x000001c4   0x00000024   Code   RO          624    .text               mc_p.l(memseta.o)
    0x000001e8   0x000001e8   0x0000003e   Code   RO          644    .text               mc_p.l(uidiv_div0.o)
    0x00000226   0x00000226   0x00000002   PAD
    0x00000228   0x00000228   0x00000030   Code   RO          650    .text               mc_p.l(init.o)
    0x00000258   0x00000258   0x00000056   Code   RO          660    .text               mc_p.l(__dczerorl2.o)
    0x000002ae   0x000002ae   0x00000042   Code   RO          450    .text.MessageQueueGet  RTX_CM0.lib(rtx_msgqueue.o)
    0x000002f0   0x000002f0   0x0000005e   Code   RO          444    .text.MessageQueuePut  RTX_CM0.lib(rtx_msgqueue.o)
    0x0000034e   0x0000034e   0x0000001e   Code   RO          442    .text.MessageQueueRemove  RTX_CM0.lib(rtx_msgqueue.o)
    0x0000036c   0x0000036c   0x00000008   Code   RO          595    .text.OS_Tick_AcknowledgeIRQ  RTX_CM0.lib(os_systick.o)
    0x00000374   0x00000374   0x00000024   Code   RO          591    .text.OS_Tick_Enable  RTX_CM0.lib(os_systick.o)
    0x00000398   0x00000398   0x00000006   Code   RO          597    .text.OS_Tick_GetIRQn  RTX_CM0.lib(os_systick.o)
    0x0000039e   0x0000039e   0x00000002   PAD
    0x000003a0   0x000003a0   0x00000048   Code   RO          589    .text.OS_Tick_Setup  RTX_CM0.lib(os_systick.o)
    0x000003e8   0x000003e8   0x00000008   Code   RO           75    .text.osRtxIdleThread  rtx_config.o
    0x000003f0   0x000003f0   0x0000000c   Code   RO           98    .text.SystemInit    system_mkl25z4.o
    0x000003fc   0x000003fc   0x00000002   Code   RO          110    .text.osRtxKernelPreInit  RTX_CM0.lib(rtx_kernel.o)
    0x000003fe   0x000003fe   0x00000002   Code   RO          655    i.__scatterload_null  mc_p.l(handlers.o)
    0x00000400   0x00000400   0x00000010   Code   RO           88    .ARM.__at_0x400     startup_mkl25z4.o
    0x00000410   0x00000410   0x00000020   Code   RO          388    .text.SemaphoreTokenDecrement  RTX_CM0.lib(rtx_semaphore.o)
    0x00000430   0x00000430   0x00000022   Code   RO          394    .text.SemaphoreTokenIncrement  RTX_CM0.lib(rtx_semaphore.o)
    0x00000452   0x00000452   0x00000002   PAD
    0x00000454   0x00000454   0x0000022c   Code   RO          100    .text.SystemCoreClockUpdate  system_mkl25z4.o
    0x00000680   0x00000680   0x0000004a   Code   RO          256    .text.ThreadFlagsCheck  RTX_CM0.lib(rtx_thread.o)
    0x000006ca   0x000006ca   0x00000002   PAD
    0x000006cc   0x000006cc   0x0000004c   Code   RO          346    .text.TimerInsert   RTX_CM0.lib(rtx_timer.o)
    0x00000718   0x00000718   0x0000002c   Code   RO           10    .text.UART2_IRQHandler  main.o
    0x00000744   0x00000744   0x0000002c   Code   RO            6    .text.__NVIC_ClearPendingIRQ  main.o
    0x00000770   0x00000770   0x0000002c   Code   RO            8    .text.__NVIC_EnableIRQ  main.o
    0x0000079c   0x0000079c   0x00000084   Code   RO            4    .text.__NVIC_SetPriority  main.o
    0x00000820   0x00000820   0x000000d4   Code   RO           14    .text.initGPIO      main.o
    0x000008f4   0x000008f4   0x000001a4   Code   RO           12    .text.initPWM       main.o
    0x00000a98   0x00000a98   0x000000b4   Code   RO            2    .text.initUART2     main.o
    0x00000b4c   0x00000b4c   0x000000d4   Code   RO           26    .text.main          main.o
    0x00000c20   0x00000c20   0x00000028   Code   RO          312    .text.osDelay       RTX_CM0.lib(rtx_delay.o)
    0x00000c48   0x00000c48   0x00000028   Code   RO          114    .text.osKernelInitialize  RTX_CM0.lib(rtx_kernel.o)
    0x00000c70   0x00000c70   0x00000024   Code   RO          124    .text.osKernelStart  RTX_CM0.lib(rtx_kernel.o)
    0x00000c94   0x00000c94   0x00000074   Code   RO          418    .text.osMessageQueueGet  RTX_CM0.lib(rtx_msgqueue.o)
    0x00000d08   0x00000d08   0x00000024   Code   RO          412    .text.osMessageQueueNew  RTX_CM0.lib(rtx_msgqueue.o)
    0x00000d2c   0x00000d2c   0x00000074   Code   RO          416    .text.osMessageQueuePut  RTX_CM0.lib(rtx_msgqueue.o)
    0x00000da0   0x00000da0   0x00000040   Code   RO           77    .text.osRtxErrorNotify  rtx_config.o
    0x00000de0   0x00000de0   0x00000008   Code   RO          112    .text.osRtxKernelErrorNotify  RTX_CM0.lib(rtx_kernel.o)
    0x00000de8   0x00000de8   0x00000078   Code   RO          511    .text.osRtxMemoryAlloc  RTX_CM0.lib(rtx_memory.o)
    0x00000e60   0x00000e60   0x0000004e   Code   RO          513    .text.osRtxMemoryFree  RTX_CM0.lib(rtx_memory.o)
    0x00000eae   0x00000eae   0x0000002e   Code   RO          509    .text.osRtxMemoryInit  RTX_CM0.lib(rtx_memory.o)
    0x00000edc   0x00000edc   0x0000002a   Code   RO          525    .text.osRtxMemoryPoolAlloc  RTX_CM0.lib(rtx_mempool.o)
    0x00000f06   0x00000f06   0x00000036   Code   RO          527    .text.osRtxMemoryPoolFree  RTX_CM0.lib(rtx_mempool.o)
    0x00000f3c   0x00000f3c   0x0000003c   Code   RO          523    .text.osRtxMemoryPoolInit  RTX_CM0.lib(rtx_mempool.o)
    0x00000f78   0x00000f78   0x000000bc   Code   RO          440    .text.osRtxMessageQueuePostProcess  RTX_CM0.lib(rtx_msgqueue.o)
    0x00001034   0x00001034   0x00000024   Code   RO          408    .text.osRtxMessageQueueTimerSetup  RTX_CM0.lib(rtx_msgqueue.o)
    0x00001058   0x00001058   0x00000044   Code   RO          473    .text.osRtxMutexOwnerRelease  RTX_CM0.lib(rtx_mutex.o)
    0x0000109c   0x0000109c   0x00000046   Code   RO          475    .text.osRtxMutexOwnerRestore  RTX_CM0.lib(rtx_mutex.o)
    0x000010e2   0x000010e2   0x00000002   PAD
    0x000010e4   0x000010e4   0x00000080   Code   RO          577    .text.osRtxPendSV_Handler  RTX_CM0.lib(rtx_system.o)
    0x00001164   0x00001164   0x0000006c   Code   RO          579    .text.osRtxPostProcess  RTX_CM0.lib(rtx_system.o)
    0x000011d0   0x000011d0   0x00000024   Code   RO          386    .text.osRtxSemaphorePostProcess  RTX_CM0.lib(rtx_semaphore.o)
    0x000011f4   0x000011f4   0x00000034   Code   RO          196    .text.osRtxThreadBlock  RTX_CM0.lib(rtx_thread.o)
    0x00001228   0x00001228   0x0000008c   Code   RO          204    .text.osRtxThreadDelayInsert  RTX_CM0.lib(rtx_thread.o)
    0x000012b4   0x000012b4   0x00000044   Code   RO          200    .text.osRtxThreadDelayRemove  RTX_CM0.lib(rtx_thread.o)
    0x000012f8   0x000012f8   0x00000054   Code   RO          188    .text.osRtxThreadDelayTick  RTX_CM0.lib(rtx_thread.o)
    0x0000134c   0x0000134c   0x00000028   Code   RO          288    .text.osRtxThreadDestroy  RTX_CM0.lib(rtx_thread.o)
    0x00001374   0x00001374   0x0000004c   Code   RO          194    .text.osRtxThreadDispatch  RTX_CM0.lib(rtx_thread.o)
    0x000013c0   0x000013c0   0x00000054   Code   RO          280    .text.osRtxThreadFree  RTX_CM0.lib(rtx_thread.o)
    0x00001414   0x00001414   0x00000020   Code   RO          286    .text.osRtxThreadJoinWakeup  RTX_CM0.lib(rtx_thread.o)
    0x00001434   0x00001434   0x00000014   Code   RO          180    .text.osRtxThreadListGet  RTX_CM0.lib(rtx_thread.o)
    0x00001448   0x00001448   0x0000002c   Code   RO          178    .text.osRtxThreadListPut  RTX_CM0.lib(rtx_thread.o)
    0x00001474   0x00001474   0x00000018   Code   RO          184    .text.osRtxThreadListRemove  RTX_CM0.lib(rtx_thread.o)
    0x0000148c   0x0000148c   0x00000024   Code   RO          182    .text.osRtxThreadListSort  RTX_CM0.lib(rtx_thread.o)
    0x000014b0   0x000014b0   0x00000026   Code   RO          254    .text.osRtxThreadPostProcess  RTX_CM0.lib(rtx_thread.o)
    0x000014d6   0x000014d6   0x00000002   PAD
    0x000014d8   0x000014d8   0x00000014   Code   RO          186    .text.osRtxThreadReadyPut  RTX_CM0.lib(rtx_thread.o)
    0x000014ec   0x000014ec   0x00000006   Code   RO          190    .text.osRtxThreadRegPtr  RTX_CM0.lib(rtx_thread.o)
    0x000014f2   0x000014f2   0x00000002   PAD
    0x000014f4   0x000014f4   0x00000040   Code   RO          206    .text.osRtxThreadStartup  RTX_CM0.lib(rtx_thread.o)
    0x00001534   0x00001534   0x00000010   Code   RO          192    .text.osRtxThreadSwitch  RTX_CM0.lib(rtx_thread.o)
    0x00001544   0x00001544   0x00000040   Code   RO          202    .text.osRtxThreadWaitEnter  RTX_CM0.lib(rtx_thread.o)
    0x00001584   0x00001584   0x00000022   Code   RO          198    .text.osRtxThreadWaitExit  RTX_CM0.lib(rtx_thread.o)
    0x000015a6   0x000015a6   0x00000002   PAD
    0x000015a8   0x000015a8   0x00000080   Code   RO          575    .text.osRtxTick_Handler  RTX_CM0.lib(rtx_system.o)
    0x00001628   0x00001628   0x00000024   Code   RO          328    .text.osRtxTimerSetup  RTX_CM0.lib(rtx_timer.o)
    0x0000164c   0x0000164c   0x0000001c   Code   RO          332    .text.osRtxTimerThread  RTX_CM0.lib(rtx_timer.o)
    0x00001668   0x00001668   0x00000074   Code   RO          330    .text.osRtxTimerTick  RTX_CM0.lib(rtx_timer.o)
    0x000016dc   0x000016dc   0x00000044   Code   RO          374    .text.osSemaphoreAcquire  RTX_CM0.lib(rtx_semaphore.o)
    0x00001720   0x00001720   0x00000024   Code   RO          370    .text.osSemaphoreNew  RTX_CM0.lib(rtx_semaphore.o)
    0x00001744   0x00001744   0x0000004c   Code   RO          376    .text.osSemaphoreRelease  RTX_CM0.lib(rtx_semaphore.o)
    0x00001790   0x00001790   0x0000000c   Code   RO          238    .text.osThreadExit  RTX_CM0.lib(rtx_thread.o)
    0x0000179c   0x0000179c   0x00000024   Code   RO          210    .text.osThreadNew   RTX_CM0.lib(rtx_thread.o)
    0x000017c0   0x000017c0   0x00000018   Code   RO          316    .text.svcRtxDelay   RTX_CM0.lib(rtx_delay.o)
    0x000017d8   0x000017d8   0x0000013c   Code   RO          152    .text.svcRtxKernelInitialize  RTX_CM0.lib(rtx_kernel.o)
    0x00001914   0x00001914   0x00000084   Code   RO          154    .text.svcRtxKernelStart  RTX_CM0.lib(rtx_kernel.o)
    0x00001998   0x00001998   0x000000cc   Code   RO          452    .text.svcRtxMessageQueueGet  RTX_CM0.lib(rtx_msgqueue.o)
    0x00001a64   0x00001a64   0x000001c0   Code   RO          410    .text.svcRtxMessageQueueNew  RTX_CM0.lib(rtx_msgqueue.o)
    0x00001c24   0x00001c24   0x000000b0   Code   RO          448    .text.svcRtxMessageQueuePut  RTX_CM0.lib(rtx_msgqueue.o)
    0x00001cd4   0x00001cd4   0x00000048   Code   RO          392    .text.svcRtxSemaphoreAcquire  RTX_CM0.lib(rtx_semaphore.o)
    0x00001d1c   0x00001d1c   0x00000080   Code   RO          384    .text.svcRtxSemaphoreNew  RTX_CM0.lib(rtx_semaphore.o)
    0x00001d9c   0x00001d9c   0x00000038   Code   RO          396    .text.svcRtxSemaphoreRelease  RTX_CM0.lib(rtx_semaphore.o)
    0x00001dd4   0x00001dd4   0x0000004c   Code   RO          284    .text.svcRtxThreadExit  RTX_CM0.lib(rtx_thread.o)
    0x00001e20   0x00001e20   0x000001fc   Code   RO          208    .text.svcRtxThreadNew  RTX_CM0.lib(rtx_thread.o)
    0x0000201c   0x0000201c   0x000000dc   Code   RO           16    .text.tBrain        main.o
    0x000020f8   0x000020f8   0x0000014c   Code   RO           24    .text.tBuzzer       main.o
    0x00002244   0x00002244   0x00000144   Code   RO           22    .text.tGreenLed     main.o
    0x00002388   0x00002388   0x00000200   Code   RO           18    .text.tMotorControl  main.o
    0x00002588   0x00002588   0x000000a8   Code   RO           20    .text.tRedLed       main.o
    0x00002630   0x00002630   0x0000000e   Code   RO          654    i.__scatterload_copy  mc_p.l(handlers.o)
    0x0000263e   0x0000263e   0x0000000e   Code   RO          656    i.__scatterload_zeroinit  mc_p.l(handlers.o)
    0x0000264c   0x0000264c   0x00000070   Data   RO           61    .rodata             rtx_lib.o
    0x000026bc   0x000026bc   0x00000038   Data   RO           64    .rodata             rtx_lib.o
    0x000026f4   0x000026f4   0x00000004   Data   RO           63    .rodata.osRtxUserSVC  rtx_lib.o
    0x000026f8   0x000026f8   0x00000024   Data   RO           58    .rodata.os_idle_thread_attr  rtx_lib.o
    0x0000271c   0x0000271c   0x00000018   Data   RO           60    .rodata.os_timer_mq_attr  rtx_lib.o
    0x00002734   0x00002734   0x00000024   Data   RO           59    .rodata.os_timer_thread_attr  rtx_lib.o
    0x00002758   0x00002758   0x0000000b   Data   RO          168    .rodata.str1.4      RTX_CM0.lib(rtx_kernel.o)
    0x00002763   0x00002763   0x00000001   PAD
    0x00002764   0x00002764   0x00000020   Data   RO          653    Region$$Table       anon$$obj.o


    Execution Region ER_RW (Exec base: 0x1ffff000, Load base: 0x00002784, Size: 0x00000338, Max: 0xffffffff, ABSOLUTE, COMPRESSED[0x000000a8])

    Exec Addr    Load Addr    Size         Type   Attr      Idx    E Section Name        Object

    0x1ffff000   COMPRESSED   0x00000004   Data   RW          102    .data.SystemCoreClock  system_mkl25z4.o
    0x1ffff004   COMPRESSED   0x0000000a   Data   RW           28    .data.green_leds    main.o
    0x1ffff00e   COMPRESSED   0x00000002   PAD
    0x1ffff010   COMPRESSED   0x00000004   Data   RW           31    .data.leftDirection  main.o
    0x1ffff014   COMPRESSED   0x000000a4   Data   RW          169    .data.os            RTX_CM0.lib(rtx_kernel.o)
    0x1ffff0b8   COMPRESSED   0x00000118   Data   RW           37    .data.runningSongDurations  main.o
    0x1ffff1d0   COMPRESSED   0x00000118   Data   RW           36    .data.runningSongNotes  main.o
    0x1ffff2e8   COMPRESSED   0x00000028   Data   RW           39    .data.successSongDurations  main.o
    0x1ffff310   COMPRESSED   0x00000028   Data   RW           38    .data.successSongNotes  main.o


    Execution Region ER_ZI (Exec base: 0x1ffff338, Load base: 0x0000282c, Size: 0x00008690, Max: 0xffffffff, ABSOLUTE)

    Exec Addr    Load Addr    Size         Type   Attr      Idx    E Section Name        Object

    0x1ffff338        -       0x00000004   Zero   RW           29    .bss.STATE          main.o
    0x1ffff33c        -       0x00000004   Zero   RW           30    .bss.SUCCESS_STATE  main.o
    0x1ffff340        -       0x00000004   Zero   RW           32    .bss.leftSpeed      main.o
    0x1ffff344        -       0x00000004   Zero   RW           44    .bss.movementMsg    main.o
    0x1ffff348        -       0x00000004   Zero   RW           41    .bss.mySem          main.o
    0x1ffff34c   0x0000282c   0x00000004   PAD
    0x1ffff350        -       0x00008040   Zero   RW           57    .bss.os             rtx_lib.o
    0x20007390        -       0x00000001   Zero   RW          607    .bss.os             RTX_CM0.lib(os_systick.o)
    0x20007391   0x0000282c   0x00000003   PAD
    0x20007394        -       0x00000034   Zero   RW           68    .bss.os.msgqueue.cb  rtx_lib.o
    0x200073c8        -       0x00000050   Zero   RW           69    .bss.os.msgqueue.mem  rtx_lib.o
    0x20007418        -       0x00000088   Zero   RW           65    .bss.os.thread.cb   rtx_lib.o
    0x200074a0        -       0x00000200   Zero   RW           66    .bss.os.thread.idle.stack  rtx_lib.o
    0x200076a0        -       0x00000200   Zero   RW           67    .bss.os.thread.timer.stack  rtx_lib.o
    0x200078a0        -       0x00000004   Zero   RW           42    .bss.rightDirection  main.o
    0x200078a4        -       0x00000004   Zero   RW           43    .bss.rightSpeed     main.o
    0x200078a8        -       0x00000004   Zero   RW           35    .bss.rxData         main.o
    0x200078ac        -       0x00000004   Zero   RW           45    .bss.successMsg     main.o
    0x200078b0        -       0x00000004   Zero   RW           33    .bss.successState   main.o
    0x200078b4        -       0x00000004   Zero   RW           40    .bss.success_set    main.o
    0x200078b8        -       0x00000004   Zero   RW           46    .bss.tpm1c0v        main.o
    0x200078bc        -       0x00000004   Zero   RW           47    .bss.tpm1c1v        main.o
    0x200078c0        -       0x00000004   Zero   RW           48    .bss.tpm2c0v        main.o
    0x200078c4        -       0x00000004   Zero   RW           34    .bss.tpm2c1v        main.o
    0x200078c8        -       0x00000100   Zero   RW           85    STACK               startup_mkl25z4.o


==============================================================================

Image component sizes


      Code (inc. data)   RO Data    RW Data    ZI Data      Debug   Object Name

      2844        492          0        654         60       7823   main.o
        72         20          0          0          0        720   rtx_config.o
         0          0        268          0      34124       5588   rtx_lib.o
        56         30        192          0        256        872   startup_mkl25z4.o
       568         52          0          4          0       2568   system_mkl25z4.o

    ----------------------------------------------------------------------
      3540        594        492        660      34444      17571   Object Totals
         0          0         32          0          0          0   (incl. Generated)
         0          0          0          2          4          0   (incl. Padding)

    ----------------------------------------------------------------------

      Code (inc. data)   RO Data    RW Data    ZI Data      Debug   Library Member Name

       164          8          0          0          0        658   irq_armv6m.o
       122         16          0          0          1       2812   os_systick.o
        64          4          0          0          0       2729   rtx_delay.o
       534         32         11        164          0      15793   rtx_kernel.o
       244          0          0          0          0       2665   rtx_memory.o
       156          0          0          0          0      14433   rtx_mempool.o
      1510         44          0          0          0      18183   rtx_msgqueue.o
       138          0          0          0          0       9527   rtx_mutex.o
       538         16          0          0          0      10097   rtx_semaphore.o
       364         18          0          0          0       4871   rtx_system.o
      1648         56          0          0          0      31596   rtx_thread.o
       256         16          0          0          0       9965   rtx_timer.o
        86          0          0          0          0          0   __dczerorl2.o
         0          0          0          0          0          0   entry.o
         0          0          0          0          0          0   entry10a.o
         0          0          0          0          0          0   entry11a.o
         8          4          0          0          0          0   entry2.o
         4          0          0          0          0          0   entry5.o
         0          0          0          0          0          0   entry7b.o
         0          0          0          0          0          0   entry8b.o
         8          4          0          0          0          0   entry9a.o
        30          0          0          0          0          0   handlers.o
        48         10          0          0          0         68   init.o
        36          0          0          0          0         60   memcpya.o
        36          0          0          0          0        100   memseta.o
        62          0          0          0          0         72   uidiv_div0.o

    ----------------------------------------------------------------------
      6072        228         12        164          4     123629   Library Totals
        16          0          1          0          3          0   (incl. Padding)

    ----------------------------------------------------------------------

      Code (inc. data)   RO Data    RW Data    ZI Data      Debug   Library Name

      5738        210         11        164          1     123329   RTX_CM0.lib
       318         18          0          0          0        300   mc_p.l

    ----------------------------------------------------------------------
      6072        228         12        164          4     123629   Library Totals

    ----------------------------------------------------------------------

==============================================================================


      Code (inc. data)   RO Data    RW Data    ZI Data      Debug   

      9612        822        504        824      34448     141120   Grand Totals
      9612        822        504        168      34448     141120   ELF Image Totals (compressed)
      9612        822        504        168          0          0   ROM Totals

==============================================================================

    Total RO  Size (Code + RO Data)                10116 (   9.88kB)
    Total RW  Size (RW Data + ZI Data)             35272 (  34.45kB)
    Total ROM Size (Code + RO Data + RW Data)      10284 (  10.04kB)

==============================================================================

