Component: Arm Compiler for Embedded 6.21 Tool: armlink [5ec1fa00]

==============================================================================

Section Cross References

    main.o(.ARM.exidx.text.getGPIO) refers to main.o(.text.getGPIO) for [Anonymous Symbol]
    main.o(.ARM.exidx.text.getMaskPort) refers to main.o(.text.getMaskPort) for [Anonymous Symbol]
    main.o(.ARM.exidx.text.initGPIOPort) refers to main.o(.text.initGPIOPort) for [Anonymous Symbol]
    main.o(.text.InitGPIOAll) refers to main.o(.text.getMaskPort) for getMaskPort
    main.o(.text.InitGPIOAll) refers to main.o(.text.initGPIOPort) for initGPIOPort
    main.o(.text.InitGPIOAll) refers to main.o(.text.getGPIO) for getGPIO
    main.o(.ARM.exidx.text.InitGPIOAll) refers to main.o(.text.InitGPIOAll) for [Anonymous Symbol]
    main.o(.text.setPin) refers to main.o(.text.getGPIO) for getGPIO
    main.o(.ARM.exidx.text.setPin) refers to main.o(.text.setPin) for [Anonymous Symbol]
    main.o(.ARM.exidx.text.turnOffRGB) refers to main.o(.text.turnOffRGB) for [Anonymous Symbol]
    main.o(.text.led_control) refers to main.o(.text.turnOffRGB) for turnOffRGB
    main.o(.ARM.exidx.text.led_control) refers to main.o(.text.led_control) for [Anonymous Symbol]
    main.o(.text.InitGPIO) refers to main.o(.text.InitGPIOAll) for InitGPIOAll
    main.o(.ARM.exidx.text.InitGPIO) refers to main.o(.text.InitGPIO) for [Anonymous Symbol]
    main.o(.text.led_red_thread) refers to main.o(.text.setPin) for setPin
    main.o(.text.led_red_thread) refers to main.o(.text.led_control) for led_control
    main.o(.text.led_red_thread) refers to rtx_delay.o(.text.osDelay) for osDelay
    main.o(.ARM.exidx.text.led_red_thread) refers to main.o(.text.led_red_thread) for [Anonymous Symbol]
    main.o(.text.led_green_thread) refers to main.o(.text.led_control) for led_control
    main.o(.text.led_green_thread) refers to rtx_delay.o(.text.osDelay) for osDelay
    main.o(.ARM.exidx.text.led_green_thread) refers to main.o(.text.led_green_thread) for [Anonymous Symbol]
    main.o(.text.main) refers to system_mkl25z4.o(.text.SystemCoreClockUpdate) for SystemCoreClockUpdate
    main.o(.text.main) refers to main.o(.text.InitGPIO) for InitGPIO
    main.o(.text.main) refers to main.o(.text.turnOffRGB) for turnOffRGB
    main.o(.text.main) refers to main.o(.text.setPin) for setPin
    main.o(.text.main) refers to rtx_kernel.o(.text.osKernelInitialize) for osKernelInitialize
    main.o(.text.main) refers to rtx_thread.o(.text.osThreadNew) for osThreadNew
    main.o(.text.main) refers to rtx_kernel.o(.text.osKernelStart) for osKernelStart
    main.o(.text.main) refers to main.o(.text.led_red_thread) for led_red_thread
    main.o(.text.main) refers to main.o(.text.led_green_thread) for led_green_thread
    main.o(.ARM.exidx.text.main) refers to main.o(.text.main) for [Anonymous Symbol]
    rtx_lib.o(.text._platform_post_stackheap_init) refers to rtx_kernel.o(.text.osKernelInitialize) for osKernelInitialize
    rtx_lib.o(.ARM.exidx.text._platform_post_stackheap_init) refers to rtx_lib.o(.text._platform_post_stackheap_init) for [Anonymous Symbol]
    rtx_lib.o(.text.__user_perthread_libspace) refers to rtx_lib.o(.text.os_kernel_is_active) for os_kernel_is_active
    rtx_lib.o(.text.__user_perthread_libspace) refers to rtx_thread.o(.text.osThreadGetId) for osThreadGetId
    rtx_lib.o(.text.__user_perthread_libspace) refers to rtx_kernel.o(.text.osRtxKernelErrorNotify) for osRtxKernelErrorNotify
    rtx_lib.o(.text.__user_perthread_libspace) refers to rtx_lib.o(.bss.os.libspace) for [Anonymous Symbol]
    rtx_lib.o(.ARM.exidx.text.__user_perthread_libspace) refers to rtx_lib.o(.text.__user_perthread_libspace) for [Anonymous Symbol]
    rtx_lib.o(.text.os_kernel_is_active) refers to rtx_kernel.o(.text.osKernelGetState) for osKernelGetState
    rtx_lib.o(.text.os_kernel_is_active) refers to rtx_lib.o(.bss.os_kernel_is_active.os_kernel_active) for [Anonymous Symbol]
    rtx_lib.o(.ARM.exidx.text.os_kernel_is_active) refers to rtx_lib.o(.text.os_kernel_is_active) for [Anonymous Symbol]
    rtx_lib.o(.text._mutex_initialize) refers to rtx_mutex.o(.text.osMutexNew) for osMutexNew
    rtx_lib.o(.text._mutex_initialize) refers to rtx_kernel.o(.text.osRtxKernelErrorNotify) for osRtxKernelErrorNotify
    rtx_lib.o(.ARM.exidx.text._mutex_initialize) refers to rtx_lib.o(.text._mutex_initialize) for [Anonymous Symbol]
    rtx_lib.o(.text._mutex_acquire) refers to rtx_lib.o(.text.os_kernel_is_active) for os_kernel_is_active
    rtx_lib.o(.text._mutex_acquire) refers to rtx_mutex.o(.text.osMutexAcquire) for osMutexAcquire
    rtx_lib.o(.ARM.exidx.text._mutex_acquire) refers to rtx_lib.o(.text._mutex_acquire) for [Anonymous Symbol]
    rtx_lib.o(.text._mutex_release) refers to rtx_lib.o(.text.os_kernel_is_active) for os_kernel_is_active
    rtx_lib.o(.text._mutex_release) refers to rtx_mutex.o(.text.osMutexRelease) for osMutexRelease
[...]
    Removing os_systick.o(.text.OS_Tick_GetInterval), (12 bytes).
    Removing os_systick.o(.ARM.exidx.text.OS_Tick_GetInterval), (8 bytes).
    Removing os_systick.o(.text.OS_Tick_GetCount), (16 bytes).
    Removing os_systick.o(.ARM.exidx.text.OS_Tick_GetCount), (8 bytes).
    Removing os_systick.o(.text.OS_Tick_GetOverflow), (16 bytes).
    Removing os_systick.o(.ARM.exidx.text.OS_Tick_GetOverflow), (8 bytes).

352 unused section(s) (total 8053 bytes) removed from the image.

==============================================================================

Image Symbol Table

    Local Symbols

    Symbol Name                              Value     Ov Type        Size  Object(Section)

    ../clib/angel/boardlib.s                 0x00000000   Number         0  boardinit1.o ABSOLUTE
    ../clib/angel/boardlib.s                 0x00000000   Number         0  boardinit3.o ABSOLUTE
    ../clib/angel/boardlib.s                 0x00000000   Number         0  boardshut.o ABSOLUTE
    ../clib/angel/handlers.s                 0x00000000   Number         0  __scatter_copy.o ABSOLUTE
    ../clib/angel/handlers.s                 0x00000000   Number         0  __scatter_zi.o ABSOLUTE
    ../clib/angel/kernel.s                   0x00000000   Number         0  __rtentry.o ABSOLUTE
    ../clib/angel/kernel.s                   0x00000000   Number         0  __rtentry2.o ABSOLUTE
    ../clib/angel/kernel.s                   0x00000000   Number         0  __rtentry4.o ABSOLUTE
    ../clib/angel/kernel.s                   0x00000000   Number         0  rtexit.o ABSOLUTE
    ../clib/angel/kernel.s                   0x00000000   Number         0  rtexit2.o ABSOLUTE
    ../clib/angel/rt.s                       0x00000000   Number         0  aeabi_idiv0.o ABSOLUTE
    ../clib/angel/rt.s                       0x00000000   Number         0  aeabi_idiv0_sigfpe.o ABSOLUTE
    ../clib/angel/rt.s                       0x00000000   Number         0  rt_div0.o ABSOLUTE
    ../clib/angel/rt.s                       0x00000000   Number         0  rt_raise.o ABSOLUTE
    ../clib/angel/scatterp.s                 0x00000000   Number         0  __scatter.o ABSOLUTE
    ../clib/angel/startup.s                  0x00000000   Number         0  __main.o ABSOLUTE
    ../clib/angel/sys.s                      0x00000000   Number         0  sys_stackheap_outer.o ABSOLUTE
    ../clib/angel/sys.s                      0x00000000   Number         0  libspace.o ABSOLUTE
    ../clib/angel/sys.s                      0x00000000   Number         0  tempstk.o ABSOLUTE
    ../clib/angel/sys.s                      0x00000000   Number         0  use_no_semi.o ABSOLUTE
    ../clib/angel/sys.s                      0x00000000   Number         0  indicate_semi.o ABSOLUTE
    ../clib/angel/sysapp.c                   0x00000000   Number         0  sys_exit.o ABSOLUTE
    ../clib/angel/sysapp.c                   0x00000000   Number         0  sys_exit_hlt.o ABSOLUTE
    ../clib/angel/sysapp.c                   0x00000000   Number         0  sys_wrch.o ABSOLUTE
    ../clib/angel/sysapp.c                   0x00000000   Number         0  sys_wrch_hlt.o ABSOLUTE
    ../clib/angel/sysapp.c                   0x00000000   Number         0  sys_command.o ABSOLUTE
    ../clib/angel/sysapp.c                   0x00000000   Number         0  sys_command_hlt.o ABSOLUTE
    ../clib/armsys.c                         0x00000000   Number         0  argv_veneer.o ABSOLUTE
    ../clib/armsys.c                         0x00000000   Number         0  _get_argv_nomalloc.o ABSOLUTE
    ../clib/armsys.c                         0x00000000   Number         0  no_argv.o ABSOLUTE
    ../clib/division.s                       0x00000000   Number         0  aeabi_sdiv.o ABSOLUTE
    ../clib/division.s                       0x00000000   Number         0  aeabi_sdiv_div0.o ABSOLUTE
    ../clib/heapalloc.c                      0x00000000   Number         0  hrguard.o ABSOLUTE
    ../clib/heapaux.c                        0x00000000   Number         0  heapauxi.o ABSOLUTE
    ../clib/libinit.s                        0x00000000   Number         0  libinit.o ABSOLUTE
    ../clib/libinit.s                        0x00000000   Number         0  libinit2.o ABSOLUTE
    ../clib/libinit.s                        0x00000000   Number         0  libshutdown.o ABSOLUTE
    ../clib/libinit.s                        0x00000000   Number         0  libshutdown2.o ABSOLUTE
    ../clib/memcpset.c                       0x00000000   Number         0  rt_memcpy.o ABSOLUTE
    ../clib/memcpset.c                       0x00000000   Number         0  rt_memcpy.o ABSOLUTE
    ../clib/memcpset.c                       0x00000000   Number         0  rt_memclr.o ABSOLUTE
    ../clib/signal.c                         0x00000000   Number         0  defsig_fpe_outer.o ABSOLUTE
    ../clib/signal.c                         0x00000000   Number         0  defsig_fpe_formal.o ABSOLUTE
    ../clib/signal.c                         0x00000000   Number         0  defsig_exit.o ABSOLUTE
    ../clib/signal.c                         0x00000000   Number         0  defsig_fpe_inner.o ABSOLUTE
    ../clib/signal.c                         0x00000000   Number         0  __raise.o ABSOLUTE
    ../clib/signal.c                         0x00000000   Number         0  defsig_general.o ABSOLUTE
    ../clib/signal.c                         0x00000000   Number         0  defsig_abrt_inner.o ABSOLUTE
    ../clib/signal.c                         0x00000000   Number         0  defsig_rtred_inner.o ABSOLUTE
    ../clib/signal.c                         0x00000000   Number         0  defsig_rtmem_inner.o ABSOLUTE
    ../clib/signal.c                         0x00000000   Number         0  defsig_rtmem_outer.o ABSOLUTE
    ../clib/signal.c                         0x00000000   Number         0  defsig_rtmem_formal.o ABSOLUTE
    ../clib/signal.c                         0x00000000   Number         0  defsig_stak_inner.o ABSOLUTE
    ../clib/signal.c                         0x00000000   Number         0  defsig_pvfn_inner.o ABSOLUTE
    ../clib/signal.c                         0x00000000   Number         0  defsig_cppl_inner.o ABSOLUTE
    ../clib/signal.c                         0x00000000   Number         0  defsig_segv_inner.o ABSOLUTE
    ../clib/signal.c                         0x00000000   Number         0  defsig_other.o ABSOLUTE
    ../clib/signal.s                         0x00000000   Number         0  defsig.o ABSOLUTE
    ../clib/stdlib.c                         0x00000000   Number         0  exit.o ABSOLUTE
    ../fplib/cfplib/fpinit.c                 0x00000000   Number         0  fpinit.o ABSOLUTE
    RTE/Device/MKL25Z128xxx4/startup_MKL25Z4.s 0x00000000   Number         0  startup_mkl25z4.o ABSOLUTE
    RTX_Config.c                             0x00000000   Number         0  rtx_config.o ABSOLUTE
    dc.s                                     0x00000000   Number         0  dc.o ABSOLUTE
    main.c                                   0x00000000   Number         0  main.o ABSOLUTE
    os_systick.c                             0x00000000   Number         0  os_systick.o ABSOLUTE
    rtx_delay.c                              0x00000000   Number         0  rtx_delay.o ABSOLUTE
    rtx_kernel.c                             0x00000000   Number         0  rtx_kernel.o ABSOLUTE
    rtx_lib.c                                0x00000000   Number         0  rtx_lib.o ABSOLUTE
    rtx_memory.c                             0x00000000   Number         0  rtx_memory.o ABSOLUTE
    rtx_mempool.c                            0x00000000   Number         0  rtx_mempool.o ABSOLUTE
    rtx_msgqueue.c                           0x00000000   Number         0  rtx_msgqueue.o ABSOLUTE
    rtx_mutex.c                              0x00000000   Number         0  rtx_mutex.o ABSOLUTE
    rtx_system.c                             0x00000000   Number         0  rtx_system.o ABSOLUTE
    rtx_thread.c                             0x00000000   Number         0  rtx_thread.o ABSOLUTE
    rtx_timer.c                              0x00000000   Number         0  rtx_timer.o ABSOLUTE
    system_MKL25Z4.c                         0x00000000   Number         0  system_mkl25z4.o ABSOLUTE
    RESET                                    0x00000000   Section      192  startup_mkl25z4.o(RESET)
    osRtxErrorStackOverflow                  0x00000001   Number         0  irq_armv6m.o ABSOLUTE
    I_T_RUN_OFS                              0x00000014   Number         0  irq_armv6m.o ABSOLUTE
    TCB_SP_OFS                               0x00000038   Number         0  irq_armv6m.o ABSOLUTE
    !!!main                                  0x000000c0   Section        8  __main.o(!!!main)
    !!!scatter                               0x000000c8   Section       84  __scatter.o(!!!scatter)
    !!handler_copy                           0x0000011c   Section       26  __scatter_copy.o(!!handler_copy)
    !!handler_null                           0x00000138   Section        2  __scatter.o(!!handler_null)
    !!handler_zi                             0x0000013c   Section       28  __scatter_zi.o(!!handler_zi)
    .ARM.Collect$$libinit$$00000000          0x00000158   Section        2  libinit.o(.ARM.Collect$$libinit$$00000000)
    .ARM.Collect$$libinit$$00000002          0x0000015a   Section        0  libinit2.o(.ARM.Collect$$libinit$$00000002)
    .ARM.Collect$$libinit$$00000004          0x0000015a   Section        0  libinit2.o(.ARM.Collect$$libinit$$00000004)
    .ARM.Collect$$libinit$$00000006          0x0000015a   Section        0  libinit2.o(.ARM.Collect$$libinit$$00000006)
    .ARM.Collect$$libinit$$0000000C          0x0000015a   Section        0  libinit2.o(.ARM.Collect$$libinit$$0000000C)
    .ARM.Collect$$libinit$$0000000E          0x0000015a   Section        0  libinit2.o(.ARM.Collect$$libinit$$0000000E)
    .ARM.Collect$$libinit$$00000010          0x0000015a   Section        0  libinit2.o(.ARM.Collect$$libinit$$00000010)
    .ARM.Collect$$libinit$$00000013          0x0000015a   Section        0  libinit2.o(.ARM.Collect$$libinit$$00000013)
    .ARM.Collect$$libinit$$00000015          0x0000015a   Section        0  libinit2.o(.ARM.Collect$$libinit$$00000015)
    .ARM.Collect$$libinit$$00000017          0x0000015a   Section        0  libinit2.o(.ARM.Collect$$libinit$$00000017)
    .ARM.Collect$$libinit$$00000019          0x0000015a   Section        0  libinit2.o(.ARM.Collect$$libinit$$00000019)
    .ARM.Collect$$libinit$$0000001B          0x0000015a   Section        0  libinit2.o(.ARM.Collect$$libinit$$0000001B)
    .ARM.Collect$$libinit$$0000001D          0x0000015a   Section        0  libinit2.o(.ARM.Collect$$libinit$$0000001D)
    .ARM.Collect$$libinit$$0000001F          0x0000015a   Section        0  libinit2.o(.ARM.Collect$$libinit$$0000001F)
    .ARM.Collect$$libinit$$00000021          0x0000015a   Section        0  libinit2.o(.ARM.Collect$$libinit$$00000021)
    .ARM.Collect$$libinit$$00000023          0x0000015a   Section        0  libinit2.o(.ARM.Collect$$libinit$$00000023)
    .ARM.Collect$$libinit$$00000025          0x0000015a   Section        0  libinit2.o(.ARM.Collect$$libinit$$00000025)
    .ARM.Collect$$libinit$$00000027          0x0000015a   Section        0  libinit2.o(.ARM.Collect$$libinit$$00000027)
    .ARM.Collect$$libinit$$0000002E          0x0000015a   Section        0  libinit2.o(.ARM.Collect$$libinit$$0000002E)
    .ARM.Collect$$libinit$$00000030          0x0000015a   Section        0  libinit2.o(.ARM.Collect$$libinit$$00000030)
    .ARM.Collect$$libinit$$00000032          0x0000015a   Section        0  libinit2.o(.ARM.Collect$$libinit$$00000032)
    .ARM.Collect$$libinit$$00000034          0x0000015a   Section        0  libinit2.o(.ARM.Collect$$libinit$$00000034)
    .ARM.Collect$$libinit$$00000035          0x0000015a   Section        2  libinit2.o(.ARM.Collect$$libinit$$00000035)
    .ARM.Collect$$libshutdown$$00000000      0x0000015c   Section        2  libshutdown.o(.ARM.Collect$$libshutdown$$00000000)
    .ARM.Collect$$libshutdown$$00000002      0x0000015e   Section        0  libshutdown2.o(.ARM.Collect$$libshutdown$$00000002)
    .ARM.Collect$$libshutdown$$00000004      0x0000015e   Section        0  libshutdown2.o(.ARM.Collect$$libshutdown$$00000004)
    .ARM.Collect$$libshutdown$$00000007      0x0000015e   Section        0  libshutdown2.o(.ARM.Collect$$libshutdown$$00000007)
    .ARM.Collect$$libshutdown$$0000000A      0x0000015e   Section        0  libshutdown2.o(.ARM.Collect$$libshutdown$$0000000A)
    .ARM.Collect$$libshutdown$$0000000C      0x0000015e   Section        0  libshutdown2.o(.ARM.Collect$$libshutdown$$0000000C)
    .ARM.Collect$$libshutdown$$0000000F      0x0000015e   Section        0  libshutdown2.o(.ARM.Collect$$libshutdown$$0000000F)
    .ARM.Collect$$libshutdown$$00000010      0x0000015e   Section        2  libshutdown2.o(.ARM.Collect$$libshutdown$$00000010)
    .ARM.Collect$$rtentry$$00000000          0x00000160   Section        0  __rtentry.o(.ARM.Collect$$rtentry$$00000000)
    .ARM.Collect$$rtentry$$00000002          0x00000160   Section        0  __rtentry2.o(.ARM.Collect$$rtentry$$00000002)
    .ARM.Collect$$rtentry$$00000004          0x00000160   Section        6  __rtentry4.o(.ARM.Collect$$rtentry$$00000004)
    .ARM.Collect$$rtentry$$00000008          0x00000166   Section        8  __rtentry2.o(.ARM.Collect$$rtentry$$00000008)
    .ARM.Collect$$rtentry$$0000000A          0x0000016e   Section        4  __rtentry2.o(.ARM.Collect$$rtentry$$0000000A)
    .ARM.Collect$$rtentry$$0000000C          0x00000172   Section        0  __rtentry2.o(.ARM.Collect$$rtentry$$0000000C)
    .ARM.Collect$$rtentry$$0000000D          0x00000172   Section        8  __rtentry2.o(.ARM.Collect$$rtentry$$0000000D)
    .ARM.Collect$$rtexit$$00000000           0x0000017a   Section        2  rtexit.o(.ARM.Collect$$rtexit$$00000000)
    .ARM.Collect$$rtexit$$00000002           0x0000017c   Section        0  rtexit2.o(.ARM.Collect$$rtexit$$00000002)
    .ARM.Collect$$rtexit$$00000003           0x0000017c   Section        4  rtexit2.o(.ARM.Collect$$rtexit$$00000003)
    .ARM.Collect$$rtexit$$00000004           0x00000180   Section        6  rtexit2.o(.ARM.Collect$$rtexit$$00000004)
    .emb_text                                0x00000188   Section       56  rt_memcpy.o(.emb_text)
    .text                                    0x000001c0   Section       64  startup_mkl25z4.o(.text)
    [Anonymous Symbol]                       0x00000200   Section        0  irq_armv6m.o(.text)
    SVC_Number                               0x0000020a   Number         0  irq_armv6m.o(.text)
    SVC_Context                              0x00000220   Number         0  irq_armv6m.o(.text)
    SVC_ContextSave                          0x00000230   Number         0  irq_armv6m.o(.text)
    SVC_ContextRestore                       0x00000244   Number         0  irq_armv6m.o(.text)
    SVC_MSP                                  0x00000260   Number         0  irq_armv6m.o(.text)
    SVC_Exit                                 0x00000266   Number         0  irq_armv6m.o(.text)
    SVC_User                                 0x00000268   Number         0  irq_armv6m.o(.text)
    .text                                    0x000002a4   Section        0  rt_memcpy.o(.text)
    .text                                    0x00000326   Section        0  rt_memclr.o(.text)
    .text                                    0x00000366   Section        0  heapauxi.o(.text)
    .text                                    0x0000036c   Section       62  sys_stackheap_outer.o(.text)
    .text                                    0x000003aa   Section        0  exit.o(.text)
    .text                                    0x000003bc   Section        8  libspace.o(.text)
    .text                                    0x000003c4   Section        0  sys_exit.o(.text)
    .text                                    0x000003d0   Section        2  use_no_semi.o(.text)
    MessageQueueRemove                       0x000003d3   Thumb Code    30  rtx_msgqueue.o(.text.MessageQueueRemove)
    [Anonymous Symbol]                       0x000003d2   Section        0  rtx_msgqueue.o(.text.MessageQueueRemove)
    .text                                    0x000003d2   Section        0  indicate_semi.o(.text)
    [Anonymous Symbol]                       0x000003f0   Section        0  os_systick.o(.text.OS_Tick_AcknowledgeIRQ)
    [Anonymous Symbol]                       0x000003f8   Section        0  rtx_kernel.o(.text.osRtxKernelPreInit)
    [Anonymous Symbol]                       0x000003fa   Section        0  os_systick.o(.text.OS_Tick_GetIRQn)
    .ARM.__at_0x400                          0x00000400   Section       16  startup_mkl25z4.o(.ARM.__at_0x400)
    .text                                    0x00000410   Section      364  aeabi_sdiv.o(.text)
    [Anonymous Symbol]                       0x0000057c   Section        0  main.o(.text.InitGPIO)
    __arm_cp.7_0                             0x000005c8   Number         4  main.o(.text.InitGPIO)
    __arm_cp.7_1                             0x000005cc   Number         4  main.o(.text.InitGPIO)
    __arm_cp.7_2                             0x000005d0   Number         4  main.o(.text.InitGPIO)
    __arm_cp.7_3                             0x000005d4   Number         4  main.o(.text.InitGPIO)
    [Anonymous Symbol]                       0x000005d8   Section        0  main.o(.text.InitGPIOAll)
    __arm_cp.3_0                             0x00000658   Number         4  main.o(.text.InitGPIOAll)
    MessageQueueGet                          0x0000065d   Thumb Code    66  rtx_msgqueue.o(.text.MessageQueueGet)
    [Anonymous Symbol]                       0x0000065c   Section        0  rtx_msgqueue.o(.text.MessageQueueGet)
    MessageQueuePut                          0x0000069f   Thumb Code    94  rtx_msgqueue.o(.text.MessageQueuePut)
    [Anonymous Symbol]                       0x0000069e   Section        0  rtx_msgqueue.o(.text.MessageQueuePut)
    [Anonymous Symbol]                       0x000006fc   Section        0  os_systick.o(.text.OS_Tick_Enable)
    __arm_cp.1_1                             0x0000071c   Number         4  os_systick.o(.text.OS_Tick_Enable)
    [Anonymous Symbol]                       0x00000720   Section        0  os_systick.o(.text.OS_Tick_Setup)
    __arm_cp.0_1                             0x0000075c   Number         4  os_systick.o(.text.OS_Tick_Setup)
    __arm_cp.0_2                             0x00000760   Number         4  os_systick.o(.text.OS_Tick_Setup)
    __arm_cp.0_3                             0x00000764   Number         4  os_systick.o(.text.OS_Tick_Setup)
    [Anonymous Symbol]                       0x00000768   Section        0  system_mkl25z4.o(.text.SystemCoreClockUpdate)
    __arm_cp.1_0                             0x00000964   Number         4  system_mkl25z4.o(.text.SystemCoreClockUpdate)
    __arm_cp.1_1                             0x00000968   Number         4  system_mkl25z4.o(.text.SystemCoreClockUpdate)
    __arm_cp.1_2                             0x0000096c   Number         4  system_mkl25z4.o(.text.SystemCoreClockUpdate)
    __arm_cp.1_3                             0x00000970   Number         4  system_mkl25z4.o(.text.SystemCoreClockUpdate)
    __arm_cp.1_4                             0x00000974   Number         4  system_mkl25z4.o(.text.SystemCoreClockUpdate)
    __arm_cp.1_5                             0x00000978   Number         4  system_mkl25z4.o(.text.SystemCoreClockUpdate)
    __arm_cp.1_6                             0x0000097c   Number         4  system_mkl25z4.o(.text.SystemCoreClockUpdate)
    __arm_cp.1_7                             0x00000980   Number         4  system_mkl25z4.o(.text.SystemCoreClockUpdate)
    __arm_cp.1_8                             0x00000984   Number         4  system_mkl25z4.o(.text.SystemCoreClockUpdate)
    __arm_cp.1_9                             0x00000988   Number         4  system_mkl25z4.o(.text.SystemCoreClockUpdate)
    __arm_cp.1_10                            0x0000098c   Number         4  system_mkl25z4.o(.text.SystemCoreClockUpdate)
    __arm_cp.1_11                            0x00000990   Number         4  system_mkl25z4.o(.text.SystemCoreClockUpdate)
    [Anonymous Symbol]                       0x00000994   Section        0  system_mkl25z4.o(.text.SystemInit)
    __arm_cp.0_0                             0x0000099c   Number         4  system_mkl25z4.o(.text.SystemInit)
    ThreadFlagsCheck                         0x000009a1   Thumb Code    74  rtx_thread.o(.text.ThreadFlagsCheck)
    [Anonymous Symbol]                       0x000009a0   Section        0  rtx_thread.o(.text.ThreadFlagsCheck)
    TimerInsert                              0x000009ed   Thumb Code    72  rtx_timer.o(.text.TimerInsert)
    [Anonymous Symbol]                       0x000009ec   Section        0  rtx_timer.o(.text.TimerInsert)
    __tagsym$$used.1                         0x00000a34   Number         0  rtx_lib.o(.text._mutex_acquire)
    [Anonymous Symbol]                       0x00000a34   Section        0  rtx_lib.o(.text._mutex_acquire)
    __tagsym$$used.3                         0x00000a56   Number         0  rtx_lib.o(.text._mutex_free)
    [Anonymous Symbol]                       0x00000a56   Section        0  rtx_lib.o(.text._mutex_free)
    __tagsym$$used.0                         0x00000a68   Number         0  rtx_lib.o(.text._mutex_initialize)
    [Anonymous Symbol]                       0x00000a68   Section        0  rtx_lib.o(.text._mutex_initialize)
    __tagsym$$used.2                         0x00000a9c   Number         0  rtx_lib.o(.text._mutex_release)
    [Anonymous Symbol]                       0x00000a9c   Section        0  rtx_lib.o(.text._mutex_release)
    [Anonymous Symbol]                       0x00000aba   Section        0  rtx_lib.o(.text._platform_post_stackheap_init)
    [Anonymous Symbol]                       0x00000ac4   Section        0  main.o(.text.getGPIO)
    __arm_cp.0_4                             0x00000b14   Number         4  main.o(.text.getGPIO)
    __arm_cp.0_5                             0x00000b18   Number         4  main.o(.text.getGPIO)
    __arm_cp.0_6                             0x00000b1c   Number         4  main.o(.text.getGPIO)
    __arm_cp.0_7                             0x00000b20   Number         4  main.o(.text.getGPIO)
    __arm_cp.0_8                             0x00000b24   Number         4  main.o(.text.getGPIO)
    [Anonymous Symbol]                       0x00000b28   Section        0  main.o(.text.getMaskPort)
    __arm_cp.1_0                             0x00000b84   Number         4  main.o(.text.getMaskPort)
    __arm_cp.1_1                             0x00000b88   Number         4  main.o(.text.getMaskPort)
    __arm_cp.1_2                             0x00000b8c   Number         4  main.o(.text.getMaskPort)
    __arm_cp.1_3                             0x00000b90   Number         4  main.o(.text.getMaskPort)
    [Anonymous Symbol]                       0x00000b94   Section        0  main.o(.text.initGPIOPort)
    [Anonymous Symbol]                       0x00000bc4   Section        0  main.o(.text.led_control)
    __arm_cp.6_0                             0x00000c1c   Number         4  main.o(.text.led_control)
    __arm_cp.6_1                             0x00000c20   Number         4  main.o(.text.led_control)
    [Anonymous Symbol]                       0x00000c24   Section        0  main.o(.text.led_green_thread)
    [Anonymous Symbol]                       0x00000c4c   Section        0  main.o(.text.led_red_thread)
    [Anonymous Symbol]                       0x00000c8c   Section        0  main.o(.text.main)
    __arm_cp.10_0                            0x00000ccc   Number         4  main.o(.text.main)
    __arm_cp.10_1                            0x00000cd0   Number         4  main.o(.text.main)
    __arm_cp.10_2                            0x00000cd4   Number         4  main.o(.text.main)
    [Anonymous Symbol]                       0x00000cd8   Section        0  rtx_delay.o(.text.osDelay)
    __arm_cp.0_0                             0x00000cfc   Number         4  rtx_delay.o(.text.osDelay)
    [Anonymous Symbol]                       0x00000d00   Section        0  rtx_kernel.o(.text.osKernelGetState)
    __arm_cp.5_0                             0x00000d28   Number         4  rtx_kernel.o(.text.osKernelGetState)
    __arm_cp.5_1                             0x00000d2c   Number         4  rtx_kernel.o(.text.osKernelGetState)
    [Anonymous Symbol]                       0x00000d30   Section        0  rtx_kernel.o(.text.osKernelInitialize)
    __arm_cp.2_0                             0x00000d54   Number         4  rtx_kernel.o(.text.osKernelInitialize)
    [Anonymous Symbol]                       0x00000d58   Section        0  rtx_kernel.o(.text.osKernelStart)
    __arm_cp.7_0                             0x00000d78   Number         4  rtx_kernel.o(.text.osKernelStart)
    [Anonymous Symbol]                       0x00000d7c   Section        0  rtx_msgqueue.o(.text.osMessageQueueGet)
    __arm_cp.5_0                             0x00000dec   Number         4  rtx_msgqueue.o(.text.osMessageQueueGet)
    [Anonymous Symbol]                       0x00000df0   Section        0  rtx_msgqueue.o(.text.osMessageQueuePut)
    __arm_cp.4_0                             0x00000e60   Number         4  rtx_msgqueue.o(.text.osMessageQueuePut)
    [Anonymous Symbol]                       0x00000e64   Section        0  rtx_mutex.o(.text.osMutexAcquire)
    __arm_cp.4_0                             0x00000e88   Number         4  rtx_mutex.o(.text.osMutexAcquire)
    [Anonymous Symbol]                       0x00000e8c   Section        0  rtx_mutex.o(.text.osMutexDelete)
    __arm_cp.7_0                             0x00000eb0   Number         4  rtx_mutex.o(.text.osMutexDelete)
    [Anonymous Symbol]                       0x00000eb4   Section        0  rtx_mutex.o(.text.osMutexNew)
    __arm_cp.2_0                             0x00000ed4   Number         4  rtx_mutex.o(.text.osMutexNew)
    [Anonymous Symbol]                       0x00000ed8   Section        0  rtx_mutex.o(.text.osMutexRelease)
    __arm_cp.5_0                             0x00000efc   Number         4  rtx_mutex.o(.text.osMutexRelease)
    [Anonymous Symbol]                       0x00000f00   Section        0  rtx_config.o(.text.osRtxErrorNotify)
    [Anonymous Symbol]                       0x00000f40   Section        0  rtx_config.o(.text.osRtxIdleThread)
    [Anonymous Symbol]                       0x00000f48   Section        0  rtx_kernel.o(.text.osRtxKernelErrorNotify)
    [Anonymous Symbol]                       0x00000f50   Section        0  rtx_memory.o(.text.osRtxMemoryAlloc)
    [Anonymous Symbol]                       0x00000fc8   Section        0  rtx_memory.o(.text.osRtxMemoryFree)
    [Anonymous Symbol]                       0x00001016   Section        0  rtx_memory.o(.text.osRtxMemoryInit)
    [Anonymous Symbol]                       0x00001044   Section        0  rtx_mempool.o(.text.osRtxMemoryPoolAlloc)
    [Anonymous Symbol]                       0x0000106e   Section        0  rtx_mempool.o(.text.osRtxMemoryPoolFree)
    [Anonymous Symbol]                       0x000010a4   Section        0  rtx_mempool.o(.text.osRtxMemoryPoolInit)
    osRtxMessageQueuePostProcess             0x000010e1   Thumb Code   188  rtx_msgqueue.o(.text.osRtxMessageQueuePostProcess)
    [Anonymous Symbol]                       0x000010e0   Section        0  rtx_msgqueue.o(.text.osRtxMessageQueuePostProcess)
    [Anonymous Symbol]                       0x0000119c   Section        0  rtx_msgqueue.o(.text.osRtxMessageQueueTimerSetup)
    __arm_cp.0_0                             0x000011bc   Number         4  rtx_msgqueue.o(.text.osRtxMessageQueueTimerSetup)
    [Anonymous Symbol]                       0x000011c0   Section        0  rtx_mutex.o(.text.osRtxMutexOwnerRelease)
    [Anonymous Symbol]                       0x00001204   Section        0  rtx_mutex.o(.text.osRtxMutexOwnerRestore)
    [Anonymous Symbol]                       0x0000124c   Section        0  rtx_system.o(.text.osRtxPendSV_Handler)
    [Anonymous Symbol]                       0x000012cc   Section        0  rtx_system.o(.text.osRtxPostProcess)
    __arm_cp.2_1                             0x00001334   Number         4  rtx_system.o(.text.osRtxPostProcess)
    osRtxThreadBlock                         0x00001339   Thumb Code    52  rtx_thread.o(.text.osRtxThreadBlock)
    [Anonymous Symbol]                       0x00001338   Section        0  rtx_thread.o(.text.osRtxThreadBlock)
    osRtxThreadDelayInsert                   0x0000136d   Thumb Code   140  rtx_thread.o(.text.osRtxThreadDelayInsert)
    [Anonymous Symbol]                       0x0000136c   Section        0  rtx_thread.o(.text.osRtxThreadDelayInsert)
    osRtxThreadDelayRemove                   0x000013f9   Thumb Code    68  rtx_thread.o(.text.osRtxThreadDelayRemove)
    [Anonymous Symbol]                       0x000013f8   Section        0  rtx_thread.o(.text.osRtxThreadDelayRemove)
    [Anonymous Symbol]                       0x0000143c   Section        0  rtx_thread.o(.text.osRtxThreadDelayTick)
    osRtxThreadDestroy                       0x00001491   Thumb Code    40  rtx_thread.o(.text.osRtxThreadDestroy)
    [Anonymous Symbol]                       0x00001490   Section        0  rtx_thread.o(.text.osRtxThreadDestroy)
    [Anonymous Symbol]                       0x000014b8   Section        0  rtx_thread.o(.text.osRtxThreadDispatch)
    osRtxThreadFree                          0x00001505   Thumb Code    80  rtx_thread.o(.text.osRtxThreadFree)
    [Anonymous Symbol]                       0x00001504   Section        0  rtx_thread.o(.text.osRtxThreadFree)
    __arm_cp.51_0                            0x00001554   Number         4  rtx_thread.o(.text.osRtxThreadFree)
    osRtxThreadJoinWakeup                    0x00001559   Thumb Code    32  rtx_thread.o(.text.osRtxThreadJoinWakeup)
    [Anonymous Symbol]                       0x00001558   Section        0  rtx_thread.o(.text.osRtxThreadJoinWakeup)
    [Anonymous Symbol]                       0x00001578   Section        0  rtx_thread.o(.text.osRtxThreadListGet)
    [Anonymous Symbol]                       0x0000158c   Section        0  rtx_thread.o(.text.osRtxThreadListPut)
    [Anonymous Symbol]                       0x000015b8   Section        0  rtx_thread.o(.text.osRtxThreadListRemove)
    [Anonymous Symbol]                       0x000015d0   Section        0  rtx_thread.o(.text.osRtxThreadListSort)
    osRtxThreadPostProcess                   0x000015f5   Thumb Code    38  rtx_thread.o(.text.osRtxThreadPostProcess)
    [Anonymous Symbol]                       0x000015f4   Section        0  rtx_thread.o(.text.osRtxThreadPostProcess)
    [Anonymous Symbol]                       0x0000161c   Section        0  rtx_thread.o(.text.osRtxThreadReadyPut)
    [Anonymous Symbol]                       0x00001630   Section        0  rtx_thread.o(.text.osRtxThreadRegPtr)
    [Anonymous Symbol]                       0x00001638   Section        0  rtx_thread.o(.text.osRtxThreadStartup)
    __arm_cp.14_1                            0x00001670   Number         4  rtx_thread.o(.text.osRtxThreadStartup)
    [Anonymous Symbol]                       0x00001674   Section        0  rtx_thread.o(.text.osRtxThreadSwitch)
    __arm_cp.7_0                             0x00001680   Number         4  rtx_thread.o(.text.osRtxThreadSwitch)
    [Anonymous Symbol]                       0x00001684   Section        0  rtx_thread.o(.text.osRtxThreadWaitEnter)
    __arm_cp.12_0                            0x000016c0   Number         4  rtx_thread.o(.text.osRtxThreadWaitEnter)
    [Anonymous Symbol]                       0x000016c4   Section        0  rtx_thread.o(.text.osRtxThreadWaitExit)
    [Anonymous Symbol]                       0x000016e8   Section        0  rtx_system.o(.text.osRtxTick_Handler)
    __arm_cp.0_0                             0x00001764   Number         4  rtx_system.o(.text.osRtxTick_Handler)
    [Anonymous Symbol]                       0x00001768   Section        0  rtx_timer.o(.text.osRtxTimerSetup)
    __arm_cp.0_0                             0x00001784   Number         4  rtx_timer.o(.text.osRtxTimerSetup)
    __arm_cp.0_1                             0x00001788   Number         4  rtx_timer.o(.text.osRtxTimerSetup)
    [Anonymous Symbol]                       0x0000178c   Section        0  rtx_timer.o(.text.osRtxTimerThread)
    osRtxTimerTick                           0x000017a9   Thumb Code   112  rtx_timer.o(.text.osRtxTimerTick)
    [Anonymous Symbol]                       0x000017a8   Section        0  rtx_timer.o(.text.osRtxTimerTick)
    __arm_cp.1_0                             0x00001818   Number         4  rtx_timer.o(.text.osRtxTimerTick)
    [Anonymous Symbol]                       0x0000181c   Section        0  rtx_thread.o(.text.osThreadExit)
    __arm_cp.30_0                            0x00001824   Number         4  rtx_thread.o(.text.osThreadExit)
    [Anonymous Symbol]                       0x00001828   Section        0  rtx_thread.o(.text.osThreadNew)
    __arm_cp.16_0                            0x00001848   Number         4  rtx_thread.o(.text.osThreadNew)
    os_kernel_is_active                      0x0000184d   Thumb Code    40  rtx_lib.o(.text.os_kernel_is_active)
    [Anonymous Symbol]                       0x0000184c   Section        0  rtx_lib.o(.text.os_kernel_is_active)
    __arm_cp.2_0                             0x00001874   Number         4  rtx_lib.o(.text.os_kernel_is_active)
    [Anonymous Symbol]                       0x00001878   Section        0  main.o(.text.setPin)
    svcRtxDelay                              0x000018c5   Thumb Code    24  rtx_delay.o(.text.svcRtxDelay)
    [Anonymous Symbol]                       0x000018c4   Section        0  rtx_delay.o(.text.svcRtxDelay)
    svcRtxKernelGetState                     0x000018dd   Thumb Code     8  rtx_kernel.o(.text.svcRtxKernelGetState)
    [Anonymous Symbol]                       0x000018dc   Section        0  rtx_kernel.o(.text.svcRtxKernelGetState)
    __arm_cp.6_0                             0x000018e4   Number         4  rtx_kernel.o(.text.svcRtxKernelGetState)
    svcRtxKernelInitialize                   0x000018e9   Thumb Code   308  rtx_kernel.o(.text.svcRtxKernelInitialize)
    [Anonymous Symbol]                       0x000018e8   Section        0  rtx_kernel.o(.text.svcRtxKernelInitialize)
    __arm_cp.21_0                            0x00001a1c   Number         4  rtx_kernel.o(.text.svcRtxKernelInitialize)
    __arm_cp.21_1                            0x00001a20   Number         4  rtx_kernel.o(.text.svcRtxKernelInitialize)
    __arm_cp.21_2                            0x00001a24   Number         4  rtx_kernel.o(.text.svcRtxKernelInitialize)
    svcRtxKernelStart                        0x00001a29   Thumb Code   116  rtx_kernel.o(.text.svcRtxKernelStart)
    [Anonymous Symbol]                       0x00001a28   Section        0  rtx_kernel.o(.text.svcRtxKernelStart)
    __arm_cp.22_0                            0x00001a9c   Number         4  rtx_kernel.o(.text.svcRtxKernelStart)
    __arm_cp.22_1                            0x00001aa0   Number         4  rtx_kernel.o(.text.svcRtxKernelStart)
    __arm_cp.22_2                            0x00001aa4   Number         4  rtx_kernel.o(.text.svcRtxKernelStart)
    __arm_cp.22_3                            0x00001aa8   Number         4  rtx_kernel.o(.text.svcRtxKernelStart)
    svcRtxMessageQueueGet                    0x00001aad   Thumb Code   200  rtx_msgqueue.o(.text.svcRtxMessageQueueGet)
    [Anonymous Symbol]                       0x00001aac   Section        0  rtx_msgqueue.o(.text.svcRtxMessageQueueGet)
    __arm_cp.22_0                            0x00001b74   Number         4  rtx_msgqueue.o(.text.svcRtxMessageQueueGet)
    svcRtxMessageQueueNew                    0x00001b79   Thumb Code   428  rtx_msgqueue.o(.text.svcRtxMessageQueueNew)
    [Anonymous Symbol]                       0x00001b78   Section        0  rtx_msgqueue.o(.text.svcRtxMessageQueueNew)
    __arm_cp.1_0                             0x00001d24   Number         4  rtx_msgqueue.o(.text.svcRtxMessageQueueNew)
    __arm_cp.1_1                             0x00001d28   Number         4  rtx_msgqueue.o(.text.svcRtxMessageQueueNew)
    __arm_cp.1_2                             0x00001d2c   Number         4  rtx_msgqueue.o(.text.svcRtxMessageQueueNew)
    __arm_cp.1_3                             0x00001d30   Number         4  rtx_msgqueue.o(.text.svcRtxMessageQueueNew)
    __arm_cp.1_5                             0x00001d34   Number         4  rtx_msgqueue.o(.text.svcRtxMessageQueueNew)
    svcRtxMessageQueuePut                    0x00001d39   Thumb Code   172  rtx_msgqueue.o(.text.svcRtxMessageQueuePut)
    [Anonymous Symbol]                       0x00001d38   Section        0  rtx_msgqueue.o(.text.svcRtxMessageQueuePut)
    __arm_cp.20_0                            0x00001de4   Number         4  rtx_msgqueue.o(.text.svcRtxMessageQueuePut)
    svcRtxMutexAcquire                       0x00001de9   Thumb Code   148  rtx_mutex.o(.text.svcRtxMutexAcquire)
    [Anonymous Symbol]                       0x00001de8   Section        0  rtx_mutex.o(.text.svcRtxMutexAcquire)
    svcRtxMutexDelete                        0x00001e7d   Thumb Code   176  rtx_mutex.o(.text.svcRtxMutexDelete)
    [Anonymous Symbol]                       0x00001e7c   Section        0  rtx_mutex.o(.text.svcRtxMutexDelete)
    __arm_cp.13_0                            0x00001f2c   Number         4  rtx_mutex.o(.text.svcRtxMutexDelete)
    svcRtxMutexNew                           0x00001f31   Thumb Code   108  rtx_mutex.o(.text.svcRtxMutexNew)
    [Anonymous Symbol]                       0x00001f30   Section        0  rtx_mutex.o(.text.svcRtxMutexNew)
    __arm_cp.8_0                             0x00001f9c   Number         4  rtx_mutex.o(.text.svcRtxMutexNew)
    svcRtxMutexRelease                       0x00001fa1   Thumb Code   184  rtx_mutex.o(.text.svcRtxMutexRelease)
    [Anonymous Symbol]                       0x00001fa0   Section        0  rtx_mutex.o(.text.svcRtxMutexRelease)
    __arm_cp.11_0                            0x00002058   Number         4  rtx_mutex.o(.text.svcRtxMutexRelease)
    svcRtxThreadExit                         0x0000205d   Thumb Code    72  rtx_thread.o(.text.svcRtxThreadExit)
    [Anonymous Symbol]                       0x0000205c   Section        0  rtx_thread.o(.text.svcRtxThreadExit)
    __arm_cp.53_0                            0x000020a4   Number         4  rtx_thread.o(.text.svcRtxThreadExit)
    svcRtxThreadNew                          0x000020a9   Thumb Code   484  rtx_thread.o(.text.svcRtxThreadNew)
    [Anonymous Symbol]                       0x000020a8   Section        0  rtx_thread.o(.text.svcRtxThreadNew)
    __arm_cp.15_0                            0x0000228c   Number         4  rtx_thread.o(.text.svcRtxThreadNew)
    __arm_cp.15_1                            0x00002290   Number         4  rtx_thread.o(.text.svcRtxThreadNew)
    __arm_cp.15_2                            0x00002294   Number         4  rtx_thread.o(.text.svcRtxThreadNew)
    __arm_cp.15_3                            0x00002298   Number         4  rtx_thread.o(.text.svcRtxThreadNew)
    __arm_cp.15_4                            0x0000229c   Number         4  rtx_thread.o(.text.svcRtxThreadNew)
    __arm_cp.15_5                            0x000022a0   Number         4  rtx_thread.o(.text.svcRtxThreadNew)
    [Anonymous Symbol]                       0x000022a4   Section        0  main.o(.text.turnOffRGB)
    __arm_cp.5_0                             0x000022b4   Number         4  main.o(.text.turnOffRGB)
    __arm_cp.5_1                             0x000022b8   Number         4  main.o(.text.turnOffRGB)
    __tagsym$$used.4                         0x000022bc   Number         0  rtx_lib.o(.rodata)
    __tagsym$$used.5                         0x0000232c   Number         0  rtx_lib.o(.rodata)
    os_idle_thread_attr                      0x00002368   Data          36  rtx_lib.o(.rodata.os_idle_thread_attr)
    [Anonymous Symbol]                       0x00002368   Section        0  rtx_lib.o(.rodata.os_idle_thread_attr)
    os_timer_mq_attr                         0x0000238c   Data          24  rtx_lib.o(.rodata.os_timer_mq_attr)
    [Anonymous Symbol]                       0x0000238c   Section        0  rtx_lib.o(.rodata.os_timer_mq_attr)
    os_timer_thread_attr                     0x000023a4   Data          36  rtx_lib.o(.rodata.os_timer_thread_attr)
    [Anonymous Symbol]                       0x000023a4   Section        0  rtx_lib.o(.rodata.os_timer_thread_attr)
    [Anonymous Symbol]                       0x000023c8   Section        0  rtx_kernel.o(.rodata.str1.4)
    .bss                                     0x1ffff0a8   Section       96  libspace.o(.bss)
    os_isr_queue                             0x1ffff108   Data          64  rtx_lib.o(.bss.os)
    [Anonymous Symbol]                       0x1ffff108   Section        0  rtx_lib.o(.bss.os)
    os_mem                                   0x1ffff148   Data       32768  rtx_lib.o(.bss.os)
    PendST                                   0x20007148   Data           1  os_systick.o(.bss.os)
    [Anonymous Symbol]                       0x20007148   Section        0  os_systick.o(.bss.os)
    os_timer_mq_cb                           0x2000714c   Data          52  rtx_lib.o(.bss.os.msgqueue.cb)
    [Anonymous Symbol]                       0x2000714c   Section        0  rtx_lib.o(.bss.os.msgqueue.cb)
    os_timer_mq_data                         0x20007180   Data          80  rtx_lib.o(.bss.os.msgqueue.mem)
    [Anonymous Symbol]                       0x20007180   Section        0  rtx_lib.o(.bss.os.msgqueue.mem)
    os_idle_thread_cb                        0x200071d0   Data          68  rtx_lib.o(.bss.os.thread.cb)
    [Anonymous Symbol]                       0x200071d0   Section        0  rtx_lib.o(.bss.os.thread.cb)
    os_timer_thread_cb                       0x20007214   Data          68  rtx_lib.o(.bss.os.thread.cb)
    os_idle_thread_stack                     0x20007258   Data         512  rtx_lib.o(.bss.os.thread.idle.stack)
    [Anonymous Symbol]                       0x20007258   Section        0  rtx_lib.o(.bss.os.thread.idle.stack)
    os_timer_thread_stack                    0x20007458   Data         512  rtx_lib.o(.bss.os.thread.timer.stack)
    [Anonymous Symbol]                       0x20007458   Section        0  rtx_lib.o(.bss.os.thread.timer.stack)
    os_kernel_is_active.os_kernel_active     0x20007658   Data           1  rtx_lib.o(.bss.os_kernel_is_active.os_kernel_active)
    [Anonymous Symbol]                       0x20007658   Section        0  rtx_lib.o(.bss.os_kernel_is_active.os_kernel_active)
    Heap_Mem                                 0x20007660   Data           0  startup_mkl25z4.o(HEAP)
    Stack_Mem                                0x20007660   Data         256  startup_mkl25z4.o(STACK)
    HEAP                                     0x20007660   Section        0  startup_mkl25z4.o(HEAP)
    STACK                                    0x20007660   Section      256  startup_mkl25z4.o(STACK)
    __initial_sp                             0x20007760   Data           0  startup_mkl25z4.o(STACK)

    Global Symbols

    Symbol Name                              Value     Ov Type        Size  Object(Section)

    BuildAttributes$$THM_ISAv3M$S$PE$A:L22$X:L11$S22$IEEE1$IW$~IW$USESV6$~STKCKD$USESV7$~SHL$OSPACE$ROPI$EBA8$UX$STANDARDLIB$REQ8$PRES8$EABIv2 0x00000000   Number         0  anon$$obj.o ABSOLUTE
    __Vectors                                0x00000000   Data           4  startup_mkl25z4.o(RESET)
    .bss.os.evflags.cb$$Base                  - Undefined Weak Reference
    .bss.os.evflags.cb$$Limit                 - Undefined Weak Reference
    .bss.os.mempool.cb$$Base                  - Undefined Weak Reference
    .bss.os.mempool.cb$$Limit                 - Undefined Weak Reference
    .bss.os.mutex.cb$$Base                    - Undefined Weak Reference
    .bss.os.mutex.cb$$Limit                   - Undefined Weak Reference
    .bss.os.semaphore.cb$$Base                - Undefined Weak Reference
    .bss.os.semaphore.cb$$Limit               - Undefined Weak Reference
    .bss.os.timer.cb$$Base                    - Undefined Weak Reference
    .bss.os.timer.cb$$Limit                   - Undefined Weak Reference
    __ARM_exceptions_init                     - Undefined Weak Reference
    __alloca_initialize                       - Undefined Weak Reference
    __arm_preinit_                            - Undefined Weak Reference
    __arm_relocate_pie_                       - Undefined Weak Reference
    __cpp_initialize__aeabi_                  - Undefined Weak Reference
    __cxa_finalize                            - Undefined Weak Reference
    __rt_locale                               - Undefined Weak Reference
    __sigvec_lookup                           - Undefined Weak Reference
    _atexit_init                              - Undefined Weak Reference
    _call_atexit_fns                          - Undefined Weak Reference
    _clock_init                               - Undefined Weak Reference
    _fp_trap_init                             - Undefined Weak Reference
    _fp_trap_shutdown                         - Undefined Weak Reference
    _get_lc_collate                           - Undefined Weak Reference
    _get_lc_ctype                             - Undefined Weak Reference
    _get_lc_monetary                          - Undefined Weak Reference
    _get_lc_numeric                           - Undefined Weak Reference
    _get_lc_time                              - Undefined Weak Reference
    _getenv_init                              - Undefined Weak Reference
    _handle_redirection                       - Undefined Weak Reference
    _init_alloc                               - Undefined Weak Reference
    _init_user_alloc                          - Undefined Weak Reference
    _initio                                   - Undefined Weak Reference
    _rand_init                                - Undefined Weak Reference
    _signal_finish                            - Undefined Weak Reference
    _signal_init                              - Undefined Weak Reference
    _terminate_alloc                          - Undefined Weak Reference
    _terminate_user_alloc                     - Undefined Weak Reference
    _terminateio                              - Undefined Weak Reference
    __Vectors_End                            0x000000c0   Data           0  startup_mkl25z4.o(RESET)
    __Vectors_Size                           0x000000c0   Number         0  startup_mkl25z4.o ABSOLUTE
    __main                                   0x000000c1   Thumb Code     8  __main.o(!!!main)
    __scatterload                            0x000000c9   Thumb Code     0  __scatter.o(!!!scatter)
    __scatterload_rt2                        0x000000c9   Thumb Code    74  __scatter.o(!!!scatter)
    __scatterload_rt2_thumb_only             0x000000c9   Thumb Code     0  __scatter.o(!!!scatter)
    __scatterload_loop                       0x000000d3   Thumb Code     0  __scatter.o(!!!scatter)
    __scatterload_copy                       0x0000011d   Thumb Code    26  __scatter_copy.o(!!handler_copy)
    __scatterload_null                       0x00000139   Thumb Code     2  __scatter.o(!!handler_null)
    __scatterload_zeroinit                   0x0000013d   Thumb Code    28  __scatter_zi.o(!!handler_zi)
    __rt_lib_init                            0x00000159   Thumb Code     0  libinit.o(.ARM.Collect$$libinit$$00000000)
    __rt_lib_init_alloca_1                   0x0000015b   Thumb Code     0  libinit2.o(.ARM.Collect$$libinit$$00000030)
    __rt_lib_init_argv_1                     0x0000015b   Thumb Code     0  libinit2.o(.ARM.Collect$$libinit$$0000002E)
    __rt_lib_init_atexit_1                   0x0000015b   Thumb Code     0  libinit2.o(.ARM.Collect$$libinit$$0000001D)
    __rt_lib_init_clock_1                    0x0000015b   Thumb Code     0  libinit2.o(.ARM.Collect$$libinit$$00000023)
    __rt_lib_init_cpp_1                      0x0000015b   Thumb Code     0  libinit2.o(.ARM.Collect$$libinit$$00000034)
    __rt_lib_init_exceptions_1               0x0000015b   Thumb Code     0  libinit2.o(.ARM.Collect$$libinit$$00000032)
    __rt_lib_init_fp_1                       0x0000015b   Thumb Code     0  libinit2.o(.ARM.Collect$$libinit$$00000002)
    __rt_lib_init_fp_trap_1                  0x0000015b   Thumb Code     0  libinit2.o(.ARM.Collect$$libinit$$00000021)
    __rt_lib_init_getenv_1                   0x0000015b   Thumb Code     0  libinit2.o(.ARM.Collect$$libinit$$00000025)
    __rt_lib_init_heap_1                     0x0000015b   Thumb Code     0  libinit2.o(.ARM.Collect$$libinit$$0000000C)
    __rt_lib_init_lc_collate_1               0x0000015b   Thumb Code     0  libinit2.o(.ARM.Collect$$libinit$$00000013)
    __rt_lib_init_lc_ctype_1                 0x0000015b   Thumb Code     0  libinit2.o(.ARM.Collect$$libinit$$00000015)
    __rt_lib_init_lc_monetary_1              0x0000015b   Thumb Code     0  libinit2.o(.ARM.Collect$$libinit$$00000017)
    __rt_lib_init_lc_numeric_1               0x0000015b   Thumb Code     0  libinit2.o(.ARM.Collect$$libinit$$00000019)
    __rt_lib_init_lc_time_1                  0x0000015b   Thumb Code     0  libinit2.o(.ARM.Collect$$libinit$$0000001B)
    __rt_lib_init_preinit_1                  0x0000015b   Thumb Code     0  libinit2.o(.ARM.Collect$$libinit$$00000006)
    __rt_lib_init_rand_1                     0x0000015b   Thumb Code     0  libinit2.o(.ARM.Collect$$libinit$$00000010)
    __rt_lib_init_relocate_pie_1             0x0000015b   Thumb Code     0  libinit2.o(.ARM.Collect$$libinit$$00000004)
    __rt_lib_init_return                     0x0000015b   Thumb Code     0  libinit2.o(.ARM.Collect$$libinit$$00000035)
    __rt_lib_init_signal_1                   0x0000015b   Thumb Code     0  libinit2.o(.ARM.Collect$$libinit$$0000001F)
    __rt_lib_init_stdio_1                    0x0000015b   Thumb Code     0  libinit2.o(.ARM.Collect$$libinit$$00000027)
    __rt_lib_init_user_alloc_1               0x0000015b   Thumb Code     0  libinit2.o(.ARM.Collect$$libinit$$0000000E)
    __rt_lib_shutdown                        0x0000015d   Thumb Code     0  libshutdown.o(.ARM.Collect$$libshutdown$$00000000)
    __rt_lib_shutdown_cpp_1                  0x0000015f   Thumb Code     0  libshutdown2.o(.ARM.Collect$$libshutdown$$00000002)
    __rt_lib_shutdown_fp_trap_1              0x0000015f   Thumb Code     0  libshutdown2.o(.ARM.Collect$$libshutdown$$00000007)
    __rt_lib_shutdown_heap_1                 0x0000015f   Thumb Code     0  libshutdown2.o(.ARM.Collect$$libshutdown$$0000000F)
    __rt_lib_shutdown_return                 0x0000015f   Thumb Code     0  libshutdown2.o(.ARM.Collect$$libshutdown$$00000010)
    __rt_lib_shutdown_signal_1               0x0000015f   Thumb Code     0  libshutdown2.o(.ARM.Collect$$libshutdown$$0000000A)
    __rt_lib_shutdown_stdio_1                0x0000015f   Thumb Code     0  libshutdown2.o(.ARM.Collect$$libshutdown$$00000004)
    __rt_lib_shutdown_user_alloc_1           0x0000015f   Thumb Code     0  libshutdown2.o(.ARM.Collect$$libshutdown$$0000000C)
    __rt_entry                               0x00000161   Thumb Code     0  __rtentry.o(.ARM.Collect$$rtentry$$00000000)
    __rt_entry_presh_1                       0x00000161   Thumb Code     0  __rtentry2.o(.ARM.Collect$$rtentry$$00000002)
    __rt_entry_sh                            0x00000161   Thumb Code     0  __rtentry4.o(.ARM.Collect$$rtentry$$00000004)
    __rt_entry_postsh_1                      0x00000167   Thumb Code     0  __rtentry2.o(.ARM.Collect$$rtentry$$00000008)
    __rt_entry_li                            0x0000016f   Thumb Code     0  __rtentry2.o(.ARM.Collect$$rtentry$$0000000A)
    __rt_entry_main                          0x00000173   Thumb Code     0  __rtentry2.o(.ARM.Collect$$rtentry$$0000000D)
    __rt_entry_postli_1                      0x00000173   Thumb Code     0  __rtentry2.o(.ARM.Collect$$rtentry$$0000000C)
    __rt_exit                                0x0000017b   Thumb Code     0  rtexit.o(.ARM.Collect$$rtexit$$00000000)
    __rt_exit_ls                             0x0000017d   Thumb Code     0  rtexit2.o(.ARM.Collect$$rtexit$$00000003)
    __rt_exit_prels_1                        0x0000017d   Thumb Code     0  rtexit2.o(.ARM.Collect$$rtexit$$00000002)
    __rt_exit_exit                           0x00000181   Thumb Code     0  rtexit2.o(.ARM.Collect$$rtexit$$00000004)
    __aeabi_memcpy4                          0x00000189   Thumb Code    56  rt_memcpy.o(.emb_text)
    __aeabi_memcpy8                          0x00000189   Thumb Code     0  rt_memcpy.o(.emb_text)
    Reset_Handler                            0x000001c1   Thumb Code    12  startup_mkl25z4.o(.text)
    NMI_Handler                              0x000001cd   Thumb Code     2  startup_mkl25z4.o(.text)
    HardFault_Handler                        0x000001cf   Thumb Code     2  startup_mkl25z4.o(.text)
    ADC0_IRQHandler                          0x000001d7   Thumb Code     0  startup_mkl25z4.o(.text)
    CMP0_IRQHandler                          0x000001d7   Thumb Code     0  startup_mkl25z4.o(.text)
    DAC0_IRQHandler                          0x000001d7   Thumb Code     0  startup_mkl25z4.o(.text)
    DMA0_IRQHandler                          0x000001d7   Thumb Code     0  startup_mkl25z4.o(.text)
    DMA1_IRQHandler                          0x000001d7   Thumb Code     0  startup_mkl25z4.o(.text)
    DMA2_IRQHandler                          0x000001d7   Thumb Code     0  startup_mkl25z4.o(.text)
    DMA3_IRQHandler                          0x000001d7   Thumb Code     0  startup_mkl25z4.o(.text)
    DefaultISR                               0x000001d7   Thumb Code     0  startup_mkl25z4.o(.text)
    FTFA_IRQHandler                          0x000001d7   Thumb Code     0  startup_mkl25z4.o(.text)
    I2C0_IRQHandler                          0x000001d7   Thumb Code     0  startup_mkl25z4.o(.text)
    I2C1_IRQHandler                          0x000001d7   Thumb Code     0  startup_mkl25z4.o(.text)
    LLWU_IRQHandler                          0x000001d7   Thumb Code     0  startup_mkl25z4.o(.text)
    LPTMR0_IRQHandler                        0x000001d7   Thumb Code     0  startup_mkl25z4.o(.text)
    LVD_LVW_IRQHandler                       0x000001d7   Thumb Code     0  startup_mkl25z4.o(.text)
    MCG_IRQHandler                           0x000001d7   Thumb Code     0  startup_mkl25z4.o(.text)
    PIT_IRQHandler                           0x000001d7   Thumb Code     0  startup_mkl25z4.o(.text)
    PORTA_IRQHandler                         0x000001d7   Thumb Code     0  startup_mkl25z4.o(.text)
    PORTD_IRQHandler                         0x000001d7   Thumb Code     0  startup_mkl25z4.o(.text)
    RTC_IRQHandler                           0x000001d7   Thumb Code     0  startup_mkl25z4.o(.text)
    RTC_Seconds_IRQHandler                   0x000001d7   Thumb Code     0  startup_mkl25z4.o(.text)
    Reserved20_IRQHandler                    0x000001d7   Thumb Code     0  startup_mkl25z4.o(.text)
    Reserved39_IRQHandler                    0x000001d7   Thumb Code     0  startup_mkl25z4.o(.text)
    Reserved45_IRQHandler                    0x000001d7   Thumb Code     0  startup_mkl25z4.o(.text)
    SPI0_IRQHandler                          0x000001d7   Thumb Code     0  startup_mkl25z4.o(.text)
    SPI1_IRQHandler                          0x000001d7   Thumb Code     0  startup_mkl25z4.o(.text)
    TPM0_IRQHandler                          0x000001d7   Thumb Code     0  startup_mkl25z4.o(.text)
    TPM1_IRQHandler                          0x000001d7   Thumb Code     0  startup_mkl25z4.o(.text)
    TPM2_IRQHandler                          0x000001d7   Thumb Code     0  startup_mkl25z4.o(.text)
    TSI0_IRQHandler                          0x000001d7   Thumb Code     0  startup_mkl25z4.o(.text)
    UART0_IRQHandler                         0x000001d7   Thumb Code     0  startup_mkl25z4.o(.text)
    UART1_IRQHandler                         0x000001d7   Thumb Code     0  startup_mkl25z4.o(.text)
    UART2_IRQHandler                         0x000001d7   Thumb Code     0  startup_mkl25z4.o(.text)
    USB0_IRQHandler                          0x000001d7   Thumb Code     0  startup_mkl25z4.o(.text)
    __user_initial_stackheap                 0x000001dd   Thumb Code     0  startup_mkl25z4.o(.text)
    SVC_Handler                              0x00000201   Thumb Code   132  irq_armv6m.o(.text)
    PendSV_Handler                           0x00000285   Thumb Code    12  irq_armv6m.o(.text)
    SysTick_Handler                          0x00000291   Thumb Code    12  irq_armv6m.o(.text)
    __aeabi_memcpy                           0x000002a5   Thumb Code   130  rt_memcpy.o(.text)
    __rt_memcpy                              0x000002a5   Thumb Code     0  rt_memcpy.o(.text)
    _memset_w                                0x00000327   Thumb Code    26  rt_memclr.o(.text)
    _memset                                  0x00000341   Thumb Code    30  rt_memclr.o(.text)
    __aeabi_memclr                           0x0000035f   Thumb Code     4  rt_memclr.o(.text)
    __rt_memclr                              0x0000035f   Thumb Code     0  rt_memclr.o(.text)
    __aeabi_memclr4                          0x00000363   Thumb Code     0  rt_memclr.o(.text)
    __aeabi_memclr8                          0x00000363   Thumb Code     0  rt_memclr.o(.text)
    __rt_memclr_w                            0x00000363   Thumb Code     4  rt_memclr.o(.text)
    __use_two_region_memory                  0x00000367   Thumb Code     2  heapauxi.o(.text)
    __rt_heap_escrow$2region                 0x00000369   Thumb Code     2  heapauxi.o(.text)
    __rt_heap_expand$2region                 0x0000036b   Thumb Code     2  heapauxi.o(.text)
    __user_setup_stackheap                   0x0000036d   Thumb Code    62  sys_stackheap_outer.o(.text)
    exit                                     0x000003ab   Thumb Code    16  exit.o(.text)
    __user_libspace                          0x000003bd   Thumb Code     8  libspace.o(.text)
    __user_perproc_libspace                  0x000003bd   Thumb Code     0  libspace.o(.text)
    _sys_exit                                0x000003c5   Thumb Code     8  sys_exit.o(.text)
    __I$use$semihosting                      0x000003d1   Thumb Code     0  use_no_semi.o(.text)
    __use_no_semihosting_swi                 0x000003d1   Thumb Code     2  use_no_semi.o(.text)
    __semihosting_library_function           0x000003d3   Thumb Code     0  indicate_semi.o(.text)
    OS_Tick_AcknowledgeIRQ                   0x000003f1   Thumb Code     8  os_systick.o(.text.OS_Tick_AcknowledgeIRQ)
    osRtxKernelPreInit                       0x000003f9   Thumb Code     2  rtx_kernel.o(.text.osRtxKernelPreInit)
    OS_Tick_GetIRQn                          0x000003fb   Thumb Code     6  os_systick.o(.text.OS_Tick_GetIRQn)
    __aeabi_uidiv                            0x00000411   Thumb Code     0  aeabi_sdiv.o(.text)
    __aeabi_uidivmod                         0x00000411   Thumb Code    20  aeabi_sdiv.o(.text)
    __aeabi_idiv                             0x00000425   Thumb Code     0  aeabi_sdiv.o(.text)
    __aeabi_idivmod                          0x00000425   Thumb Code   338  aeabi_sdiv.o(.text)
    InitGPIO                                 0x0000057d   Thumb Code    76  main.o(.text.InitGPIO)
    InitGPIOAll                              0x000005d9   Thumb Code   128  main.o(.text.InitGPIOAll)
    OS_Tick_Enable                           0x000006fd   Thumb Code    32  os_systick.o(.text.OS_Tick_Enable)
    OS_Tick_Setup                            0x00000721   Thumb Code    60  os_systick.o(.text.OS_Tick_Setup)
    SystemCoreClockUpdate                    0x00000769   Thumb Code   508  system_mkl25z4.o(.text.SystemCoreClockUpdate)
    SystemInit                               0x00000995   Thumb Code     8  system_mkl25z4.o(.text.SystemInit)
    _mutex_acquire                           0x00000a35   Thumb Code    34  rtx_lib.o(.text._mutex_acquire)
    _mutex_free                              0x00000a57   Thumb Code    18  rtx_lib.o(.text._mutex_free)
    _mutex_initialize                        0x00000a69   Thumb Code    52  rtx_lib.o(.text._mutex_initialize)
    _mutex_release                           0x00000a9d   Thumb Code    30  rtx_lib.o(.text._mutex_release)
    _platform_post_stackheap_init            0x00000abb   Thumb Code     8  rtx_lib.o(.text._platform_post_stackheap_init)
    getGPIO                                  0x00000ac5   Thumb Code    80  main.o(.text.getGPIO)
    getMaskPort                              0x00000b29   Thumb Code    92  main.o(.text.getMaskPort)
    initGPIOPort                             0x00000b95   Thumb Code    46  main.o(.text.initGPIOPort)
    led_control                              0x00000bc5   Thumb Code    88  main.o(.text.led_control)
    led_green_thread                         0x00000c25   Thumb Code    40  main.o(.text.led_green_thread)
    led_red_thread                           0x00000c4d   Thumb Code    64  main.o(.text.led_red_thread)
    main                                     0x00000c8d   Thumb Code    64  main.o(.text.main)
    osDelay                                  0x00000cd9   Thumb Code    36  rtx_delay.o(.text.osDelay)
    osKernelGetState                         0x00000d01   Thumb Code    40  rtx_kernel.o(.text.osKernelGetState)
    osKernelInitialize                       0x00000d31   Thumb Code    36  rtx_kernel.o(.text.osKernelInitialize)
    osKernelStart                            0x00000d59   Thumb Code    32  rtx_kernel.o(.text.osKernelStart)
    osMessageQueueGet                        0x00000d7d   Thumb Code   112  rtx_msgqueue.o(.text.osMessageQueueGet)
    osMessageQueuePut                        0x00000df1   Thumb Code   112  rtx_msgqueue.o(.text.osMessageQueuePut)
    osMutexAcquire                           0x00000e65   Thumb Code    36  rtx_mutex.o(.text.osMutexAcquire)
    osMutexDelete                            0x00000e8d   Thumb Code    36  rtx_mutex.o(.text.osMutexDelete)
    osMutexNew                               0x00000eb5   Thumb Code    32  rtx_mutex.o(.text.osMutexNew)
    osMutexRelease                           0x00000ed9   Thumb Code    36  rtx_mutex.o(.text.osMutexRelease)
    osRtxErrorNotify                         0x00000f01   Thumb Code    64  rtx_config.o(.text.osRtxErrorNotify)
    osRtxIdleThread                          0x00000f41   Thumb Code     8  rtx_config.o(.text.osRtxIdleThread)
    osRtxKernelErrorNotify                   0x00000f49   Thumb Code     8  rtx_kernel.o(.text.osRtxKernelErrorNotify)
    osRtxMemoryAlloc                         0x00000f51   Thumb Code   120  rtx_memory.o(.text.osRtxMemoryAlloc)
    osRtxMemoryFree                          0x00000fc9   Thumb Code    78  rtx_memory.o(.text.osRtxMemoryFree)
    osRtxMemoryInit                          0x00001017   Thumb Code    46  rtx_memory.o(.text.osRtxMemoryInit)
    osRtxMemoryPoolAlloc                     0x00001045   Thumb Code    42  rtx_mempool.o(.text.osRtxMemoryPoolAlloc)
    osRtxMemoryPoolFree                      0x0000106f   Thumb Code    54  rtx_mempool.o(.text.osRtxMemoryPoolFree)
    osRtxMemoryPoolInit                      0x000010a5   Thumb Code    60  rtx_mempool.o(.text.osRtxMemoryPoolInit)
    osRtxMessageQueueTimerSetup              0x0000119d   Thumb Code    32  rtx_msgqueue.o(.text.osRtxMessageQueueTimerSetup)
    osRtxMutexOwnerRelease                   0x000011c1   Thumb Code    68  rtx_mutex.o(.text.osRtxMutexOwnerRelease)
    osRtxMutexOwnerRestore                   0x00001205   Thumb Code    70  rtx_mutex.o(.text.osRtxMutexOwnerRestore)
    osRtxPendSV_Handler                      0x0000124d   Thumb Code   128  rtx_system.o(.text.osRtxPendSV_Handler)
    osRtxPostProcess                         0x000012cd   Thumb Code   104  rtx_system.o(.text.osRtxPostProcess)
    osRtxThreadDelayTick                     0x0000143d   Thumb Code    84  rtx_thread.o(.text.osRtxThreadDelayTick)
    osRtxThreadDispatch                      0x000014b9   Thumb Code    76  rtx_thread.o(.text.osRtxThreadDispatch)
    osRtxThreadListGet                       0x00001579   Thumb Code    20  rtx_thread.o(.text.osRtxThreadListGet)
    osRtxThreadListPut                       0x0000158d   Thumb Code    44  rtx_thread.o(.text.osRtxThreadListPut)
    osRtxThreadListRemove                    0x000015b9   Thumb Code    24  rtx_thread.o(.text.osRtxThreadListRemove)
    osRtxThreadListSort                      0x000015d1   Thumb Code    36  rtx_thread.o(.text.osRtxThreadListSort)
    osRtxThreadReadyPut                      0x0000161d   Thumb Code    20  rtx_thread.o(.text.osRtxThreadReadyPut)
    osRtxThreadRegPtr                        0x00001631   Thumb Code     6  rtx_thread.o(.text.osRtxThreadRegPtr)
    osRtxThreadStartup                       0x00001639   Thumb Code    56  rtx_thread.o(.text.osRtxThreadStartup)
    osRtxThreadSwitch                        0x00001675   Thumb Code    12  rtx_thread.o(.text.osRtxThreadSwitch)
    osRtxThreadWaitEnter                     0x00001685   Thumb Code    60  rtx_thread.o(.text.osRtxThreadWaitEnter)
    osRtxThreadWaitExit                      0x000016c5   Thumb Code    34  rtx_thread.o(.text.osRtxThreadWaitExit)
    osRtxTick_Handler                        0x000016e9   Thumb Code   124  rtx_system.o(.text.osRtxTick_Handler)
    osRtxTimerSetup                          0x00001769   Thumb Code    28  rtx_timer.o(.text.osRtxTimerSetup)
    osRtxTimerThread                         0x0000178d   Thumb Code    28  rtx_timer.o(.text.osRtxTimerThread)
    osThreadExit                             0x0000181d   Thumb Code     8  rtx_thread.o(.text.osThreadExit)
    osThreadNew                              0x00001829   Thumb Code    32  rtx_thread.o(.text.osThreadNew)
    setPin                                   0x00001879   Thumb Code    76  main.o(.text.setPin)
    turnOffRGB                               0x000022a5   Thumb Code    16  main.o(.text.turnOffRGB)
    osRtxConfig                              0x000022bc   Data         112  rtx_lib.o(.rodata)
    os_cb_sections                           0x0000232c   Data          56  rtx_lib.o(.rodata)
    osRtxUserSVC                             0x00002364   Data           4  rtx_lib.o(.rodata.osRtxUserSVC)
    Region$$Table$$Base                      0x000023d4   Number         0  anon$$obj.o(Region$$Table)
    Region$$Table$$Limit                     0x000023f4   Number         0  anon$$obj.o(Region$$Table)
    SystemCoreClock                          0x1ffff000   Data           4  system_mkl25z4.o(.data.SystemCoreClock)
    osRtxInfo                                0x1ffff004   Data         164  rtx_kernel.o(.data.os)
    __libspace_start                         0x1ffff0a8   Data          96  libspace.o(.bss)
    __temporary_stack_top$libspace           0x1ffff108   Data           0  libspace.o(.bss)
    .bss.os.msgqueue.cb$$Base                0x2000714c   Number         0  rtx_lib.o(.bss.os.msgqueue.cb)
    .bss.os.msgqueue.cb$$Limit               0x20007180   Number         0  rtx_lib.o(.bss.os.msgqueue.cb)
    .bss.os.thread.cb$$Base                  0x200071d0   Number         0  rtx_lib.o(.bss.os.thread.cb)
    .bss.os.thread.cb$$Limit                 0x20007258   Number         0  rtx_lib.o(.bss.os.thread.cb)



==============================================================================

Memory Map of the image

  Image Entry point : 0x000001c1

  Load Region LR_1 (Base: 0x00000000, Size: 0x0000249c, Max: 0xffffffff, ABSOLUTE)

    Execution Region ER_RO (Exec base: 0x00000000, Load base: 0x00000000, Size: 0x000023f4, Max: 0xffffffff, ABSOLUTE)

    Exec Addr    Load Addr    Size         Type   Attr      Idx    E Section Name        Object

    0x00000000   0x00000000   0x000000c0   Data   RO           83    RESET               startup_mkl25z4.o
    0x000000c0   0x000000c0   0x00000008   Code   RO          587  * !!!main             c_p.l(__main.o)
    0x000000c8   0x000000c8   0x00000054   Code   RO          762    !!!scatter          c_p.l(__scatter.o)
    0x0000011c   0x0000011c   0x0000001a   Code   RO          766    !!handler_copy      c_p.l(__scatter_copy.o)
    0x00000136   0x00000136   0x00000002   PAD
    0x00000138   0x00000138   0x00000002   Code   RO          763    !!handler_null      c_p.l(__scatter.o)
    0x0000013a   0x0000013a   0x00000002   PAD
    0x0000013c   0x0000013c   0x0000001c   Code   RO          768    !!handler_zi        c_p.l(__scatter_zi.o)
    0x00000158   0x00000158   0x00000002   Code   RO          623    .ARM.Collect$$libinit$$00000000  c_p.l(libinit.o)
    0x0000015a   0x0000015a   0x00000000   Code   RO          637    .ARM.Collect$$libinit$$00000002  c_p.l(libinit2.o)
    0x0000015a   0x0000015a   0x00000000   Code   RO          639    .ARM.Collect$$libinit$$00000004  c_p.l(libinit2.o)
    0x0000015a   0x0000015a   0x00000000   Code   RO          641    .ARM.Collect$$libinit$$00000006  c_p.l(libinit2.o)
    0x0000015a   0x0000015a   0x00000000   Code   RO          644    .ARM.Collect$$libinit$$0000000C  c_p.l(libinit2.o)
    0x0000015a   0x0000015a   0x00000000   Code   RO          646    .ARM.Collect$$libinit$$0000000E  c_p.l(libinit2.o)
    0x0000015a   0x0000015a   0x00000000   Code   RO          648    .ARM.Collect$$libinit$$00000010  c_p.l(libinit2.o)
    0x0000015a   0x0000015a   0x00000000   Code   RO          651    .ARM.Collect$$libinit$$00000013  c_p.l(libinit2.o)
    0x0000015a   0x0000015a   0x00000000   Code   RO          653    .ARM.Collect$$libinit$$00000015  c_p.l(libinit2.o)
    0x0000015a   0x0000015a   0x00000000   Code   RO          655    .ARM.Collect$$libinit$$00000017  c_p.l(libinit2.o)
    0x0000015a   0x0000015a   0x00000000   Code   RO          657    .ARM.Collect$$libinit$$00000019  c_p.l(libinit2.o)
    0x0000015a   0x0000015a   0x00000000   Code   RO          659    .ARM.Collect$$libinit$$0000001B  c_p.l(libinit2.o)
    0x0000015a   0x0000015a   0x00000000   Code   RO          661    .ARM.Collect$$libinit$$0000001D  c_p.l(libinit2.o)
    0x0000015a   0x0000015a   0x00000000   Code   RO          663    .ARM.Collect$$libinit$$0000001F  c_p.l(libinit2.o)
    0x0000015a   0x0000015a   0x00000000   Code   RO          665    .ARM.Collect$$libinit$$00000021  c_p.l(libinit2.o)
    0x0000015a   0x0000015a   0x00000000   Code   RO          667    .ARM.Collect$$libinit$$00000023  c_p.l(libinit2.o)
    0x0000015a   0x0000015a   0x00000000   Code   RO          669    .ARM.Collect$$libinit$$00000025  c_p.l(libinit2.o)
    0x0000015a   0x0000015a   0x00000000   Code   RO          671    .ARM.Collect$$libinit$$00000027  c_p.l(libinit2.o)
    0x0000015a   0x0000015a   0x00000000   Code   RO          675    .ARM.Collect$$libinit$$0000002E  c_p.l(libinit2.o)
    0x0000015a   0x0000015a   0x00000000   Code   RO          677    .ARM.Collect$$libinit$$00000030  c_p.l(libinit2.o)
    0x0000015a   0x0000015a   0x00000000   Code   RO          679    .ARM.Collect$$libinit$$00000032  c_p.l(libinit2.o)
    0x0000015a   0x0000015a   0x00000000   Code   RO          681    .ARM.Collect$$libinit$$00000034  c_p.l(libinit2.o)
    0x0000015a   0x0000015a   0x00000002   Code   RO          682    .ARM.Collect$$libinit$$00000035  c_p.l(libinit2.o)
    0x0000015c   0x0000015c   0x00000002   Code   RO          717    .ARM.Collect$$libshutdown$$00000000  c_p.l(libshutdown.o)
    0x0000015e   0x0000015e   0x00000000   Code   RO          745    .ARM.Collect$$libshutdown$$00000002  c_p.l(libshutdown2.o)
    0x0000015e   0x0000015e   0x00000000   Code   RO          747    .ARM.Collect$$libshutdown$$00000004  c_p.l(libshutdown2.o)
    0x0000015e   0x0000015e   0x00000000   Code   RO          750    .ARM.Collect$$libshutdown$$00000007  c_p.l(libshutdown2.o)
    0x0000015e   0x0000015e   0x00000000   Code   RO          753    .ARM.Collect$$libshutdown$$0000000A  c_p.l(libshutdown2.o)
    0x0000015e   0x0000015e   0x00000000   Code   RO          755    .ARM.Collect$$libshutdown$$0000000C  c_p.l(libshutdown2.o)
    0x0000015e   0x0000015e   0x00000000   Code   RO          758    .ARM.Collect$$libshutdown$$0000000F  c_p.l(libshutdown2.o)
    0x0000015e   0x0000015e   0x00000002   Code   RO          759    .ARM.Collect$$libshutdown$$00000010  c_p.l(libshutdown2.o)
    0x00000160   0x00000160   0x00000000   Code   RO          589    .ARM.Collect$$rtentry$$00000000  c_p.l(__rtentry.o)
    0x00000160   0x00000160   0x00000000   Code   RO          595    .ARM.Collect$$rtentry$$00000002  c_p.l(__rtentry2.o)
    0x00000160   0x00000160   0x00000006   Code   RO          607    .ARM.Collect$$rtentry$$00000004  c_p.l(__rtentry4.o)
    0x00000166   0x00000166   0x00000008   Code   RO          596    .ARM.Collect$$rtentry$$00000008  c_p.l(__rtentry2.o)
    0x0000016e   0x0000016e   0x00000004   Code   RO          598    .ARM.Collect$$rtentry$$0000000A  c_p.l(__rtentry2.o)
    0x00000172   0x00000172   0x00000000   Code   RO          600    .ARM.Collect$$rtentry$$0000000C  c_p.l(__rtentry2.o)
    0x00000172   0x00000172   0x00000008   Code   RO          601    .ARM.Collect$$rtentry$$0000000D  c_p.l(__rtentry2.o)
    0x0000017a   0x0000017a   0x00000002   Code   RO          628    .ARM.Collect$$rtexit$$00000000  c_p.l(rtexit.o)
    0x0000017c   0x0000017c   0x00000000   Code   RO          688    .ARM.Collect$$rtexit$$00000002  c_p.l(rtexit2.o)
    0x0000017c   0x0000017c   0x00000004   Code   RO          689    .ARM.Collect$$rtexit$$00000003  c_p.l(rtexit2.o)
    0x00000180   0x00000180   0x00000006   Code   RO          690    .ARM.Collect$$rtexit$$00000004  c_p.l(rtexit2.o)
    0x00000186   0x00000186   0x00000002   PAD
    0x00000188   0x00000188   0x00000038   Code   RO          575    .emb_text           c_p.l(rt_memcpy.o)
    0x000001c0   0x000001c0   0x00000040   Code   RO           85  * .text               startup_mkl25z4.o
    0x00000200   0x00000200   0x000000a4   Code   RO          401    .text               RTX_CM0.lib(irq_armv6m.o)
    0x000002a4   0x000002a4   0x00000082   Code   RO          576    .text               c_p.l(rt_memcpy.o)
    0x00000326   0x00000326   0x00000040   Code   RO          579    .text               c_p.l(rt_memclr.o)
    0x00000366   0x00000366   0x00000006   Code   RO          585    .text               c_p.l(heapauxi.o)
    0x0000036c   0x0000036c   0x0000003e   Code   RO          611    .text               c_p.l(sys_stackheap_outer.o)
    0x000003aa   0x000003aa   0x00000010   Code   RO          614    .text               c_p.l(exit.o)
    0x000003ba   0x000003ba   0x00000002   PAD
    0x000003bc   0x000003bc   0x00000008   Code   RO          624    .text               c_p.l(libspace.o)
    0x000003c4   0x000003c4   0x0000000c   Code   RO          683    .text               c_p.l(sys_exit.o)
    0x000003d0   0x000003d0   0x00000002   Code   RO          706    .text               c_p.l(use_no_semi.o)
    0x000003d2   0x000003d2   0x00000000   Code   RO          708    .text               c_p.l(indicate_semi.o)
    0x000003d2   0x000003d2   0x0000001e   Code   RO          509    .text.MessageQueueRemove  RTX_CM0.lib(rtx_msgqueue.o)
    0x000003f0   0x000003f0   0x00000008   Code   RO          553    .text.OS_Tick_AcknowledgeIRQ  RTX_CM0.lib(os_systick.o)
    0x000003f8   0x000003f8   0x00000002   Code   RO          106    .text.osRtxKernelPreInit  RTX_CM0.lib(rtx_kernel.o)
    0x000003fa   0x000003fa   0x00000006   Code   RO          555    .text.OS_Tick_GetIRQn  RTX_CM0.lib(os_systick.o)
    0x00000400   0x00000400   0x00000010   Code   RO           84    .ARM.__at_0x400     startup_mkl25z4.o
    0x00000410   0x00000410   0x0000016c   Code   RO          581    .text               c_p.l(aeabi_sdiv.o)
    0x0000057c   0x0000057c   0x0000005c   Code   RO           16    .text.InitGPIO      main.o
    0x000005d8   0x000005d8   0x00000084   Code   RO            8    .text.InitGPIOAll   main.o
    0x0000065c   0x0000065c   0x00000042   Code   RO          517    .text.MessageQueueGet  RTX_CM0.lib(rtx_msgqueue.o)
    0x0000069e   0x0000069e   0x0000005e   Code   RO          511    .text.MessageQueuePut  RTX_CM0.lib(rtx_msgqueue.o)
    0x000006fc   0x000006fc   0x00000024   Code   RO          549    .text.OS_Tick_Enable  RTX_CM0.lib(os_systick.o)
    0x00000720   0x00000720   0x00000048   Code   RO          547    .text.OS_Tick_Setup  RTX_CM0.lib(os_systick.o)
    0x00000768   0x00000768   0x0000022c   Code   RO           96    .text.SystemCoreClockUpdate  system_mkl25z4.o
    0x00000994   0x00000994   0x0000000c   Code   RO           94    .text.SystemInit    system_mkl25z4.o
    0x000009a0   0x000009a0   0x0000004a   Code   RO          252    .text.ThreadFlagsCheck  RTX_CM0.lib(rtx_thread.o)
    0x000009ea   0x000009ea   0x00000002   PAD
    0x000009ec   0x000009ec   0x00000048   Code   RO          342    .text.TimerInsert   RTX_CM0.lib(rtx_timer.o)
    0x00000a34   0x00000a34   0x00000022   Code   RO           43    .text._mutex_acquire  rtx_lib.o
    0x00000a56   0x00000a56   0x00000012   Code   RO           47    .text._mutex_free   rtx_lib.o
    0x00000a68   0x00000a68   0x00000034   Code   RO           41    .text._mutex_initialize  rtx_lib.o
    0x00000a9c   0x00000a9c   0x0000001e   Code   RO           45    .text._mutex_release  rtx_lib.o
    0x00000aba   0x00000aba   0x00000008   Code   RO           35    .text._platform_post_stackheap_init  rtx_lib.o
    0x00000ac2   0x00000ac2   0x00000002   PAD
    0x00000ac4   0x00000ac4   0x00000064   Code   RO            2    .text.getGPIO       main.o
    0x00000b28   0x00000b28   0x0000006c   Code   RO            4    .text.getMaskPort   main.o
    0x00000b94   0x00000b94   0x0000002e   Code   RO            6    .text.initGPIOPort  main.o
    0x00000bc2   0x00000bc2   0x00000002   PAD
    0x00000bc4   0x00000bc4   0x00000060   Code   RO           14    .text.led_control   main.o
    0x00000c24   0x00000c24   0x00000028   Code   RO           20    .text.led_green_thread  main.o
    0x00000c4c   0x00000c4c   0x00000040   Code   RO           18    .text.led_red_thread  main.o
    0x00000c8c   0x00000c8c   0x0000004c   Code   RO           22    .text.main          main.o
    0x00000cd8   0x00000cd8   0x00000028   Code   RO          308    .text.osDelay       RTX_CM0.lib(rtx_delay.o)
    0x00000d00   0x00000d00   0x00000030   Code   RO          116    .text.osKernelGetState  RTX_CM0.lib(rtx_kernel.o)
    0x00000d30   0x00000d30   0x00000028   Code   RO          110    .text.osKernelInitialize  RTX_CM0.lib(rtx_kernel.o)
    0x00000d58   0x00000d58   0x00000024   Code   RO          120    .text.osKernelStart  RTX_CM0.lib(rtx_kernel.o)
    0x00000d7c   0x00000d7c   0x00000074   Code   RO          485    .text.osMessageQueueGet  RTX_CM0.lib(rtx_msgqueue.o)
    0x00000df0   0x00000df0   0x00000074   Code   RO          483    .text.osMessageQueuePut  RTX_CM0.lib(rtx_msgqueue.o)
    0x00000e64   0x00000e64   0x00000028   Code   RO          374    .text.osMutexAcquire  RTX_CM0.lib(rtx_mutex.o)
    0x00000e8c   0x00000e8c   0x00000028   Code   RO          380    .text.osMutexDelete  RTX_CM0.lib(rtx_mutex.o)
    0x00000eb4   0x00000eb4   0x00000024   Code   RO          370    .text.osMutexNew    RTX_CM0.lib(rtx_mutex.o)
    0x00000ed8   0x00000ed8   0x00000028   Code   RO          376    .text.osMutexRelease  RTX_CM0.lib(rtx_mutex.o)
    0x00000f00   0x00000f00   0x00000040   Code   RO           73    .text.osRtxErrorNotify  rtx_config.o
    0x00000f40   0x00000f40   0x00000008   Code   RO           71    .text.osRtxIdleThread  rtx_config.o
    0x00000f48   0x00000f48   0x00000008   Code   RO          108    .text.osRtxKernelErrorNotify  RTX_CM0.lib(rtx_kernel.o)
    0x00000f50   0x00000f50   0x00000078   Code   RO          411    .text.osRtxMemoryAlloc  RTX_CM0.lib(rtx_memory.o)
    0x00000fc8   0x00000fc8   0x0000004e   Code   RO          413    .text.osRtxMemoryFree  RTX_CM0.lib(rtx_memory.o)
    0x00001016   0x00001016   0x0000002e   Code   RO          409    .text.osRtxMemoryInit  RTX_CM0.lib(rtx_memory.o)
    0x00001044   0x00001044   0x0000002a   Code   RO          425    .text.osRtxMemoryPoolAlloc  RTX_CM0.lib(rtx_mempool.o)
    0x0000106e   0x0000106e   0x00000036   Code   RO          427    .text.osRtxMemoryPoolFree  RTX_CM0.lib(rtx_mempool.o)
    0x000010a4   0x000010a4   0x0000003c   Code   RO          423    .text.osRtxMemoryPoolInit  RTX_CM0.lib(rtx_mempool.o)
    0x000010e0   0x000010e0   0x000000bc   Code   RO          507    .text.osRtxMessageQueuePostProcess  RTX_CM0.lib(rtx_msgqueue.o)
    0x0000119c   0x0000119c   0x00000024   Code   RO          475    .text.osRtxMessageQueueTimerSetup  RTX_CM0.lib(rtx_msgqueue.o)
    0x000011c0   0x000011c0   0x00000044   Code   RO          366    .text.osRtxMutexOwnerRelease  RTX_CM0.lib(rtx_mutex.o)
    0x00001204   0x00001204   0x00000046   Code   RO          368    .text.osRtxMutexOwnerRestore  RTX_CM0.lib(rtx_mutex.o)
    0x0000124a   0x0000124a   0x00000002   PAD
    0x0000124c   0x0000124c   0x00000080   Code   RO          535    .text.osRtxPendSV_Handler  RTX_CM0.lib(rtx_system.o)
    0x000012cc   0x000012cc   0x0000006c   Code   RO          537    .text.osRtxPostProcess  RTX_CM0.lib(rtx_system.o)
    0x00001338   0x00001338   0x00000034   Code   RO          192    .text.osRtxThreadBlock  RTX_CM0.lib(rtx_thread.o)
    0x0000136c   0x0000136c   0x0000008c   Code   RO          200    .text.osRtxThreadDelayInsert  RTX_CM0.lib(rtx_thread.o)
    0x000013f8   0x000013f8   0x00000044   Code   RO          196    .text.osRtxThreadDelayRemove  RTX_CM0.lib(rtx_thread.o)
    0x0000143c   0x0000143c   0x00000054   Code   RO          184    .text.osRtxThreadDelayTick  RTX_CM0.lib(rtx_thread.o)
    0x00001490   0x00001490   0x00000028   Code   RO          284    .text.osRtxThreadDestroy  RTX_CM0.lib(rtx_thread.o)
    0x000014b8   0x000014b8   0x0000004c   Code   RO          190    .text.osRtxThreadDispatch  RTX_CM0.lib(rtx_thread.o)
    0x00001504   0x00001504   0x00000054   Code   RO          276    .text.osRtxThreadFree  RTX_CM0.lib(rtx_thread.o)
    0x00001558   0x00001558   0x00000020   Code   RO          282    .text.osRtxThreadJoinWakeup  RTX_CM0.lib(rtx_thread.o)
    0x00001578   0x00001578   0x00000014   Code   RO          176    .text.osRtxThreadListGet  RTX_CM0.lib(rtx_thread.o)
    0x0000158c   0x0000158c   0x0000002c   Code   RO          174    .text.osRtxThreadListPut  RTX_CM0.lib(rtx_thread.o)
    0x000015b8   0x000015b8   0x00000018   Code   RO          180    .text.osRtxThreadListRemove  RTX_CM0.lib(rtx_thread.o)
    0x000015d0   0x000015d0   0x00000024   Code   RO          178    .text.osRtxThreadListSort  RTX_CM0.lib(rtx_thread.o)
    0x000015f4   0x000015f4   0x00000026   Code   RO          250    .text.osRtxThreadPostProcess  RTX_CM0.lib(rtx_thread.o)
    0x0000161a   0x0000161a   0x00000002   PAD
    0x0000161c   0x0000161c   0x00000014   Code   RO          182    .text.osRtxThreadReadyPut  RTX_CM0.lib(rtx_thread.o)
    0x00001630   0x00001630   0x00000006   Code   RO          186    .text.osRtxThreadRegPtr  RTX_CM0.lib(rtx_thread.o)
    0x00001636   0x00001636   0x00000002   PAD
    0x00001638   0x00001638   0x0000003c   Code   RO          202    .text.osRtxThreadStartup  RTX_CM0.lib(rtx_thread.o)
    0x00001674   0x00001674   0x00000010   Code   RO          188    .text.osRtxThreadSwitch  RTX_CM0.lib(rtx_thread.o)
    0x00001684   0x00001684   0x00000040   Code   RO          198    .text.osRtxThreadWaitEnter  RTX_CM0.lib(rtx_thread.o)
    0x000016c4   0x000016c4   0x00000022   Code   RO          194    .text.osRtxThreadWaitExit  RTX_CM0.lib(rtx_thread.o)
    0x000016e6   0x000016e6   0x00000002   PAD
    0x000016e8   0x000016e8   0x00000080   Code   RO          533    .text.osRtxTick_Handler  RTX_CM0.lib(rtx_system.o)
    0x00001768   0x00001768   0x00000024   Code   RO          324    .text.osRtxTimerSetup  RTX_CM0.lib(rtx_timer.o)
    0x0000178c   0x0000178c   0x0000001c   Code   RO          328    .text.osRtxTimerThread  RTX_CM0.lib(rtx_timer.o)
    0x000017a8   0x000017a8   0x00000074   Code   RO          326    .text.osRtxTimerTick  RTX_CM0.lib(rtx_timer.o)
    0x0000181c   0x0000181c   0x0000000c   Code   RO          234    .text.osThreadExit  RTX_CM0.lib(rtx_thread.o)
    0x00001828   0x00001828   0x00000024   Code   RO          206    .text.osThreadNew   RTX_CM0.lib(rtx_thread.o)
    0x0000184c   0x0000184c   0x0000002c   Code   RO           39    .text.os_kernel_is_active  rtx_lib.o
    0x00001878   0x00001878   0x0000004c   Code   RO           10    .text.setPin        main.o
    0x000018c4   0x000018c4   0x00000018   Code   RO          312    .text.svcRtxDelay   RTX_CM0.lib(rtx_delay.o)
    0x000018dc   0x000018dc   0x0000000c   Code   RO          118    .text.svcRtxKernelGetState  RTX_CM0.lib(rtx_kernel.o)
    0x000018e8   0x000018e8   0x00000140   Code   RO          148    .text.svcRtxKernelInitialize  RTX_CM0.lib(rtx_kernel.o)
    0x00001a28   0x00001a28   0x00000084   Code   RO          150    .text.svcRtxKernelStart  RTX_CM0.lib(rtx_kernel.o)
    0x00001aac   0x00001aac   0x000000cc   Code   RO          519    .text.svcRtxMessageQueueGet  RTX_CM0.lib(rtx_msgqueue.o)
    0x00001b78   0x00001b78   0x000001c0   Code   RO          477    .text.svcRtxMessageQueueNew  RTX_CM0.lib(rtx_msgqueue.o)
    0x00001d38   0x00001d38   0x000000b0   Code   RO          515    .text.svcRtxMessageQueuePut  RTX_CM0.lib(rtx_msgqueue.o)
    0x00001de8   0x00001de8   0x00000094   Code   RO          386    .text.svcRtxMutexAcquire  RTX_CM0.lib(rtx_mutex.o)
    0x00001e7c   0x00001e7c   0x000000b4   Code   RO          392    .text.svcRtxMutexDelete  RTX_CM0.lib(rtx_mutex.o)
    0x00001f30   0x00001f30   0x00000070   Code   RO          382    .text.svcRtxMutexNew  RTX_CM0.lib(rtx_mutex.o)
    0x00001fa0   0x00001fa0   0x000000bc   Code   RO          388    .text.svcRtxMutexRelease  RTX_CM0.lib(rtx_mutex.o)
    0x0000205c   0x0000205c   0x0000004c   Code   RO          280    .text.svcRtxThreadExit  RTX_CM0.lib(rtx_thread.o)
    0x000020a8   0x000020a8   0x000001fc   Code   RO          204    .text.svcRtxThreadNew  RTX_CM0.lib(rtx_thread.o)
    0x000022a4   0x000022a4   0x00000018   Code   RO           12    .text.turnOffRGB    main.o
    0x000022bc   0x000022bc   0x00000070   Data   RO           53    .rodata             rtx_lib.o
    0x0000232c   0x0000232c   0x00000038   Data   RO           56    .rodata             rtx_lib.o
    0x00002364   0x00002364   0x00000004   Data   RO           55    .rodata.osRtxUserSVC  rtx_lib.o
    0x00002368   0x00002368   0x00000024   Data   RO           50    .rodata.os_idle_thread_attr  rtx_lib.o
    0x0000238c   0x0000238c   0x00000018   Data   RO           52    .rodata.os_timer_mq_attr  rtx_lib.o
    0x000023a4   0x000023a4   0x00000024   Data   RO           51    .rodata.os_timer_thread_attr  rtx_lib.o
    0x000023c8   0x000023c8   0x0000000b   Data   RO          164    .rodata.str1.4      RTX_CM0.lib(rtx_kernel.o)
    0x000023d3   0x000023d3   0x00000001   PAD
    0x000023d4   0x000023d4   0x00000020   Data   RO          761    Region$$Table       anon$$obj.o


    Execution Region ER_RW (Exec base: 0x1ffff000, Load base: 0x000023f4, Size: 0x000000a8, Max: 0xffffffff, ABSOLUTE)

    Exec Addr    Load Addr    Size         Type   Attr      Idx    E Section Name        Object

    0x1ffff000   0x000023f4   0x00000004   Data   RW           98    .data.SystemCoreClock  system_mkl25z4.o
    0x1ffff004   0x000023f8   0x000000a4   Data   RW          165    .data.os            RTX_CM0.lib(rtx_kernel.o)


    Execution Region ER_ZI (Exec base: 0x1ffff0a8, Load base: 0x0000249c, Size: 0x000086b8, Max: 0xffffffff, ABSOLUTE)

    Exec Addr    Load Addr    Size         Type   Attr      Idx    E Section Name        Object

    0x1ffff0a8        -       0x00000060   Zero   RW          625    .bss                c_p.l(libspace.o)
    0x1ffff108        -       0x00008040   Zero   RW           49    .bss.os             rtx_lib.o
    0x20007148        -       0x00000001   Zero   RW          565    .bss.os             RTX_CM0.lib(os_systick.o)
    0x20007149   0x0000249c   0x00000003   PAD
    0x2000714c        -       0x00000034   Zero   RW           61    .bss.os.msgqueue.cb  rtx_lib.o
    0x20007180        -       0x00000050   Zero   RW           62    .bss.os.msgqueue.mem  rtx_lib.o
    0x200071d0        -       0x00000088   Zero   RW           58    .bss.os.thread.cb   rtx_lib.o
    0x20007258        -       0x00000200   Zero   RW           59    .bss.os.thread.idle.stack  rtx_lib.o
    0x20007458        -       0x00000200   Zero   RW           60    .bss.os.thread.timer.stack  rtx_lib.o
    0x20007658        -       0x00000001   Zero   RW           63    .bss.os_kernel_is_active.os_kernel_active  rtx_lib.o
    0x20007659   0x0000249c   0x00000007   PAD
    0x20007660        -       0x00000000   Zero   RW           82    HEAP                startup_mkl25z4.o
    0x20007660        -       0x00000100   Zero   RW           81    STACK               startup_mkl25z4.o


==============================================================================

Image component sizes


      Code (inc. data)   RO Data    RW Data    ZI Data      Debug   Object Name

       854         84          0          0          0       3745   main.o
        72         20          0          0          0        715   rtx_config.o
       186          4        268          0      34125       7153   rtx_lib.o
        80         44        192          0        256        884   startup_mkl25z4.o
       568         52          0          4          0       2563   system_mkl25z4.o

    ----------------------------------------------------------------------
      1764        204        492          4      34388      15060   Object Totals
         0          0         32          0          0          0   (incl. Generated)
         4          0          0          0          7          0   (incl. Padding)

    ----------------------------------------------------------------------

      Code (inc. data)   RO Data    RW Data    ZI Data      Debug   Library Member Name

       164          8          0          0          0        658   irq_armv6m.o
       122         16          0          0          1       2812   os_systick.o
        64          4          0          0          0       2729   rtx_delay.o
       598         48         11        164          0      15793   rtx_kernel.o
       244          0          0          0          0       2665   rtx_memory.o
       156          0          0          0          0      14433   rtx_mempool.o
      1474         40          0          0          0      18183   rtx_msgqueue.o
       922         28          0          0          0       9527   rtx_mutex.o
       364         18          0          0          0       4871   rtx_system.o
      1644         52          0          0          0      31596   rtx_thread.o
       252         12          0          0          0       9965   rtx_timer.o
         8          0          0          0          0         68   __main.o
         0          0          0          0          0          0   __rtentry.o
        20          0          0          0          0          0   __rtentry2.o
         6          0          0          0          0          0   __rtentry4.o
        86         10          0          0          0          0   __scatter.o
        26          0          0          0          0          0   __scatter_copy.o
        28          0          0          0          0          0   __scatter_zi.o
       364          4          0          0          0         92   aeabi_sdiv.o
        16          0          0          0          0         68   exit.o
         6          0          0          0          0        136   heapauxi.o
         0          0          0          0          0          0   indicate_semi.o
         2          0          0          0          0          0   libinit.o
         2          0          0          0          0          0   libinit2.o
         2          0          0          0          0          0   libshutdown.o
         2          0          0          0          0          0   libshutdown2.o
         8          4          0          0         96         68   libspace.o
        64          0          0          0          0        108   rt_memclr.o
       186          0          0          0          0        144   rt_memcpy.o
         2          0          0          0          0          0   rtexit.o
        10          0          0          0          0          0   rtexit2.o
        12          4          0          0          0         60   sys_exit.o
        62          0          0          0          0         80   sys_stackheap_outer.o
         2          0          0          0          0         68   use_no_semi.o

    ----------------------------------------------------------------------
      6936        248         12        164        100     114124   Library Totals
        18          0          1          0          3          0   (incl. Padding)

    ----------------------------------------------------------------------

      Code (inc. data)   RO Data    RW Data    ZI Data      Debug   Library Name

      6004        226         11        164          1     113232   RTX_CM0.lib
       914         22          0          0         96        892   c_p.l

    ----------------------------------------------------------------------
      6936        248         12        164        100     114124   Library Totals

    ----------------------------------------------------------------------

==============================================================================


      Code (inc. data)   RO Data    RW Data    ZI Data      Debug   

      8700        452        504        168      34488     128708   Grand Totals
      8700        452        504        168      34488     128708   ELF Image Totals
      8700        452        504        168          0          0   ROM Totals

==============================================================================

    Total RO  Size (Code + RO Data)                 9204 (   8.99kB)
    Total RW  Size (RW Data + ZI Data)             34656 (  33.84kB)
    Total ROM Size (Code + RO Data + RW Data)       9372 (   9.15kB)

==============================================================================

